<!doctype html public "-//w3c//dtd html 4.0 transitional//en">
<html><head>
<title>Static Call Graph - [.\Objects\F405project.axf]</title></head>
<body><HR>
<H1>Static Call Graph for image .\Objects\F405project.axf</H1><HR>
<BR><P>#&#060CALLGRAPH&#062# ARM Linker, 5060061: Last Updated: Thu Nov 05 01:10:06 2020
<BR><P>
<H3>Maximum Stack Usage =        408 bytes + Unknown(Functions without stacksize, Cycles, Untraceable Function Pointers)</H3><H3>
Call chain for Maximum Stack Depth:</H3>
chassis_task &rArr; Remote_Ctrl &rArr; BaseMove &rArr; __hardfp_cos &rArr; __ieee754_rem_pio2 &rArr; __aeabi_dmul
<P>
<H3>
Functions with no stack information
</H3><UL>
 <LI><a href="#[7f]">__user_initial_stackheap</a>
 <LI><a href="#[187]">CPU_IntDis</a>
 <LI><a href="#[188]">CPU_IntEn</a>
 <LI><a href="#[9f]">CPU_SR_Save</a>
 <LI><a href="#[a1]">CPU_SR_Restore</a>
 <LI><a href="#[189]">CPU_WaitForInt</a>
 <LI><a href="#[18a]">CPU_WaitForExcept</a>
 <LI><a href="#[10a]">CPU_CntLeadZeros</a>
 <LI><a href="#[18b]">CPU_CntTrailZeros</a>
 <LI><a href="#[18c]">CPU_RevBits</a>
 <LI><a href="#[e2]">OSStartHighRdy</a>
 <LI><a href="#[dc]">OSCtxSw</a>
 <LI><a href="#[cb]">OSIntCtxSw</a>
 <LI><a href="#[c]">PendSV_Handler</a>
</UL>
</UL>
<P>
<H3>
Mutually Recursive functions
</H3> <LI><a href="#[20]">ADC_IRQHandler</a>&nbsp;&nbsp;&nbsp;&rArr;&nbsp;&nbsp;&nbsp;<a href="#[20]">ADC_IRQHandler</a><BR>
</UL>
<P>
<H3>
Function Pointers
</H3><UL>
 <LI><a href="#[20]">ADC_IRQHandler</a> from startup_stm32f40_41xxx.o(.text) referenced from startup_stm32f40_41xxx.o(RESET)
 <LI><a href="#[8]">BusFault_Handler</a> from stm32f4xx_it.o(i.BusFault_Handler) referenced from startup_stm32f40_41xxx.o(RESET)
 <LI><a href="#[22]">CAN1_RX0_IRQHandler</a> from rcs_motor_3508.o(i.CAN1_RX0_IRQHandler) referenced from startup_stm32f40_41xxx.o(RESET)
 <LI><a href="#[23]">CAN1_RX1_IRQHandler</a> from startup_stm32f40_41xxx.o(.text) referenced from startup_stm32f40_41xxx.o(RESET)
 <LI><a href="#[24]">CAN1_SCE_IRQHandler</a> from startup_stm32f40_41xxx.o(.text) referenced from startup_stm32f40_41xxx.o(RESET)
 <LI><a href="#[21]">CAN1_TX_IRQHandler</a> from startup_stm32f40_41xxx.o(.text) referenced from startup_stm32f40_41xxx.o(RESET)
 <LI><a href="#[4e]">CAN2_RX0_IRQHandler</a> from rcs_motor_3508.o(i.CAN2_RX0_IRQHandler) referenced from startup_stm32f40_41xxx.o(RESET)
 <LI><a href="#[4f]">CAN2_RX1_IRQHandler</a> from startup_stm32f40_41xxx.o(.text) referenced from startup_stm32f40_41xxx.o(RESET)
 <LI><a href="#[50]">CAN2_SCE_IRQHandler</a> from startup_stm32f40_41xxx.o(.text) referenced from startup_stm32f40_41xxx.o(RESET)
 <LI><a href="#[4d]">CAN2_TX_IRQHandler</a> from startup_stm32f40_41xxx.o(.text) referenced from startup_stm32f40_41xxx.o(RESET)
 <LI><a href="#[5d]">CRYP_IRQHandler</a> from startup_stm32f40_41xxx.o(.text) referenced from startup_stm32f40_41xxx.o(RESET)
 <LI><a href="#[5c]">DCMI_IRQHandler</a> from startup_stm32f40_41xxx.o(.text) referenced from startup_stm32f40_41xxx.o(RESET)
 <LI><a href="#[19]">DMA1_Stream0_IRQHandler</a> from startup_stm32f40_41xxx.o(.text) referenced from startup_stm32f40_41xxx.o(RESET)
 <LI><a href="#[1a]">DMA1_Stream1_IRQHandler</a> from startup_stm32f40_41xxx.o(.text) referenced from startup_stm32f40_41xxx.o(RESET)
 <LI><a href="#[1b]">DMA1_Stream2_IRQHandler</a> from startup_stm32f40_41xxx.o(.text) referenced from startup_stm32f40_41xxx.o(RESET)
 <LI><a href="#[1c]">DMA1_Stream3_IRQHandler</a> from startup_stm32f40_41xxx.o(.text) referenced from startup_stm32f40_41xxx.o(RESET)
 <LI><a href="#[1d]">DMA1_Stream4_IRQHandler</a> from startup_stm32f40_41xxx.o(.text) referenced from startup_stm32f40_41xxx.o(RESET)
 <LI><a href="#[1e]">DMA1_Stream5_IRQHandler</a> from rcs_remote.o(i.DMA1_Stream5_IRQHandler) referenced from startup_stm32f40_41xxx.o(RESET)
 <LI><a href="#[1f]">DMA1_Stream6_IRQHandler</a> from startup_stm32f40_41xxx.o(.text) referenced from startup_stm32f40_41xxx.o(RESET)
 <LI><a href="#[3d]">DMA1_Stream7_IRQHandler</a> from startup_stm32f40_41xxx.o(.text) referenced from startup_stm32f40_41xxx.o(RESET)
 <LI><a href="#[46]">DMA2_Stream0_IRQHandler</a> from startup_stm32f40_41xxx.o(.text) referenced from startup_stm32f40_41xxx.o(RESET)
 <LI><a href="#[47]">DMA2_Stream1_IRQHandler</a> from startup_stm32f40_41xxx.o(.text) referenced from startup_stm32f40_41xxx.o(RESET)
 <LI><a href="#[48]">DMA2_Stream2_IRQHandler</a> from startup_stm32f40_41xxx.o(.text) referenced from startup_stm32f40_41xxx.o(RESET)
 <LI><a href="#[49]">DMA2_Stream3_IRQHandler</a> from startup_stm32f40_41xxx.o(.text) referenced from startup_stm32f40_41xxx.o(RESET)
 <LI><a href="#[4a]">DMA2_Stream4_IRQHandler</a> from startup_stm32f40_41xxx.o(.text) referenced from startup_stm32f40_41xxx.o(RESET)
 <LI><a href="#[52]">DMA2_Stream5_IRQHandler</a> from startup_stm32f40_41xxx.o(.text) referenced from startup_stm32f40_41xxx.o(RESET)
 <LI><a href="#[53]">DMA2_Stream6_IRQHandler</a> from startup_stm32f40_41xxx.o(.text) referenced from startup_stm32f40_41xxx.o(RESET)
 <LI><a href="#[54]">DMA2_Stream7_IRQHandler</a> from startup_stm32f40_41xxx.o(.text) referenced from startup_stm32f40_41xxx.o(RESET)
 <LI><a href="#[b]">DebugMon_Handler</a> from stm32f4xx_it.o(i.DebugMon_Handler) referenced from startup_stm32f40_41xxx.o(RESET)
 <LI><a href="#[4b]">ETH_IRQHandler</a> from startup_stm32f40_41xxx.o(.text) referenced from startup_stm32f40_41xxx.o(RESET)
 <LI><a href="#[4c]">ETH_WKUP_IRQHandler</a> from startup_stm32f40_41xxx.o(.text) referenced from startup_stm32f40_41xxx.o(RESET)
 <LI><a href="#[14]">EXTI0_IRQHandler</a> from startup_stm32f40_41xxx.o(.text) referenced from startup_stm32f40_41xxx.o(RESET)
 <LI><a href="#[36]">EXTI15_10_IRQHandler</a> from startup_stm32f40_41xxx.o(.text) referenced from startup_stm32f40_41xxx.o(RESET)
 <LI><a href="#[15]">EXTI1_IRQHandler</a> from startup_stm32f40_41xxx.o(.text) referenced from startup_stm32f40_41xxx.o(RESET)
 <LI><a href="#[16]">EXTI2_IRQHandler</a> from startup_stm32f40_41xxx.o(.text) referenced from startup_stm32f40_41xxx.o(RESET)
 <LI><a href="#[17]">EXTI3_IRQHandler</a> from startup_stm32f40_41xxx.o(.text) referenced from startup_stm32f40_41xxx.o(RESET)
 <LI><a href="#[18]">EXTI4_IRQHandler</a> from startup_stm32f40_41xxx.o(.text) referenced from startup_stm32f40_41xxx.o(RESET)
 <LI><a href="#[25]">EXTI9_5_IRQHandler</a> from startup_stm32f40_41xxx.o(.text) referenced from startup_stm32f40_41xxx.o(RESET)
 <LI><a href="#[12]">FLASH_IRQHandler</a> from startup_stm32f40_41xxx.o(.text) referenced from startup_stm32f40_41xxx.o(RESET)
 <LI><a href="#[5f]">FPU_IRQHandler</a> from startup_stm32f40_41xxx.o(.text) referenced from startup_stm32f40_41xxx.o(RESET)
 <LI><a href="#[3e]">FSMC_IRQHandler</a> from startup_stm32f40_41xxx.o(.text) referenced from startup_stm32f40_41xxx.o(RESET)
 <LI><a href="#[5e]">HASH_RNG_IRQHandler</a> from startup_stm32f40_41xxx.o(.text) referenced from startup_stm32f40_41xxx.o(RESET)
 <LI><a href="#[6]">HardFault_Handler</a> from stm32f4xx_it.o(i.HardFault_Handler) referenced from startup_stm32f40_41xxx.o(RESET)
 <LI><a href="#[2e]">I2C1_ER_IRQHandler</a> from startup_stm32f40_41xxx.o(.text) referenced from startup_stm32f40_41xxx.o(RESET)
 <LI><a href="#[2d]">I2C1_EV_IRQHandler</a> from startup_stm32f40_41xxx.o(.text) referenced from startup_stm32f40_41xxx.o(RESET)
 <LI><a href="#[30]">I2C2_ER_IRQHandler</a> from startup_stm32f40_41xxx.o(.text) referenced from startup_stm32f40_41xxx.o(RESET)
 <LI><a href="#[2f]">I2C2_EV_IRQHandler</a> from startup_stm32f40_41xxx.o(.text) referenced from startup_stm32f40_41xxx.o(RESET)
 <LI><a href="#[57]">I2C3_ER_IRQHandler</a> from startup_stm32f40_41xxx.o(.text) referenced from startup_stm32f40_41xxx.o(RESET)
 <LI><a href="#[56]">I2C3_EV_IRQHandler</a> from startup_stm32f40_41xxx.o(.text) referenced from startup_stm32f40_41xxx.o(RESET)
 <LI><a href="#[7]">MemManage_Handler</a> from stm32f4xx_it.o(i.MemManage_Handler) referenced from startup_stm32f40_41xxx.o(RESET)
 <LI><a href="#[5]">NMI_Handler</a> from stm32f4xx_it.o(i.NMI_Handler) referenced from startup_stm32f40_41xxx.o(RESET)
 <LI><a href="#[62]">OSTaskSwHook</a> from os_cpu_c.o(i.OSTaskSwHook) referenced from os_cpu_a.o(CODE)
 <LI><a href="#[64]">OS_IdleTask</a> from os_core.o(i.OS_IdleTask) referenced from os_core.o(i.OS_IdleTaskInit)
 <LI><a href="#[65]">OS_StatTask</a> from os_stat.o(i.OS_StatTask) referenced from os_stat.o(i.OS_StatTaskInit)
 <LI><a href="#[63]">OS_TaskReturn</a> from os_task.o(i.OS_TaskReturn) referenced from os_cpu_c.o(i.OSTaskStkInit)
 <LI><a href="#[66]">OS_TickTask</a> from os_tick.o(i.OS_TickTask) referenced from os_tick.o(i.OS_TickTaskInit)
 <LI><a href="#[67]">OS_TmrTask</a> from os_tmr.o(i.OS_TmrTask) referenced from os_tmr.o(i.OS_TmrInit)
 <LI><a href="#[51]">OTG_FS_IRQHandler</a> from startup_stm32f40_41xxx.o(.text) referenced from startup_stm32f40_41xxx.o(RESET)
 <LI><a href="#[38]">OTG_FS_WKUP_IRQHandler</a> from startup_stm32f40_41xxx.o(.text) referenced from startup_stm32f40_41xxx.o(RESET)
 <LI><a href="#[59]">OTG_HS_EP1_IN_IRQHandler</a> from startup_stm32f40_41xxx.o(.text) referenced from startup_stm32f40_41xxx.o(RESET)
 <LI><a href="#[58]">OTG_HS_EP1_OUT_IRQHandler</a> from startup_stm32f40_41xxx.o(.text) referenced from startup_stm32f40_41xxx.o(RESET)
 <LI><a href="#[5b]">OTG_HS_IRQHandler</a> from startup_stm32f40_41xxx.o(.text) referenced from startup_stm32f40_41xxx.o(RESET)
 <LI><a href="#[5a]">OTG_HS_WKUP_IRQHandler</a> from startup_stm32f40_41xxx.o(.text) referenced from startup_stm32f40_41xxx.o(RESET)
 <LI><a href="#[f]">PVD_IRQHandler</a> from startup_stm32f40_41xxx.o(.text) referenced from startup_stm32f40_41xxx.o(RESET)
 <LI><a href="#[c]">PendSV_Handler</a> from os_cpu_a.o(CODE) referenced from startup_stm32f40_41xxx.o(RESET)
 <LI><a href="#[13]">RCC_IRQHandler</a> from startup_stm32f40_41xxx.o(.text) referenced from startup_stm32f40_41xxx.o(RESET)
 <LI><a href="#[37]">RTC_Alarm_IRQHandler</a> from startup_stm32f40_41xxx.o(.text) referenced from startup_stm32f40_41xxx.o(RESET)
 <LI><a href="#[11]">RTC_WKUP_IRQHandler</a> from startup_stm32f40_41xxx.o(.text) referenced from startup_stm32f40_41xxx.o(RESET)
 <LI><a href="#[4]">Reset_Handler</a> from startup_stm32f40_41xxx.o(.text) referenced from startup_stm32f40_41xxx.o(RESET)
 <LI><a href="#[3f]">SDIO_IRQHandler</a> from startup_stm32f40_41xxx.o(.text) referenced from startup_stm32f40_41xxx.o(RESET)
 <LI><a href="#[31]">SPI1_IRQHandler</a> from startup_stm32f40_41xxx.o(.text) referenced from startup_stm32f40_41xxx.o(RESET)
 <LI><a href="#[32]">SPI2_IRQHandler</a> from startup_stm32f40_41xxx.o(.text) referenced from startup_stm32f40_41xxx.o(RESET)
 <LI><a href="#[41]">SPI3_IRQHandler</a> from startup_stm32f40_41xxx.o(.text) referenced from startup_stm32f40_41xxx.o(RESET)
 <LI><a href="#[a]">SVC_Handler</a> from stm32f4xx_it.o(i.SVC_Handler) referenced from startup_stm32f40_41xxx.o(RESET)
 <LI><a href="#[d]">SysTick_Handler</a> from delay.o(i.SysTick_Handler) referenced from startup_stm32f40_41xxx.o(RESET)
 <LI><a href="#[60]">SystemInit</a> from system_stm32f4xx.o(i.SystemInit) referenced from startup_stm32f40_41xxx.o(.text)
 <LI><a href="#[10]">TAMP_STAMP_IRQHandler</a> from startup_stm32f40_41xxx.o(.text) referenced from startup_stm32f40_41xxx.o(RESET)
 <LI><a href="#[26]">TIM1_BRK_TIM9_IRQHandler</a> from startup_stm32f40_41xxx.o(.text) referenced from startup_stm32f40_41xxx.o(RESET)
 <LI><a href="#[29]">TIM1_CC_IRQHandler</a> from startup_stm32f40_41xxx.o(.text) referenced from startup_stm32f40_41xxx.o(RESET)
 <LI><a href="#[28]">TIM1_TRG_COM_TIM11_IRQHandler</a> from startup_stm32f40_41xxx.o(.text) referenced from startup_stm32f40_41xxx.o(RESET)
 <LI><a href="#[27]">TIM1_UP_TIM10_IRQHandler</a> from startup_stm32f40_41xxx.o(.text) referenced from startup_stm32f40_41xxx.o(RESET)
 <LI><a href="#[2a]">TIM2_IRQHandler</a> from rcs_timer.o(i.TIM2_IRQHandler) referenced from startup_stm32f40_41xxx.o(RESET)
 <LI><a href="#[2b]">TIM3_IRQHandler</a> from rcs_timer.o(i.TIM3_IRQHandler) referenced from startup_stm32f40_41xxx.o(RESET)
 <LI><a href="#[2c]">TIM4_IRQHandler</a> from rcs_timer.o(i.TIM4_IRQHandler) referenced from startup_stm32f40_41xxx.o(RESET)
 <LI><a href="#[40]">TIM5_IRQHandler</a> from startup_stm32f40_41xxx.o(.text) referenced from startup_stm32f40_41xxx.o(RESET)
 <LI><a href="#[44]">TIM6_DAC_IRQHandler</a> from startup_stm32f40_41xxx.o(.text) referenced from startup_stm32f40_41xxx.o(RESET)
 <LI><a href="#[45]">TIM7_IRQHandler</a> from startup_stm32f40_41xxx.o(.text) referenced from startup_stm32f40_41xxx.o(RESET)
 <LI><a href="#[39]">TIM8_BRK_TIM12_IRQHandler</a> from startup_stm32f40_41xxx.o(.text) referenced from startup_stm32f40_41xxx.o(RESET)
 <LI><a href="#[3c]">TIM8_CC_IRQHandler</a> from startup_stm32f40_41xxx.o(.text) referenced from startup_stm32f40_41xxx.o(RESET)
 <LI><a href="#[3b]">TIM8_TRG_COM_TIM14_IRQHandler</a> from startup_stm32f40_41xxx.o(.text) referenced from startup_stm32f40_41xxx.o(RESET)
 <LI><a href="#[3a]">TIM8_UP_TIM13_IRQHandler</a> from startup_stm32f40_41xxx.o(.text) referenced from startup_stm32f40_41xxx.o(RESET)
 <LI><a href="#[42]">UART4_IRQHandler</a> from startup_stm32f40_41xxx.o(.text) referenced from startup_stm32f40_41xxx.o(RESET)
 <LI><a href="#[43]">UART5_IRQHandler</a> from startup_stm32f40_41xxx.o(.text) referenced from startup_stm32f40_41xxx.o(RESET)
 <LI><a href="#[33]">USART1_IRQHandler</a> from usart.o(i.USART1_IRQHandler) referenced from startup_stm32f40_41xxx.o(RESET)
 <LI><a href="#[34]">USART2_IRQHandler</a> from startup_stm32f40_41xxx.o(.text) referenced from startup_stm32f40_41xxx.o(RESET)
 <LI><a href="#[35]">USART3_IRQHandler</a> from startup_stm32f40_41xxx.o(.text) referenced from startup_stm32f40_41xxx.o(RESET)
 <LI><a href="#[55]">USART6_IRQHandler</a> from startup_stm32f40_41xxx.o(.text) referenced from startup_stm32f40_41xxx.o(RESET)
 <LI><a href="#[9]">UsageFault_Handler</a> from stm32f4xx_it.o(i.UsageFault_Handler) referenced from startup_stm32f40_41xxx.o(RESET)
 <LI><a href="#[e]">WWDG_IRQHandler</a> from startup_stm32f40_41xxx.o(.text) referenced from startup_stm32f40_41xxx.o(RESET)
 <LI><a href="#[6a]">__main</a> from __main.o(!!!main) referenced from startup_stm32f40_41xxx.o(.text)
 <LI><a href="#[69]">chassis_task</a> from main.o(i.chassis_task) referenced from main.o(i.start_task)
 <LI><a href="#[68]">start_task</a> from main.o(i.start_task) referenced from main.o(i.main)
</UL>
<P>
<H3>
Global Symbols
</H3>
<P><STRONG><a name="[6a]"></a>__main</STRONG> (Thumb, 8 bytes, Stack size 0 bytes, __main.o(!!!main))
<BR><BR>[Calls]<UL><LI><a href="#[6c]">&gt;&gt;</a>&nbsp;&nbsp;&nbsp;__rt_entry
<LI><a href="#[6b]">&gt;&gt;</a>&nbsp;&nbsp;&nbsp;__scatterload
</UL>

<P><STRONG><a name="[6b]"></a>__scatterload</STRONG> (Thumb, 0 bytes, Stack size unknown bytes, __scatter.o(!!!scatter))
<BR><BR>[Called By]<UL><LI><a href="#[6a]">&gt;&gt;</a>&nbsp;&nbsp;&nbsp;__main
</UL>

<P><STRONG><a name="[6d]"></a>__scatterload_rt2</STRONG> (Thumb, 44 bytes, Stack size unknown bytes, __scatter.o(!!!scatter), UNUSED)
<BR><BR>[Calls]<UL><LI><a href="#[6c]">&gt;&gt;</a>&nbsp;&nbsp;&nbsp;__rt_entry
</UL>

<P><STRONG><a name="[161]"></a>__scatterload_rt2_thumb_only</STRONG> (Thumb, 0 bytes, Stack size unknown bytes, __scatter.o(!!!scatter), UNUSED)

<P><STRONG><a name="[162]"></a>__scatterload_null</STRONG> (Thumb, 0 bytes, Stack size unknown bytes, __scatter.o(!!!scatter), UNUSED)

<P><STRONG><a name="[163]"></a>__decompress</STRONG> (Thumb, 90 bytes, Stack size unknown bytes, __dczerorl2.o(!!dczerorl2), UNUSED)

<P><STRONG><a name="[164]"></a>__decompress1</STRONG> (Thumb, 0 bytes, Stack size unknown bytes, __dczerorl2.o(!!dczerorl2), UNUSED)

<P><STRONG><a name="[165]"></a>__scatterload_zeroinit</STRONG> (Thumb, 28 bytes, Stack size unknown bytes, __scatter_zi.o(!!handler_zi), UNUSED)

<P><STRONG><a name="[73]"></a>__rt_lib_init</STRONG> (Thumb, 0 bytes, Stack size unknown bytes, libinit.o(.ARM.Collect$$libinit$$00000000))
<BR><BR>[Called By]<UL><LI><a href="#[72]">&gt;&gt;</a>&nbsp;&nbsp;&nbsp;__rt_entry_li
</UL>

<P><STRONG><a name="[6e]"></a>__rt_lib_init_fp_1</STRONG> (Thumb, 0 bytes, Stack size unknown bytes, libinit2.o(.ARM.Collect$$libinit$$00000001))
<BR><BR>[Calls]<UL><LI><a href="#[6f]">&gt;&gt;</a>&nbsp;&nbsp;&nbsp;_fp_init
</UL>

<P><STRONG><a name="[166]"></a>__rt_lib_init_alloca_1</STRONG> (Thumb, 0 bytes, Stack size unknown bytes, libinit2.o(.ARM.Collect$$libinit$$0000002E))

<P><STRONG><a name="[167]"></a>__rt_lib_init_argv_1</STRONG> (Thumb, 0 bytes, Stack size unknown bytes, libinit2.o(.ARM.Collect$$libinit$$0000002C))

<P><STRONG><a name="[168]"></a>__rt_lib_init_atexit_1</STRONG> (Thumb, 0 bytes, Stack size unknown bytes, libinit2.o(.ARM.Collect$$libinit$$0000001B))

<P><STRONG><a name="[169]"></a>__rt_lib_init_clock_1</STRONG> (Thumb, 0 bytes, Stack size unknown bytes, libinit2.o(.ARM.Collect$$libinit$$00000021))

<P><STRONG><a name="[16a]"></a>__rt_lib_init_cpp_1</STRONG> (Thumb, 0 bytes, Stack size unknown bytes, libinit2.o(.ARM.Collect$$libinit$$00000032))

<P><STRONG><a name="[16b]"></a>__rt_lib_init_exceptions_1</STRONG> (Thumb, 0 bytes, Stack size unknown bytes, libinit2.o(.ARM.Collect$$libinit$$00000030))

<P><STRONG><a name="[16c]"></a>__rt_lib_init_fp_trap_1</STRONG> (Thumb, 0 bytes, Stack size unknown bytes, libinit2.o(.ARM.Collect$$libinit$$0000001F))

<P><STRONG><a name="[16d]"></a>__rt_lib_init_getenv_1</STRONG> (Thumb, 0 bytes, Stack size unknown bytes, libinit2.o(.ARM.Collect$$libinit$$00000023))

<P><STRONG><a name="[16e]"></a>__rt_lib_init_heap_1</STRONG> (Thumb, 0 bytes, Stack size unknown bytes, libinit2.o(.ARM.Collect$$libinit$$0000000A))

<P><STRONG><a name="[16f]"></a>__rt_lib_init_lc_collate_1</STRONG> (Thumb, 0 bytes, Stack size unknown bytes, libinit2.o(.ARM.Collect$$libinit$$00000011))

<P><STRONG><a name="[170]"></a>__rt_lib_init_lc_ctype_1</STRONG> (Thumb, 0 bytes, Stack size unknown bytes, libinit2.o(.ARM.Collect$$libinit$$00000013))

<P><STRONG><a name="[171]"></a>__rt_lib_init_lc_monetary_1</STRONG> (Thumb, 0 bytes, Stack size unknown bytes, libinit2.o(.ARM.Collect$$libinit$$00000015))

<P><STRONG><a name="[172]"></a>__rt_lib_init_lc_numeric_1</STRONG> (Thumb, 0 bytes, Stack size unknown bytes, libinit2.o(.ARM.Collect$$libinit$$00000017))

<P><STRONG><a name="[173]"></a>__rt_lib_init_lc_time_1</STRONG> (Thumb, 0 bytes, Stack size unknown bytes, libinit2.o(.ARM.Collect$$libinit$$00000019))

<P><STRONG><a name="[174]"></a>__rt_lib_init_preinit_1</STRONG> (Thumb, 0 bytes, Stack size unknown bytes, libinit2.o(.ARM.Collect$$libinit$$00000004))

<P><STRONG><a name="[175]"></a>__rt_lib_init_rand_1</STRONG> (Thumb, 0 bytes, Stack size unknown bytes, libinit2.o(.ARM.Collect$$libinit$$0000000E))

<P><STRONG><a name="[176]"></a>__rt_lib_init_return</STRONG> (Thumb, 0 bytes, Stack size unknown bytes, libinit2.o(.ARM.Collect$$libinit$$00000033))

<P><STRONG><a name="[177]"></a>__rt_lib_init_signal_1</STRONG> (Thumb, 0 bytes, Stack size unknown bytes, libinit2.o(.ARM.Collect$$libinit$$0000001D))

<P><STRONG><a name="[178]"></a>__rt_lib_init_stdio_1</STRONG> (Thumb, 0 bytes, Stack size unknown bytes, libinit2.o(.ARM.Collect$$libinit$$00000025))

<P><STRONG><a name="[179]"></a>__rt_lib_init_user_alloc_1</STRONG> (Thumb, 0 bytes, Stack size unknown bytes, libinit2.o(.ARM.Collect$$libinit$$0000000C))

<P><STRONG><a name="[78]"></a>__rt_lib_shutdown</STRONG> (Thumb, 0 bytes, Stack size unknown bytes, libshutdown.o(.ARM.Collect$$libshutdown$$00000000))
<BR><BR>[Called By]<UL><LI><a href="#[77]">&gt;&gt;</a>&nbsp;&nbsp;&nbsp;__rt_exit_ls
</UL>

<P><STRONG><a name="[17a]"></a>__rt_lib_shutdown_cpp_1</STRONG> (Thumb, 0 bytes, Stack size unknown bytes, libshutdown2.o(.ARM.Collect$$libshutdown$$00000002))

<P><STRONG><a name="[17b]"></a>__rt_lib_shutdown_fp_trap_1</STRONG> (Thumb, 0 bytes, Stack size unknown bytes, libshutdown2.o(.ARM.Collect$$libshutdown$$00000007))

<P><STRONG><a name="[17c]"></a>__rt_lib_shutdown_heap_1</STRONG> (Thumb, 0 bytes, Stack size unknown bytes, libshutdown2.o(.ARM.Collect$$libshutdown$$0000000F))

<P><STRONG><a name="[17d]"></a>__rt_lib_shutdown_return</STRONG> (Thumb, 0 bytes, Stack size unknown bytes, libshutdown2.o(.ARM.Collect$$libshutdown$$00000010))

<P><STRONG><a name="[17e]"></a>__rt_lib_shutdown_signal_1</STRONG> (Thumb, 0 bytes, Stack size unknown bytes, libshutdown2.o(.ARM.Collect$$libshutdown$$0000000A))

<P><STRONG><a name="[17f]"></a>__rt_lib_shutdown_stdio_1</STRONG> (Thumb, 0 bytes, Stack size unknown bytes, libshutdown2.o(.ARM.Collect$$libshutdown$$00000004))

<P><STRONG><a name="[180]"></a>__rt_lib_shutdown_user_alloc_1</STRONG> (Thumb, 0 bytes, Stack size unknown bytes, libshutdown2.o(.ARM.Collect$$libshutdown$$0000000C))

<P><STRONG><a name="[6c]"></a>__rt_entry</STRONG> (Thumb, 0 bytes, Stack size unknown bytes, __rtentry.o(.ARM.Collect$$rtentry$$00000000))
<BR><BR>[Called By]<UL><LI><a href="#[6a]">&gt;&gt;</a>&nbsp;&nbsp;&nbsp;__main
<LI><a href="#[6d]">&gt;&gt;</a>&nbsp;&nbsp;&nbsp;__scatterload_rt2
</UL>

<P><STRONG><a name="[181]"></a>__rt_entry_presh_1</STRONG> (Thumb, 0 bytes, Stack size unknown bytes, __rtentry2.o(.ARM.Collect$$rtentry$$00000002))

<P><STRONG><a name="[70]"></a>__rt_entry_sh</STRONG> (Thumb, 0 bytes, Stack size unknown bytes, __rtentry4.o(.ARM.Collect$$rtentry$$00000004))
<BR><BR>[Stack]<UL><LI>Max Depth = 8 + Unknown Stack Size
<LI>Call Chain = __rt_entry_sh &rArr; __user_setup_stackheap
</UL>
<BR>[Calls]<UL><LI><a href="#[71]">&gt;&gt;</a>&nbsp;&nbsp;&nbsp;__user_setup_stackheap
</UL>

<P><STRONG><a name="[72]"></a>__rt_entry_li</STRONG> (Thumb, 0 bytes, Stack size unknown bytes, __rtentry2.o(.ARM.Collect$$rtentry$$0000000A))
<BR><BR>[Calls]<UL><LI><a href="#[73]">&gt;&gt;</a>&nbsp;&nbsp;&nbsp;__rt_lib_init
</UL>

<P><STRONG><a name="[182]"></a>__rt_entry_postsh_1</STRONG> (Thumb, 0 bytes, Stack size unknown bytes, __rtentry2.o(.ARM.Collect$$rtentry$$00000009))

<P><STRONG><a name="[74]"></a>__rt_entry_main</STRONG> (Thumb, 0 bytes, Stack size unknown bytes, __rtentry2.o(.ARM.Collect$$rtentry$$0000000D))
<BR><BR>[Stack]<UL><LI>Max Depth = 208 + Unknown Stack Size
<LI>Call Chain = __rt_entry_main &rArr; main &rArr; OSInit &rArr; OS_IdleTaskInit &rArr; OSTaskCreate &rArr; OSSched &rArr; OS_PrioGetHighest
</UL>
<BR>[Calls]<UL><LI><a href="#[75]">&gt;&gt;</a>&nbsp;&nbsp;&nbsp;main
<LI><a href="#[76]">&gt;&gt;</a>&nbsp;&nbsp;&nbsp;exit
</UL>

<P><STRONG><a name="[183]"></a>__rt_entry_postli_1</STRONG> (Thumb, 0 bytes, Stack size unknown bytes, __rtentry2.o(.ARM.Collect$$rtentry$$0000000C))

<P><STRONG><a name="[80]"></a>__rt_exit</STRONG> (Thumb, 0 bytes, Stack size unknown bytes, rtexit.o(.ARM.Collect$$rtexit$$00000000))
<BR><BR>[Called By]<UL><LI><a href="#[76]">&gt;&gt;</a>&nbsp;&nbsp;&nbsp;exit
</UL>

<P><STRONG><a name="[77]"></a>__rt_exit_ls</STRONG> (Thumb, 0 bytes, Stack size unknown bytes, rtexit2.o(.ARM.Collect$$rtexit$$00000003))
<BR><BR>[Calls]<UL><LI><a href="#[78]">&gt;&gt;</a>&nbsp;&nbsp;&nbsp;__rt_lib_shutdown
</UL>

<P><STRONG><a name="[184]"></a>__rt_exit_prels_1</STRONG> (Thumb, 0 bytes, Stack size unknown bytes, rtexit2.o(.ARM.Collect$$rtexit$$00000002))

<P><STRONG><a name="[79]"></a>__rt_exit_exit</STRONG> (Thumb, 0 bytes, Stack size unknown bytes, rtexit2.o(.ARM.Collect$$rtexit$$00000004))
<BR><BR>[Calls]<UL><LI><a href="#[7a]">&gt;&gt;</a>&nbsp;&nbsp;&nbsp;_sys_exit
</UL>

<P><STRONG><a name="[185]"></a>WFI_SET</STRONG> (Thumb, 2 bytes, Stack size 0 bytes, sys.o(.emb_text), UNUSED)

<P><STRONG><a name="[151]"></a>INTX_DISABLE</STRONG> (Thumb, 4 bytes, Stack size 0 bytes, sys.o(.emb_text))
<BR><BR>[Called By]<UL><LI><a href="#[75]">&gt;&gt;</a>&nbsp;&nbsp;&nbsp;main
</UL>

<P><STRONG><a name="[152]"></a>INTX_ENABLE</STRONG> (Thumb, 4 bytes, Stack size 0 bytes, sys.o(.emb_text))
<BR><BR>[Called By]<UL><LI><a href="#[75]">&gt;&gt;</a>&nbsp;&nbsp;&nbsp;main
</UL>

<P><STRONG><a name="[186]"></a>MSR_MSP</STRONG> (Thumb, 6 bytes, Stack size 0 bytes, sys.o(.emb_text), UNUSED)

<P><STRONG><a name="[4]"></a>Reset_Handler</STRONG> (Thumb, 8 bytes, Stack size 0 bytes, startup_stm32f40_41xxx.o(.text))
<BR>[Address Reference Count : 1]<UL><LI> startup_stm32f40_41xxx.o(RESET)
</UL>
<P><STRONG><a name="[20]"></a>ADC_IRQHandler</STRONG> (Thumb, 0 bytes, Stack size 0 bytes, startup_stm32f40_41xxx.o(.text))
<BR><BR>[Calls]<UL><LI><a href="#[20]">&gt;&gt;</a>&nbsp;&nbsp;&nbsp;ADC_IRQHandler
</UL>
<BR>[Called By]<UL><LI><a href="#[20]">&gt;&gt;</a>&nbsp;&nbsp;&nbsp;ADC_IRQHandler
</UL>
<BR>[Address Reference Count : 1]<UL><LI> startup_stm32f40_41xxx.o(RESET)
</UL>
<P><STRONG><a name="[23]"></a>CAN1_RX1_IRQHandler</STRONG> (Thumb, 0 bytes, Stack size 0 bytes, startup_stm32f40_41xxx.o(.text))
<BR>[Address Reference Count : 1]<UL><LI> startup_stm32f40_41xxx.o(RESET)
</UL>
<P><STRONG><a name="[24]"></a>CAN1_SCE_IRQHandler</STRONG> (Thumb, 0 bytes, Stack size 0 bytes, startup_stm32f40_41xxx.o(.text))
<BR>[Address Reference Count : 1]<UL><LI> startup_stm32f40_41xxx.o(RESET)
</UL>
<P><STRONG><a name="[21]"></a>CAN1_TX_IRQHandler</STRONG> (Thumb, 0 bytes, Stack size 0 bytes, startup_stm32f40_41xxx.o(.text))
<BR>[Address Reference Count : 1]<UL><LI> startup_stm32f40_41xxx.o(RESET)
</UL>
<P><STRONG><a name="[4f]"></a>CAN2_RX1_IRQHandler</STRONG> (Thumb, 0 bytes, Stack size 0 bytes, startup_stm32f40_41xxx.o(.text))
<BR>[Address Reference Count : 1]<UL><LI> startup_stm32f40_41xxx.o(RESET)
</UL>
<P><STRONG><a name="[50]"></a>CAN2_SCE_IRQHandler</STRONG> (Thumb, 0 bytes, Stack size 0 bytes, startup_stm32f40_41xxx.o(.text))
<BR>[Address Reference Count : 1]<UL><LI> startup_stm32f40_41xxx.o(RESET)
</UL>
<P><STRONG><a name="[4d]"></a>CAN2_TX_IRQHandler</STRONG> (Thumb, 0 bytes, Stack size 0 bytes, startup_stm32f40_41xxx.o(.text))
<BR>[Address Reference Count : 1]<UL><LI> startup_stm32f40_41xxx.o(RESET)
</UL>
<P><STRONG><a name="[5d]"></a>CRYP_IRQHandler</STRONG> (Thumb, 0 bytes, Stack size 0 bytes, startup_stm32f40_41xxx.o(.text))
<BR>[Address Reference Count : 1]<UL><LI> startup_stm32f40_41xxx.o(RESET)
</UL>
<P><STRONG><a name="[5c]"></a>DCMI_IRQHandler</STRONG> (Thumb, 0 bytes, Stack size 0 bytes, startup_stm32f40_41xxx.o(.text))
<BR>[Address Reference Count : 1]<UL><LI> startup_stm32f40_41xxx.o(RESET)
</UL>
<P><STRONG><a name="[19]"></a>DMA1_Stream0_IRQHandler</STRONG> (Thumb, 0 bytes, Stack size 0 bytes, startup_stm32f40_41xxx.o(.text))
<BR>[Address Reference Count : 1]<UL><LI> startup_stm32f40_41xxx.o(RESET)
</UL>
<P><STRONG><a name="[1a]"></a>DMA1_Stream1_IRQHandler</STRONG> (Thumb, 0 bytes, Stack size 0 bytes, startup_stm32f40_41xxx.o(.text))
<BR>[Address Reference Count : 1]<UL><LI> startup_stm32f40_41xxx.o(RESET)
</UL>
<P><STRONG><a name="[1b]"></a>DMA1_Stream2_IRQHandler</STRONG> (Thumb, 0 bytes, Stack size 0 bytes, startup_stm32f40_41xxx.o(.text))
<BR>[Address Reference Count : 1]<UL><LI> startup_stm32f40_41xxx.o(RESET)
</UL>
<P><STRONG><a name="[1c]"></a>DMA1_Stream3_IRQHandler</STRONG> (Thumb, 0 bytes, Stack size 0 bytes, startup_stm32f40_41xxx.o(.text))
<BR>[Address Reference Count : 1]<UL><LI> startup_stm32f40_41xxx.o(RESET)
</UL>
<P><STRONG><a name="[1d]"></a>DMA1_Stream4_IRQHandler</STRONG> (Thumb, 0 bytes, Stack size 0 bytes, startup_stm32f40_41xxx.o(.text))
<BR>[Address Reference Count : 1]<UL><LI> startup_stm32f40_41xxx.o(RESET)
</UL>
<P><STRONG><a name="[1f]"></a>DMA1_Stream6_IRQHandler</STRONG> (Thumb, 0 bytes, Stack size 0 bytes, startup_stm32f40_41xxx.o(.text))
<BR>[Address Reference Count : 1]<UL><LI> startup_stm32f40_41xxx.o(RESET)
</UL>
<P><STRONG><a name="[3d]"></a>DMA1_Stream7_IRQHandler</STRONG> (Thumb, 0 bytes, Stack size 0 bytes, startup_stm32f40_41xxx.o(.text))
<BR>[Address Reference Count : 1]<UL><LI> startup_stm32f40_41xxx.o(RESET)
</UL>
<P><STRONG><a name="[46]"></a>DMA2_Stream0_IRQHandler</STRONG> (Thumb, 0 bytes, Stack size 0 bytes, startup_stm32f40_41xxx.o(.text))
<BR>[Address Reference Count : 1]<UL><LI> startup_stm32f40_41xxx.o(RESET)
</UL>
<P><STRONG><a name="[47]"></a>DMA2_Stream1_IRQHandler</STRONG> (Thumb, 0 bytes, Stack size 0 bytes, startup_stm32f40_41xxx.o(.text))
<BR>[Address Reference Count : 1]<UL><LI> startup_stm32f40_41xxx.o(RESET)
</UL>
<P><STRONG><a name="[48]"></a>DMA2_Stream2_IRQHandler</STRONG> (Thumb, 0 bytes, Stack size 0 bytes, startup_stm32f40_41xxx.o(.text))
<BR>[Address Reference Count : 1]<UL><LI> startup_stm32f40_41xxx.o(RESET)
</UL>
<P><STRONG><a name="[49]"></a>DMA2_Stream3_IRQHandler</STRONG> (Thumb, 0 bytes, Stack size 0 bytes, startup_stm32f40_41xxx.o(.text))
<BR>[Address Reference Count : 1]<UL><LI> startup_stm32f40_41xxx.o(RESET)
</UL>
<P><STRONG><a name="[4a]"></a>DMA2_Stream4_IRQHandler</STRONG> (Thumb, 0 bytes, Stack size 0 bytes, startup_stm32f40_41xxx.o(.text))
<BR>[Address Reference Count : 1]<UL><LI> startup_stm32f40_41xxx.o(RESET)
</UL>
<P><STRONG><a name="[52]"></a>DMA2_Stream5_IRQHandler</STRONG> (Thumb, 0 bytes, Stack size 0 bytes, startup_stm32f40_41xxx.o(.text))
<BR>[Address Reference Count : 1]<UL><LI> startup_stm32f40_41xxx.o(RESET)
</UL>
<P><STRONG><a name="[53]"></a>DMA2_Stream6_IRQHandler</STRONG> (Thumb, 0 bytes, Stack size 0 bytes, startup_stm32f40_41xxx.o(.text))
<BR>[Address Reference Count : 1]<UL><LI> startup_stm32f40_41xxx.o(RESET)
</UL>
<P><STRONG><a name="[54]"></a>DMA2_Stream7_IRQHandler</STRONG> (Thumb, 0 bytes, Stack size 0 bytes, startup_stm32f40_41xxx.o(.text))
<BR>[Address Reference Count : 1]<UL><LI> startup_stm32f40_41xxx.o(RESET)
</UL>
<P><STRONG><a name="[4b]"></a>ETH_IRQHandler</STRONG> (Thumb, 0 bytes, Stack size 0 bytes, startup_stm32f40_41xxx.o(.text))
<BR>[Address Reference Count : 1]<UL><LI> startup_stm32f40_41xxx.o(RESET)
</UL>
<P><STRONG><a name="[4c]"></a>ETH_WKUP_IRQHandler</STRONG> (Thumb, 0 bytes, Stack size 0 bytes, startup_stm32f40_41xxx.o(.text))
<BR>[Address Reference Count : 1]<UL><LI> startup_stm32f40_41xxx.o(RESET)
</UL>
<P><STRONG><a name="[14]"></a>EXTI0_IRQHandler</STRONG> (Thumb, 0 bytes, Stack size 0 bytes, startup_stm32f40_41xxx.o(.text))
<BR>[Address Reference Count : 1]<UL><LI> startup_stm32f40_41xxx.o(RESET)
</UL>
<P><STRONG><a name="[36]"></a>EXTI15_10_IRQHandler</STRONG> (Thumb, 0 bytes, Stack size 0 bytes, startup_stm32f40_41xxx.o(.text))
<BR>[Address Reference Count : 1]<UL><LI> startup_stm32f40_41xxx.o(RESET)
</UL>
<P><STRONG><a name="[15]"></a>EXTI1_IRQHandler</STRONG> (Thumb, 0 bytes, Stack size 0 bytes, startup_stm32f40_41xxx.o(.text))
<BR>[Address Reference Count : 1]<UL><LI> startup_stm32f40_41xxx.o(RESET)
</UL>
<P><STRONG><a name="[16]"></a>EXTI2_IRQHandler</STRONG> (Thumb, 0 bytes, Stack size 0 bytes, startup_stm32f40_41xxx.o(.text))
<BR>[Address Reference Count : 1]<UL><LI> startup_stm32f40_41xxx.o(RESET)
</UL>
<P><STRONG><a name="[17]"></a>EXTI3_IRQHandler</STRONG> (Thumb, 0 bytes, Stack size 0 bytes, startup_stm32f40_41xxx.o(.text))
<BR>[Address Reference Count : 1]<UL><LI> startup_stm32f40_41xxx.o(RESET)
</UL>
<P><STRONG><a name="[18]"></a>EXTI4_IRQHandler</STRONG> (Thumb, 0 bytes, Stack size 0 bytes, startup_stm32f40_41xxx.o(.text))
<BR>[Address Reference Count : 1]<UL><LI> startup_stm32f40_41xxx.o(RESET)
</UL>
<P><STRONG><a name="[25]"></a>EXTI9_5_IRQHandler</STRONG> (Thumb, 0 bytes, Stack size 0 bytes, startup_stm32f40_41xxx.o(.text))
<BR>[Address Reference Count : 1]<UL><LI> startup_stm32f40_41xxx.o(RESET)
</UL>
<P><STRONG><a name="[12]"></a>FLASH_IRQHandler</STRONG> (Thumb, 0 bytes, Stack size 0 bytes, startup_stm32f40_41xxx.o(.text))
<BR>[Address Reference Count : 1]<UL><LI> startup_stm32f40_41xxx.o(RESET)
</UL>
<P><STRONG><a name="[5f]"></a>FPU_IRQHandler</STRONG> (Thumb, 0 bytes, Stack size 0 bytes, startup_stm32f40_41xxx.o(.text))
<BR>[Address Reference Count : 1]<UL><LI> startup_stm32f40_41xxx.o(RESET)
</UL>
<P><STRONG><a name="[3e]"></a>FSMC_IRQHandler</STRONG> (Thumb, 0 bytes, Stack size 0 bytes, startup_stm32f40_41xxx.o(.text))
<BR>[Address Reference Count : 1]<UL><LI> startup_stm32f40_41xxx.o(RESET)
</UL>
<P><STRONG><a name="[5e]"></a>HASH_RNG_IRQHandler</STRONG> (Thumb, 0 bytes, Stack size 0 bytes, startup_stm32f40_41xxx.o(.text))
<BR>[Address Reference Count : 1]<UL><LI> startup_stm32f40_41xxx.o(RESET)
</UL>
<P><STRONG><a name="[2e]"></a>I2C1_ER_IRQHandler</STRONG> (Thumb, 0 bytes, Stack size 0 bytes, startup_stm32f40_41xxx.o(.text))
<BR>[Address Reference Count : 1]<UL><LI> startup_stm32f40_41xxx.o(RESET)
</UL>
<P><STRONG><a name="[2d]"></a>I2C1_EV_IRQHandler</STRONG> (Thumb, 0 bytes, Stack size 0 bytes, startup_stm32f40_41xxx.o(.text))
<BR>[Address Reference Count : 1]<UL><LI> startup_stm32f40_41xxx.o(RESET)
</UL>
<P><STRONG><a name="[30]"></a>I2C2_ER_IRQHandler</STRONG> (Thumb, 0 bytes, Stack size 0 bytes, startup_stm32f40_41xxx.o(.text))
<BR>[Address Reference Count : 1]<UL><LI> startup_stm32f40_41xxx.o(RESET)
</UL>
<P><STRONG><a name="[2f]"></a>I2C2_EV_IRQHandler</STRONG> (Thumb, 0 bytes, Stack size 0 bytes, startup_stm32f40_41xxx.o(.text))
<BR>[Address Reference Count : 1]<UL><LI> startup_stm32f40_41xxx.o(RESET)
</UL>
<P><STRONG><a name="[57]"></a>I2C3_ER_IRQHandler</STRONG> (Thumb, 0 bytes, Stack size 0 bytes, startup_stm32f40_41xxx.o(.text))
<BR>[Address Reference Count : 1]<UL><LI> startup_stm32f40_41xxx.o(RESET)
</UL>
<P><STRONG><a name="[56]"></a>I2C3_EV_IRQHandler</STRONG> (Thumb, 0 bytes, Stack size 0 bytes, startup_stm32f40_41xxx.o(.text))
<BR>[Address Reference Count : 1]<UL><LI> startup_stm32f40_41xxx.o(RESET)
</UL>
<P><STRONG><a name="[51]"></a>OTG_FS_IRQHandler</STRONG> (Thumb, 0 bytes, Stack size 0 bytes, startup_stm32f40_41xxx.o(.text))
<BR>[Address Reference Count : 1]<UL><LI> startup_stm32f40_41xxx.o(RESET)
</UL>
<P><STRONG><a name="[38]"></a>OTG_FS_WKUP_IRQHandler</STRONG> (Thumb, 0 bytes, Stack size 0 bytes, startup_stm32f40_41xxx.o(.text))
<BR>[Address Reference Count : 1]<UL><LI> startup_stm32f40_41xxx.o(RESET)
</UL>
<P><STRONG><a name="[59]"></a>OTG_HS_EP1_IN_IRQHandler</STRONG> (Thumb, 0 bytes, Stack size 0 bytes, startup_stm32f40_41xxx.o(.text))
<BR>[Address Reference Count : 1]<UL><LI> startup_stm32f40_41xxx.o(RESET)
</UL>
<P><STRONG><a name="[58]"></a>OTG_HS_EP1_OUT_IRQHandler</STRONG> (Thumb, 0 bytes, Stack size 0 bytes, startup_stm32f40_41xxx.o(.text))
<BR>[Address Reference Count : 1]<UL><LI> startup_stm32f40_41xxx.o(RESET)
</UL>
<P><STRONG><a name="[5b]"></a>OTG_HS_IRQHandler</STRONG> (Thumb, 0 bytes, Stack size 0 bytes, startup_stm32f40_41xxx.o(.text))
<BR>[Address Reference Count : 1]<UL><LI> startup_stm32f40_41xxx.o(RESET)
</UL>
<P><STRONG><a name="[5a]"></a>OTG_HS_WKUP_IRQHandler</STRONG> (Thumb, 0 bytes, Stack size 0 bytes, startup_stm32f40_41xxx.o(.text))
<BR>[Address Reference Count : 1]<UL><LI> startup_stm32f40_41xxx.o(RESET)
</UL>
<P><STRONG><a name="[f]"></a>PVD_IRQHandler</STRONG> (Thumb, 0 bytes, Stack size 0 bytes, startup_stm32f40_41xxx.o(.text))
<BR>[Address Reference Count : 1]<UL><LI> startup_stm32f40_41xxx.o(RESET)
</UL>
<P><STRONG><a name="[13]"></a>RCC_IRQHandler</STRONG> (Thumb, 0 bytes, Stack size 0 bytes, startup_stm32f40_41xxx.o(.text))
<BR>[Address Reference Count : 1]<UL><LI> startup_stm32f40_41xxx.o(RESET)
</UL>
<P><STRONG><a name="[37]"></a>RTC_Alarm_IRQHandler</STRONG> (Thumb, 0 bytes, Stack size 0 bytes, startup_stm32f40_41xxx.o(.text))
<BR>[Address Reference Count : 1]<UL><LI> startup_stm32f40_41xxx.o(RESET)
</UL>
<P><STRONG><a name="[11]"></a>RTC_WKUP_IRQHandler</STRONG> (Thumb, 0 bytes, Stack size 0 bytes, startup_stm32f40_41xxx.o(.text))
<BR>[Address Reference Count : 1]<UL><LI> startup_stm32f40_41xxx.o(RESET)
</UL>
<P><STRONG><a name="[3f]"></a>SDIO_IRQHandler</STRONG> (Thumb, 0 bytes, Stack size 0 bytes, startup_stm32f40_41xxx.o(.text))
<BR>[Address Reference Count : 1]<UL><LI> startup_stm32f40_41xxx.o(RESET)
</UL>
<P><STRONG><a name="[31]"></a>SPI1_IRQHandler</STRONG> (Thumb, 0 bytes, Stack size 0 bytes, startup_stm32f40_41xxx.o(.text))
<BR>[Address Reference Count : 1]<UL><LI> startup_stm32f40_41xxx.o(RESET)
</UL>
<P><STRONG><a name="[32]"></a>SPI2_IRQHandler</STRONG> (Thumb, 0 bytes, Stack size 0 bytes, startup_stm32f40_41xxx.o(.text))
<BR>[Address Reference Count : 1]<UL><LI> startup_stm32f40_41xxx.o(RESET)
</UL>
<P><STRONG><a name="[41]"></a>SPI3_IRQHandler</STRONG> (Thumb, 0 bytes, Stack size 0 bytes, startup_stm32f40_41xxx.o(.text))
<BR>[Address Reference Count : 1]<UL><LI> startup_stm32f40_41xxx.o(RESET)
</UL>
<P><STRONG><a name="[10]"></a>TAMP_STAMP_IRQHandler</STRONG> (Thumb, 0 bytes, Stack size 0 bytes, startup_stm32f40_41xxx.o(.text))
<BR>[Address Reference Count : 1]<UL><LI> startup_stm32f40_41xxx.o(RESET)
</UL>
<P><STRONG><a name="[26]"></a>TIM1_BRK_TIM9_IRQHandler</STRONG> (Thumb, 0 bytes, Stack size 0 bytes, startup_stm32f40_41xxx.o(.text))
<BR>[Address Reference Count : 1]<UL><LI> startup_stm32f40_41xxx.o(RESET)
</UL>
<P><STRONG><a name="[29]"></a>TIM1_CC_IRQHandler</STRONG> (Thumb, 0 bytes, Stack size 0 bytes, startup_stm32f40_41xxx.o(.text))
<BR>[Address Reference Count : 1]<UL><LI> startup_stm32f40_41xxx.o(RESET)
</UL>
<P><STRONG><a name="[28]"></a>TIM1_TRG_COM_TIM11_IRQHandler</STRONG> (Thumb, 0 bytes, Stack size 0 bytes, startup_stm32f40_41xxx.o(.text))
<BR>[Address Reference Count : 1]<UL><LI> startup_stm32f40_41xxx.o(RESET)
</UL>
<P><STRONG><a name="[27]"></a>TIM1_UP_TIM10_IRQHandler</STRONG> (Thumb, 0 bytes, Stack size 0 bytes, startup_stm32f40_41xxx.o(.text))
<BR>[Address Reference Count : 1]<UL><LI> startup_stm32f40_41xxx.o(RESET)
</UL>
<P><STRONG><a name="[40]"></a>TIM5_IRQHandler</STRONG> (Thumb, 0 bytes, Stack size 0 bytes, startup_stm32f40_41xxx.o(.text))
<BR>[Address Reference Count : 1]<UL><LI> startup_stm32f40_41xxx.o(RESET)
</UL>
<P><STRONG><a name="[44]"></a>TIM6_DAC_IRQHandler</STRONG> (Thumb, 0 bytes, Stack size 0 bytes, startup_stm32f40_41xxx.o(.text))
<BR>[Address Reference Count : 1]<UL><LI> startup_stm32f40_41xxx.o(RESET)
</UL>
<P><STRONG><a name="[45]"></a>TIM7_IRQHandler</STRONG> (Thumb, 0 bytes, Stack size 0 bytes, startup_stm32f40_41xxx.o(.text))
<BR>[Address Reference Count : 1]<UL><LI> startup_stm32f40_41xxx.o(RESET)
</UL>
<P><STRONG><a name="[39]"></a>TIM8_BRK_TIM12_IRQHandler</STRONG> (Thumb, 0 bytes, Stack size 0 bytes, startup_stm32f40_41xxx.o(.text))
<BR>[Address Reference Count : 1]<UL><LI> startup_stm32f40_41xxx.o(RESET)
</UL>
<P><STRONG><a name="[3c]"></a>TIM8_CC_IRQHandler</STRONG> (Thumb, 0 bytes, Stack size 0 bytes, startup_stm32f40_41xxx.o(.text))
<BR>[Address Reference Count : 1]<UL><LI> startup_stm32f40_41xxx.o(RESET)
</UL>
<P><STRONG><a name="[3b]"></a>TIM8_TRG_COM_TIM14_IRQHandler</STRONG> (Thumb, 0 bytes, Stack size 0 bytes, startup_stm32f40_41xxx.o(.text))
<BR>[Address Reference Count : 1]<UL><LI> startup_stm32f40_41xxx.o(RESET)
</UL>
<P><STRONG><a name="[3a]"></a>TIM8_UP_TIM13_IRQHandler</STRONG> (Thumb, 0 bytes, Stack size 0 bytes, startup_stm32f40_41xxx.o(.text))
<BR>[Address Reference Count : 1]<UL><LI> startup_stm32f40_41xxx.o(RESET)
</UL>
<P><STRONG><a name="[42]"></a>UART4_IRQHandler</STRONG> (Thumb, 0 bytes, Stack size 0 bytes, startup_stm32f40_41xxx.o(.text))
<BR>[Address Reference Count : 1]<UL><LI> startup_stm32f40_41xxx.o(RESET)
</UL>
<P><STRONG><a name="[43]"></a>UART5_IRQHandler</STRONG> (Thumb, 0 bytes, Stack size 0 bytes, startup_stm32f40_41xxx.o(.text))
<BR>[Address Reference Count : 1]<UL><LI> startup_stm32f40_41xxx.o(RESET)
</UL>
<P><STRONG><a name="[34]"></a>USART2_IRQHandler</STRONG> (Thumb, 0 bytes, Stack size 0 bytes, startup_stm32f40_41xxx.o(.text))
<BR>[Address Reference Count : 1]<UL><LI> startup_stm32f40_41xxx.o(RESET)
</UL>
<P><STRONG><a name="[35]"></a>USART3_IRQHandler</STRONG> (Thumb, 0 bytes, Stack size 0 bytes, startup_stm32f40_41xxx.o(.text))
<BR>[Address Reference Count : 1]<UL><LI> startup_stm32f40_41xxx.o(RESET)
</UL>
<P><STRONG><a name="[55]"></a>USART6_IRQHandler</STRONG> (Thumb, 0 bytes, Stack size 0 bytes, startup_stm32f40_41xxx.o(.text))
<BR>[Address Reference Count : 1]<UL><LI> startup_stm32f40_41xxx.o(RESET)
</UL>
<P><STRONG><a name="[e]"></a>WWDG_IRQHandler</STRONG> (Thumb, 0 bytes, Stack size 0 bytes, startup_stm32f40_41xxx.o(.text))
<BR>[Address Reference Count : 1]<UL><LI> startup_stm32f40_41xxx.o(RESET)
</UL>
<P><STRONG><a name="[7f]"></a>__user_initial_stackheap</STRONG> (Thumb, 0 bytes, Stack size unknown bytes, startup_stm32f40_41xxx.o(.text))
<BR><BR>[Called By]<UL><LI><a href="#[71]">&gt;&gt;</a>&nbsp;&nbsp;&nbsp;__user_setup_stackheap
</UL>

<P><STRONG><a name="[187]"></a>CPU_IntDis</STRONG> (Thumb, 0 bytes, Stack size unknown bytes, cpu_a.o(.text), UNUSED)

<P><STRONG><a name="[188]"></a>CPU_IntEn</STRONG> (Thumb, 0 bytes, Stack size unknown bytes, cpu_a.o(.text), UNUSED)

<P><STRONG><a name="[9f]"></a>CPU_SR_Save</STRONG> (Thumb, 0 bytes, Stack size unknown bytes, cpu_a.o(.text))
<BR><BR>[Called By]<UL><LI><a href="#[fc]">&gt;&gt;</a>&nbsp;&nbsp;&nbsp;OS_TaskSuspend
<LI><a href="#[ea]">&gt;&gt;</a>&nbsp;&nbsp;&nbsp;OSTaskCreate
<LI><a href="#[e6]">&gt;&gt;</a>&nbsp;&nbsp;&nbsp;OSStatTaskCPUUsageInit
<LI><a href="#[68]">&gt;&gt;</a>&nbsp;&nbsp;&nbsp;start_task
<LI><a href="#[75]">&gt;&gt;</a>&nbsp;&nbsp;&nbsp;main
<LI><a href="#[64]">&gt;&gt;</a>&nbsp;&nbsp;&nbsp;OS_IdleTask
<LI><a href="#[df]">&gt;&gt;</a>&nbsp;&nbsp;&nbsp;OSSchedUnlock
<LI><a href="#[dd]">&gt;&gt;</a>&nbsp;&nbsp;&nbsp;OSSchedLock
<LI><a href="#[d3]">&gt;&gt;</a>&nbsp;&nbsp;&nbsp;OSSched
<LI><a href="#[c9]">&gt;&gt;</a>&nbsp;&nbsp;&nbsp;OSIntExit
<LI><a href="#[9e]">&gt;&gt;</a>&nbsp;&nbsp;&nbsp;CPU_NameClr
<LI><a href="#[66]">&gt;&gt;</a>&nbsp;&nbsp;&nbsp;OS_TickTask
<LI><a href="#[111]">&gt;&gt;</a>&nbsp;&nbsp;&nbsp;OS_TickListUpdateTimeout
<LI><a href="#[110]">&gt;&gt;</a>&nbsp;&nbsp;&nbsp;OS_TickListUpdateDly
<LI><a href="#[fa]">&gt;&gt;</a>&nbsp;&nbsp;&nbsp;OS_TaskSemPost
<LI><a href="#[f7]">&gt;&gt;</a>&nbsp;&nbsp;&nbsp;OS_TaskResume
<LI><a href="#[f8]">&gt;&gt;</a>&nbsp;&nbsp;&nbsp;OSTaskSemPend
<LI><a href="#[f0]">&gt;&gt;</a>&nbsp;&nbsp;&nbsp;OSTaskDel
<LI><a href="#[e8]">&gt;&gt;</a>&nbsp;&nbsp;&nbsp;OSTimeDly
<LI><a href="#[fb]">&gt;&gt;</a>&nbsp;&nbsp;&nbsp;OSTaskStkChk
<LI><a href="#[e9]">&gt;&gt;</a>&nbsp;&nbsp;&nbsp;OSTaskResume
<LI><a href="#[65]">&gt;&gt;</a>&nbsp;&nbsp;&nbsp;OS_StatTask
<LI><a href="#[e3]">&gt;&gt;</a>&nbsp;&nbsp;&nbsp;OSStatReset
<LI><a href="#[d4]">&gt;&gt;</a>&nbsp;&nbsp;&nbsp;OSMutexPost
<LI><a href="#[cf]">&gt;&gt;</a>&nbsp;&nbsp;&nbsp;OSMutexPend
<LI><a href="#[cc]">&gt;&gt;</a>&nbsp;&nbsp;&nbsp;OSMutexCreate
</UL>

<P><STRONG><a name="[a1]"></a>CPU_SR_Restore</STRONG> (Thumb, 0 bytes, Stack size unknown bytes, cpu_a.o(.text))
<BR><BR>[Called By]<UL><LI><a href="#[fc]">&gt;&gt;</a>&nbsp;&nbsp;&nbsp;OS_TaskSuspend
<LI><a href="#[ea]">&gt;&gt;</a>&nbsp;&nbsp;&nbsp;OSTaskCreate
<LI><a href="#[e6]">&gt;&gt;</a>&nbsp;&nbsp;&nbsp;OSStatTaskCPUUsageInit
<LI><a href="#[68]">&gt;&gt;</a>&nbsp;&nbsp;&nbsp;start_task
<LI><a href="#[75]">&gt;&gt;</a>&nbsp;&nbsp;&nbsp;main
<LI><a href="#[64]">&gt;&gt;</a>&nbsp;&nbsp;&nbsp;OS_IdleTask
<LI><a href="#[df]">&gt;&gt;</a>&nbsp;&nbsp;&nbsp;OSSchedUnlock
<LI><a href="#[dd]">&gt;&gt;</a>&nbsp;&nbsp;&nbsp;OSSchedLock
<LI><a href="#[d3]">&gt;&gt;</a>&nbsp;&nbsp;&nbsp;OSSched
<LI><a href="#[c9]">&gt;&gt;</a>&nbsp;&nbsp;&nbsp;OSIntExit
<LI><a href="#[9e]">&gt;&gt;</a>&nbsp;&nbsp;&nbsp;CPU_NameClr
<LI><a href="#[66]">&gt;&gt;</a>&nbsp;&nbsp;&nbsp;OS_TickTask
<LI><a href="#[111]">&gt;&gt;</a>&nbsp;&nbsp;&nbsp;OS_TickListUpdateTimeout
<LI><a href="#[110]">&gt;&gt;</a>&nbsp;&nbsp;&nbsp;OS_TickListUpdateDly
<LI><a href="#[fa]">&gt;&gt;</a>&nbsp;&nbsp;&nbsp;OS_TaskSemPost
<LI><a href="#[f7]">&gt;&gt;</a>&nbsp;&nbsp;&nbsp;OS_TaskResume
<LI><a href="#[f8]">&gt;&gt;</a>&nbsp;&nbsp;&nbsp;OSTaskSemPend
<LI><a href="#[f0]">&gt;&gt;</a>&nbsp;&nbsp;&nbsp;OSTaskDel
<LI><a href="#[e8]">&gt;&gt;</a>&nbsp;&nbsp;&nbsp;OSTimeDly
<LI><a href="#[fb]">&gt;&gt;</a>&nbsp;&nbsp;&nbsp;OSTaskStkChk
<LI><a href="#[e9]">&gt;&gt;</a>&nbsp;&nbsp;&nbsp;OSTaskResume
<LI><a href="#[65]">&gt;&gt;</a>&nbsp;&nbsp;&nbsp;OS_StatTask
<LI><a href="#[e3]">&gt;&gt;</a>&nbsp;&nbsp;&nbsp;OSStatReset
<LI><a href="#[d4]">&gt;&gt;</a>&nbsp;&nbsp;&nbsp;OSMutexPost
<LI><a href="#[cf]">&gt;&gt;</a>&nbsp;&nbsp;&nbsp;OSMutexPend
<LI><a href="#[cc]">&gt;&gt;</a>&nbsp;&nbsp;&nbsp;OSMutexCreate
</UL>

<P><STRONG><a name="[189]"></a>CPU_WaitForInt</STRONG> (Thumb, 0 bytes, Stack size unknown bytes, cpu_a.o(.text), UNUSED)

<P><STRONG><a name="[18a]"></a>CPU_WaitForExcept</STRONG> (Thumb, 0 bytes, Stack size unknown bytes, cpu_a.o(.text), UNUSED)

<P><STRONG><a name="[10a]"></a>CPU_CntLeadZeros</STRONG> (Thumb, 0 bytes, Stack size unknown bytes, cpu_a.o(.text))
<BR><BR>[Called By]<UL><LI><a href="#[ca]">&gt;&gt;</a>&nbsp;&nbsp;&nbsp;OS_PrioGetHighest
</UL>

<P><STRONG><a name="[18b]"></a>CPU_CntTrailZeros</STRONG> (Thumb, 0 bytes, Stack size unknown bytes, cpu_a.o(.text), UNUSED)

<P><STRONG><a name="[18c]"></a>CPU_RevBits</STRONG> (Thumb, 0 bytes, Stack size unknown bytes, cpu_a.o(.text), UNUSED)

<P><STRONG><a name="[18d]"></a>__use_no_semihosting</STRONG> (Thumb, 2 bytes, Stack size 0 bytes, use_no_semi_2.o(.text), UNUSED)

<P><STRONG><a name="[18e]"></a>__use_two_region_memory</STRONG> (Thumb, 2 bytes, Stack size 0 bytes, heapauxi.o(.text), UNUSED)

<P><STRONG><a name="[18f]"></a>__rt_heap_escrow$2region</STRONG> (Thumb, 2 bytes, Stack size 0 bytes, heapauxi.o(.text), UNUSED)

<P><STRONG><a name="[190]"></a>__rt_heap_expand$2region</STRONG> (Thumb, 2 bytes, Stack size 0 bytes, heapauxi.o(.text), UNUSED)

<P><STRONG><a name="[191]"></a>__I$use$semihosting</STRONG> (Thumb, 0 bytes, Stack size 0 bytes, use_no_semi.o(.text), UNUSED)

<P><STRONG><a name="[192]"></a>__use_no_semihosting_swi</STRONG> (Thumb, 2 bytes, Stack size 0 bytes, use_no_semi.o(.text), UNUSED)

<P><STRONG><a name="[7b]"></a>__read_errno</STRONG> (Thumb, 10 bytes, Stack size 8 bytes, _rserrno.o(.text), UNUSED)
<BR><BR>[Calls]<UL><LI><a href="#[7c]">&gt;&gt;</a>&nbsp;&nbsp;&nbsp;__aeabi_errno_addr
</UL>

<P><STRONG><a name="[7d]"></a>__set_errno</STRONG> (Thumb, 12 bytes, Stack size 8 bytes, _rserrno.o(.text))
<BR><BR>[Stack]<UL><LI>Max Depth = 8<LI>Call Chain = __set_errno
</UL>
<BR>[Calls]<UL><LI><a href="#[7c]">&gt;&gt;</a>&nbsp;&nbsp;&nbsp;__aeabi_errno_addr
</UL>
<BR>[Called By]<UL><LI><a href="#[130]">&gt;&gt;</a>&nbsp;&nbsp;&nbsp;__hardfp_sqrt
<LI><a href="#[8b]">&gt;&gt;</a>&nbsp;&nbsp;&nbsp;__hardfp_cos
</UL>

<P><STRONG><a name="[7c]"></a>__aeabi_errno_addr</STRONG> (Thumb, 8 bytes, Stack size 0 bytes, rt_errno_addr_intlibspace.o(.text))
<BR><BR>[Called By]<UL><LI><a href="#[7d]">&gt;&gt;</a>&nbsp;&nbsp;&nbsp;__set_errno
<LI><a href="#[7b]">&gt;&gt;</a>&nbsp;&nbsp;&nbsp;__read_errno
</UL>

<P><STRONG><a name="[193]"></a>__errno$intlibspace</STRONG> (Thumb, 0 bytes, Stack size 0 bytes, rt_errno_addr_intlibspace.o(.text), UNUSED)

<P><STRONG><a name="[194]"></a>__rt_errno_addr$intlibspace</STRONG> (Thumb, 0 bytes, Stack size 0 bytes, rt_errno_addr_intlibspace.o(.text), UNUSED)

<P><STRONG><a name="[195]"></a>__user_libspace</STRONG> (Thumb, 8 bytes, Stack size 0 bytes, libspace.o(.text), UNUSED)

<P><STRONG><a name="[7e]"></a>__user_perproc_libspace</STRONG> (Thumb, 0 bytes, Stack size 0 bytes, libspace.o(.text))
<BR><BR>[Called By]<UL><LI><a href="#[71]">&gt;&gt;</a>&nbsp;&nbsp;&nbsp;__user_setup_stackheap
</UL>

<P><STRONG><a name="[196]"></a>__user_perthread_libspace</STRONG> (Thumb, 0 bytes, Stack size 0 bytes, libspace.o(.text), UNUSED)

<P><STRONG><a name="[71]"></a>__user_setup_stackheap</STRONG> (Thumb, 74 bytes, Stack size 8 bytes, sys_stackheap_outer.o(.text))
<BR><BR>[Stack]<UL><LI>Max Depth = 8 + Unknown Stack Size
<LI>Call Chain = __user_setup_stackheap
</UL>
<BR>[Calls]<UL><LI><a href="#[7f]">&gt;&gt;</a>&nbsp;&nbsp;&nbsp;__user_initial_stackheap
<LI><a href="#[7e]">&gt;&gt;</a>&nbsp;&nbsp;&nbsp;__user_perproc_libspace
</UL>
<BR>[Called By]<UL><LI><a href="#[70]">&gt;&gt;</a>&nbsp;&nbsp;&nbsp;__rt_entry_sh
</UL>

<P><STRONG><a name="[76]"></a>exit</STRONG> (Thumb, 18 bytes, Stack size 8 bytes, exit.o(.text))
<BR><BR>[Stack]<UL><LI>Max Depth = 8 + Unknown Stack Size
<LI>Call Chain = exit
</UL>
<BR>[Calls]<UL><LI><a href="#[80]">&gt;&gt;</a>&nbsp;&nbsp;&nbsp;__rt_exit
</UL>
<BR>[Called By]<UL><LI><a href="#[74]">&gt;&gt;</a>&nbsp;&nbsp;&nbsp;__rt_entry_main
</UL>

<P><STRONG><a name="[e2]"></a>OSStartHighRdy</STRONG> (Thumb, 0 bytes, Stack size unknown bytes, os_cpu_a.o(CODE))
<BR><BR>[Called By]<UL><LI><a href="#[e1]">&gt;&gt;</a>&nbsp;&nbsp;&nbsp;OSStart
</UL>

<P><STRONG><a name="[dc]"></a>OSCtxSw</STRONG> (Thumb, 0 bytes, Stack size unknown bytes, os_cpu_a.o(CODE))
<BR><BR>[Called By]<UL><LI><a href="#[d3]">&gt;&gt;</a>&nbsp;&nbsp;&nbsp;OSSched
</UL>

<P><STRONG><a name="[cb]"></a>OSIntCtxSw</STRONG> (Thumb, 0 bytes, Stack size unknown bytes, os_cpu_a.o(CODE))
<BR><BR>[Called By]<UL><LI><a href="#[c9]">&gt;&gt;</a>&nbsp;&nbsp;&nbsp;OSIntExit
</UL>

<P><STRONG><a name="[c]"></a>PendSV_Handler</STRONG> (Thumb, 0 bytes, Stack size unknown bytes, os_cpu_a.o(CODE))
<BR>[Address Reference Count : 1]<UL><LI> startup_stm32f40_41xxx.o(RESET)
</UL>
<P><STRONG><a name="[81]"></a>BSP_CPU_ClkFreq</STRONG> (Thumb, 14 bytes, Stack size 24 bytes, bsp.o(i.BSP_CPU_ClkFreq))
<BR><BR>[Stack]<UL><LI>Max Depth = 44<LI>Call Chain = BSP_CPU_ClkFreq &rArr; RCC_GetClocksFreq
</UL>
<BR>[Calls]<UL><LI><a href="#[82]">&gt;&gt;</a>&nbsp;&nbsp;&nbsp;RCC_GetClocksFreq
</UL>
<BR>[Called By]<UL><LI><a href="#[a2]">&gt;&gt;</a>&nbsp;&nbsp;&nbsp;CPU_TS_TmrInit
</UL>

<P><STRONG><a name="[83]"></a>BaseMove</STRONG> (Thumb, 1012 bytes, Stack size 152 bytes, rcs_m_basemove.o(i.BaseMove))
<BR><BR>[Stack]<UL><LI>Max Depth = 336<LI>Call Chain = BaseMove &rArr; __hardfp_cos &rArr; __ieee754_rem_pio2 &rArr; __aeabi_dmul
</UL>
<BR>[Calls]<UL><LI><a href="#[90]">&gt;&gt;</a>&nbsp;&nbsp;&nbsp;PID_Mwheel_Speed_Ctrl
<LI><a href="#[89]">&gt;&gt;</a>&nbsp;&nbsp;&nbsp;PID_FeedbackY
<LI><a href="#[88]">&gt;&gt;</a>&nbsp;&nbsp;&nbsp;PID_FeedbackX
<LI><a href="#[87]">&gt;&gt;</a>&nbsp;&nbsp;&nbsp;PID_Degree_Ctrl
<LI><a href="#[91]">&gt;&gt;</a>&nbsp;&nbsp;&nbsp;Motor_Send
<LI><a href="#[8f]">&gt;&gt;</a>&nbsp;&nbsp;&nbsp;Get_Motor_Speed
<LI><a href="#[86]">&gt;&gt;</a>&nbsp;&nbsp;&nbsp;RCS_Get_Z
<LI><a href="#[85]">&gt;&gt;</a>&nbsp;&nbsp;&nbsp;RCS_Get_Y
<LI><a href="#[84]">&gt;&gt;</a>&nbsp;&nbsp;&nbsp;RCS_Get_X
<LI><a href="#[8b]">&gt;&gt;</a>&nbsp;&nbsp;&nbsp;__hardfp_cos
<LI><a href="#[8a]">&gt;&gt;</a>&nbsp;&nbsp;&nbsp;__aeabi_f2d
<LI><a href="#[8c]">&gt;&gt;</a>&nbsp;&nbsp;&nbsp;__aeabi_dmul
<LI><a href="#[8d]">&gt;&gt;</a>&nbsp;&nbsp;&nbsp;__aeabi_dadd
<LI><a href="#[8e]">&gt;&gt;</a>&nbsp;&nbsp;&nbsp;__aeabi_d2f
</UL>
<BR>[Called By]<UL><LI><a href="#[12e]">&gt;&gt;</a>&nbsp;&nbsp;&nbsp;Remote_Ctrl
</UL>

<P><STRONG><a name="[8]"></a>BusFault_Handler</STRONG> (Thumb, 4 bytes, Stack size 0 bytes, stm32f4xx_it.o(i.BusFault_Handler))
<BR>[Address Reference Count : 1]<UL><LI> startup_stm32f40_41xxx.o(RESET)
</UL>
<P><STRONG><a name="[22]"></a>CAN1_RX0_IRQHandler</STRONG> (Thumb, 434 bytes, Stack size 80 bytes, rcs_motor_3508.o(i.CAN1_RX0_IRQHandler))
<BR><BR>[Stack]<UL><LI>Max Depth = 112<LI>Call Chain = CAN1_RX0_IRQHandler &rArr; __aeabi_dmul
</UL>
<BR>[Calls]<UL><LI><a href="#[93]">&gt;&gt;</a>&nbsp;&nbsp;&nbsp;CAN_Receive
<LI><a href="#[92]">&gt;&gt;</a>&nbsp;&nbsp;&nbsp;CAN_GetITStatus
<LI><a href="#[97]">&gt;&gt;</a>&nbsp;&nbsp;&nbsp;CAN_FIFORelease
<LI><a href="#[8a]">&gt;&gt;</a>&nbsp;&nbsp;&nbsp;__aeabi_f2d
<LI><a href="#[8c]">&gt;&gt;</a>&nbsp;&nbsp;&nbsp;__aeabi_dmul
<LI><a href="#[94]">&gt;&gt;</a>&nbsp;&nbsp;&nbsp;__aeabi_ui2d
<LI><a href="#[95]">&gt;&gt;</a>&nbsp;&nbsp;&nbsp;__aeabi_i2d
<LI><a href="#[96]">&gt;&gt;</a>&nbsp;&nbsp;&nbsp;__aeabi_dsub
<LI><a href="#[8d]">&gt;&gt;</a>&nbsp;&nbsp;&nbsp;__aeabi_dadd
<LI><a href="#[8e]">&gt;&gt;</a>&nbsp;&nbsp;&nbsp;__aeabi_d2f
</UL>
<BR>[Address Reference Count : 1]<UL><LI> startup_stm32f40_41xxx.o(RESET)
</UL>
<P><STRONG><a name="[4e]"></a>CAN2_RX0_IRQHandler</STRONG> (Thumb, 434 bytes, Stack size 80 bytes, rcs_motor_3508.o(i.CAN2_RX0_IRQHandler))
<BR><BR>[Stack]<UL><LI>Max Depth = 112<LI>Call Chain = CAN2_RX0_IRQHandler &rArr; __aeabi_dmul
</UL>
<BR>[Calls]<UL><LI><a href="#[93]">&gt;&gt;</a>&nbsp;&nbsp;&nbsp;CAN_Receive
<LI><a href="#[92]">&gt;&gt;</a>&nbsp;&nbsp;&nbsp;CAN_GetITStatus
<LI><a href="#[97]">&gt;&gt;</a>&nbsp;&nbsp;&nbsp;CAN_FIFORelease
<LI><a href="#[8a]">&gt;&gt;</a>&nbsp;&nbsp;&nbsp;__aeabi_f2d
<LI><a href="#[8c]">&gt;&gt;</a>&nbsp;&nbsp;&nbsp;__aeabi_dmul
<LI><a href="#[94]">&gt;&gt;</a>&nbsp;&nbsp;&nbsp;__aeabi_ui2d
<LI><a href="#[95]">&gt;&gt;</a>&nbsp;&nbsp;&nbsp;__aeabi_i2d
<LI><a href="#[96]">&gt;&gt;</a>&nbsp;&nbsp;&nbsp;__aeabi_dsub
<LI><a href="#[8d]">&gt;&gt;</a>&nbsp;&nbsp;&nbsp;__aeabi_dadd
<LI><a href="#[8e]">&gt;&gt;</a>&nbsp;&nbsp;&nbsp;__aeabi_d2f
</UL>
<BR>[Address Reference Count : 1]<UL><LI> startup_stm32f40_41xxx.o(RESET)
</UL>
<P><STRONG><a name="[98]"></a>CAN_DeInit</STRONG> (Thumb, 50 bytes, Stack size 8 bytes, stm32f4xx_can.o(i.CAN_DeInit))
<BR><BR>[Stack]<UL><LI>Max Depth = 8<LI>Call Chain = CAN_DeInit
</UL>
<BR>[Calls]<UL><LI><a href="#[99]">&gt;&gt;</a>&nbsp;&nbsp;&nbsp;RCC_APB1PeriphResetCmd
</UL>
<BR>[Called By]<UL><LI><a href="#[b5]">&gt;&gt;</a>&nbsp;&nbsp;&nbsp;RCS_CAN2_Config
<LI><a href="#[b3]">&gt;&gt;</a>&nbsp;&nbsp;&nbsp;RCS_CAN1_Config
</UL>

<P><STRONG><a name="[97]"></a>CAN_FIFORelease</STRONG> (Thumb, 22 bytes, Stack size 0 bytes, stm32f4xx_can.o(i.CAN_FIFORelease))
<BR><BR>[Called By]<UL><LI><a href="#[4e]">&gt;&gt;</a>&nbsp;&nbsp;&nbsp;CAN2_RX0_IRQHandler
<LI><a href="#[22]">&gt;&gt;</a>&nbsp;&nbsp;&nbsp;CAN1_RX0_IRQHandler
</UL>

<P><STRONG><a name="[11e]"></a>CAN_FilterInit</STRONG> (Thumb, 258 bytes, Stack size 8 bytes, stm32f4xx_can.o(i.CAN_FilterInit))
<BR><BR>[Stack]<UL><LI>Max Depth = 8<LI>Call Chain = CAN_FilterInit
</UL>
<BR>[Called By]<UL><LI><a href="#[b5]">&gt;&gt;</a>&nbsp;&nbsp;&nbsp;RCS_CAN2_Config
<LI><a href="#[b3]">&gt;&gt;</a>&nbsp;&nbsp;&nbsp;RCS_CAN1_Config
</UL>

<P><STRONG><a name="[92]"></a>CAN_GetITStatus</STRONG> (Thumb, 284 bytes, Stack size 16 bytes, stm32f4xx_can.o(i.CAN_GetITStatus))
<BR><BR>[Stack]<UL><LI>Max Depth = 16<LI>Call Chain = CAN_GetITStatus
</UL>
<BR>[Calls]<UL><LI><a href="#[9a]">&gt;&gt;</a>&nbsp;&nbsp;&nbsp;CheckITStatus
</UL>
<BR>[Called By]<UL><LI><a href="#[4e]">&gt;&gt;</a>&nbsp;&nbsp;&nbsp;CAN2_RX0_IRQHandler
<LI><a href="#[22]">&gt;&gt;</a>&nbsp;&nbsp;&nbsp;CAN1_RX0_IRQHandler
</UL>

<P><STRONG><a name="[120]"></a>CAN_ITConfig</STRONG> (Thumb, 18 bytes, Stack size 0 bytes, stm32f4xx_can.o(i.CAN_ITConfig))
<BR><BR>[Called By]<UL><LI><a href="#[b5]">&gt;&gt;</a>&nbsp;&nbsp;&nbsp;RCS_CAN2_Config
<LI><a href="#[b3]">&gt;&gt;</a>&nbsp;&nbsp;&nbsp;RCS_CAN1_Config
</UL>

<P><STRONG><a name="[11d]"></a>CAN_Init</STRONG> (Thumb, 276 bytes, Stack size 12 bytes, stm32f4xx_can.o(i.CAN_Init))
<BR><BR>[Stack]<UL><LI>Max Depth = 12<LI>Call Chain = CAN_Init
</UL>
<BR>[Called By]<UL><LI><a href="#[b5]">&gt;&gt;</a>&nbsp;&nbsp;&nbsp;RCS_CAN2_Config
<LI><a href="#[b3]">&gt;&gt;</a>&nbsp;&nbsp;&nbsp;RCS_CAN1_Config
</UL>

<P><STRONG><a name="[93]"></a>CAN_Receive</STRONG> (Thumb, 240 bytes, Stack size 8 bytes, stm32f4xx_can.o(i.CAN_Receive))
<BR><BR>[Stack]<UL><LI>Max Depth = 8<LI>Call Chain = CAN_Receive
</UL>
<BR>[Called By]<UL><LI><a href="#[4e]">&gt;&gt;</a>&nbsp;&nbsp;&nbsp;CAN2_RX0_IRQHandler
<LI><a href="#[22]">&gt;&gt;</a>&nbsp;&nbsp;&nbsp;CAN1_RX0_IRQHandler
</UL>

<P><STRONG><a name="[11c]"></a>CAN_StructInit</STRONG> (Thumb, 32 bytes, Stack size 0 bytes, stm32f4xx_can.o(i.CAN_StructInit))
<BR><BR>[Called By]<UL><LI><a href="#[b5]">&gt;&gt;</a>&nbsp;&nbsp;&nbsp;RCS_CAN2_Config
<LI><a href="#[b3]">&gt;&gt;</a>&nbsp;&nbsp;&nbsp;RCS_CAN1_Config
</UL>

<P><STRONG><a name="[121]"></a>CAN_Transmit</STRONG> (Thumb, 294 bytes, Stack size 8 bytes, stm32f4xx_can.o(i.CAN_Transmit))
<BR><BR>[Stack]<UL><LI>Max Depth = 8<LI>Call Chain = CAN_Transmit
</UL>
<BR>[Called By]<UL><LI><a href="#[b7]">&gt;&gt;</a>&nbsp;&nbsp;&nbsp;RCS_CANx_Send
</UL>

<P><STRONG><a name="[9b]"></a>CPU_Init</STRONG> (Thumb, 12 bytes, Stack size 8 bytes, cpu_core.o(i.CPU_Init))
<BR><BR>[Stack]<UL><LI>Max Depth = 68 + Unknown Stack Size
<LI>Call Chain = CPU_Init &rArr; CPU_TS_Init &rArr; CPU_TS_TmrInit &rArr; BSP_CPU_ClkFreq &rArr; RCC_GetClocksFreq
</UL>
<BR>[Calls]<UL><LI><a href="#[9c]">&gt;&gt;</a>&nbsp;&nbsp;&nbsp;CPU_TS_Init
<LI><a href="#[9d]">&gt;&gt;</a>&nbsp;&nbsp;&nbsp;CPU_NameInit
</UL>
<BR>[Called By]<UL><LI><a href="#[68]">&gt;&gt;</a>&nbsp;&nbsp;&nbsp;start_task
</UL>

<P><STRONG><a name="[9e]"></a>CPU_NameClr</STRONG> (Thumb, 42 bytes, Stack size 8 bytes, cpu_core.o(i.CPU_NameClr))
<BR><BR>[Stack]<UL><LI>Max Depth = 44 + Unknown Stack Size
<LI>Call Chain = CPU_NameClr &rArr; Mem_Clr &rArr; Mem_Set
</UL>
<BR>[Calls]<UL><LI><a href="#[9f]">&gt;&gt;</a>&nbsp;&nbsp;&nbsp;CPU_SR_Save
<LI><a href="#[a1]">&gt;&gt;</a>&nbsp;&nbsp;&nbsp;CPU_SR_Restore
<LI><a href="#[a0]">&gt;&gt;</a>&nbsp;&nbsp;&nbsp;Mem_Clr
</UL>
<BR>[Called By]<UL><LI><a href="#[9d]">&gt;&gt;</a>&nbsp;&nbsp;&nbsp;CPU_NameInit
</UL>

<P><STRONG><a name="[a3]"></a>CPU_TS_TmrFreqSet</STRONG> (Thumb, 6 bytes, Stack size 0 bytes, cpu_core.o(i.CPU_TS_TmrFreqSet))
<BR><BR>[Called By]<UL><LI><a href="#[a2]">&gt;&gt;</a>&nbsp;&nbsp;&nbsp;CPU_TS_TmrInit
</UL>

<P><STRONG><a name="[a2]"></a>CPU_TS_TmrInit</STRONG> (Thumb, 44 bytes, Stack size 8 bytes, bsp.o(i.CPU_TS_TmrInit))
<BR><BR>[Stack]<UL><LI>Max Depth = 52<LI>Call Chain = CPU_TS_TmrInit &rArr; BSP_CPU_ClkFreq &rArr; RCC_GetClocksFreq
</UL>
<BR>[Calls]<UL><LI><a href="#[a3]">&gt;&gt;</a>&nbsp;&nbsp;&nbsp;CPU_TS_TmrFreqSet
<LI><a href="#[81]">&gt;&gt;</a>&nbsp;&nbsp;&nbsp;BSP_CPU_ClkFreq
</UL>
<BR>[Called By]<UL><LI><a href="#[9c]">&gt;&gt;</a>&nbsp;&nbsp;&nbsp;CPU_TS_Init
</UL>

<P><STRONG><a name="[d5]"></a>CPU_TS_TmrRd</STRONG> (Thumb, 6 bytes, Stack size 0 bytes, bsp.o(i.CPU_TS_TmrRd))
<BR><BR>[Called By]<UL><LI><a href="#[e0]">&gt;&gt;</a>&nbsp;&nbsp;&nbsp;OS_SchedLockTimeMeasStop
<LI><a href="#[de]">&gt;&gt;</a>&nbsp;&nbsp;&nbsp;OS_SchedLockTimeMeasStart
<LI><a href="#[111]">&gt;&gt;</a>&nbsp;&nbsp;&nbsp;OS_TickListUpdateTimeout
<LI><a href="#[110]">&gt;&gt;</a>&nbsp;&nbsp;&nbsp;OS_TickListUpdateDly
<LI><a href="#[eb]">&gt;&gt;</a>&nbsp;&nbsp;&nbsp;OS_TaskInitTCB
<LI><a href="#[f9]">&gt;&gt;</a>&nbsp;&nbsp;&nbsp;OSTaskSemPost
<LI><a href="#[f8]">&gt;&gt;</a>&nbsp;&nbsp;&nbsp;OSTaskSemPend
<LI><a href="#[65]">&gt;&gt;</a>&nbsp;&nbsp;&nbsp;OS_StatTask
<LI><a href="#[e3]">&gt;&gt;</a>&nbsp;&nbsp;&nbsp;OSStatReset
<LI><a href="#[f3]">&gt;&gt;</a>&nbsp;&nbsp;&nbsp;OS_MutexGrpPostAll
<LI><a href="#[d4]">&gt;&gt;</a>&nbsp;&nbsp;&nbsp;OSMutexPost
<LI><a href="#[62]">&gt;&gt;</a>&nbsp;&nbsp;&nbsp;OSTaskSwHook
<LI><a href="#[67]">&gt;&gt;</a>&nbsp;&nbsp;&nbsp;OS_TmrTask
</UL>

<P><STRONG><a name="[a4]"></a>Ctrl_BaseMove_Init</STRONG> (Thumb, 12 bytes, Stack size 8 bytes, rcs_ctrl_basemove.o(i.Ctrl_BaseMove_Init))
<BR><BR>[Stack]<UL><LI>Max Depth = 200 + Unknown Stack Size
<LI>Call Chain = Ctrl_BaseMove_Init &rArr; M_BaseMove_Init &rArr; Wheel_Init &rArr; __hardfp_atan2 &rArr; atan &rArr; __hardfp_atan &rArr; __kernel_poly &rArr; __aeabi_dmul
</UL>
<BR>[Calls]<UL><LI><a href="#[a6]">&gt;&gt;</a>&nbsp;&nbsp;&nbsp;RC_Init
<LI><a href="#[a5]">&gt;&gt;</a>&nbsp;&nbsp;&nbsp;M_BaseMove_Init
</UL>
<BR>[Called By]<UL><LI><a href="#[b1]">&gt;&gt;</a>&nbsp;&nbsp;&nbsp;MainTask_Init
</UL>

<P><STRONG><a name="[b6]"></a>Current_Data_Takepart</STRONG> (Thumb, 8 bytes, Stack size 0 bytes, rcs_motor_3508.o(i.Current_Data_Takepart))
<BR><BR>[Called By]<UL><LI><a href="#[91]">&gt;&gt;</a>&nbsp;&nbsp;&nbsp;Motor_Send
</UL>

<P><STRONG><a name="[1e]"></a>DMA1_Stream5_IRQHandler</STRONG> (Thumb, 36 bytes, Stack size 8 bytes, rcs_remote.o(i.DMA1_Stream5_IRQHandler))
<BR><BR>[Stack]<UL><LI>Max Depth = 24<LI>Call Chain = DMA1_Stream5_IRQHandler &rArr; DMA_GetITStatus
</UL>
<BR>[Calls]<UL><LI><a href="#[a7]">&gt;&gt;</a>&nbsp;&nbsp;&nbsp;DMA_GetITStatus
<LI><a href="#[aa]">&gt;&gt;</a>&nbsp;&nbsp;&nbsp;DMA_ClearITPendingBit
<LI><a href="#[a9]">&gt;&gt;</a>&nbsp;&nbsp;&nbsp;DMA_ClearFlag
<LI><a href="#[a8]">&gt;&gt;</a>&nbsp;&nbsp;&nbsp;RemoteDataProcess
</UL>
<BR>[Address Reference Count : 1]<UL><LI> startup_stm32f40_41xxx.o(RESET)
</UL>
<P><STRONG><a name="[a9]"></a>DMA_ClearFlag</STRONG> (Thumb, 38 bytes, Stack size 0 bytes, stm32f4xx_dma.o(i.DMA_ClearFlag))
<BR><BR>[Called By]<UL><LI><a href="#[1e]">&gt;&gt;</a>&nbsp;&nbsp;&nbsp;DMA1_Stream5_IRQHandler
</UL>

<P><STRONG><a name="[aa]"></a>DMA_ClearITPendingBit</STRONG> (Thumb, 38 bytes, Stack size 0 bytes, stm32f4xx_dma.o(i.DMA_ClearITPendingBit))
<BR><BR>[Called By]<UL><LI><a href="#[1e]">&gt;&gt;</a>&nbsp;&nbsp;&nbsp;DMA1_Stream5_IRQHandler
</UL>

<P><STRONG><a name="[12d]"></a>DMA_Cmd</STRONG> (Thumb, 22 bytes, Stack size 0 bytes, stm32f4xx_dma.o(i.DMA_Cmd))
<BR><BR>[Called By]<UL><LI><a href="#[a6]">&gt;&gt;</a>&nbsp;&nbsp;&nbsp;RC_Init
</UL>

<P><STRONG><a name="[12a]"></a>DMA_DeInit</STRONG> (Thumb, 324 bytes, Stack size 0 bytes, stm32f4xx_dma.o(i.DMA_DeInit))
<BR><BR>[Called By]<UL><LI><a href="#[a6]">&gt;&gt;</a>&nbsp;&nbsp;&nbsp;RC_Init
</UL>

<P><STRONG><a name="[a7]"></a>DMA_GetITStatus</STRONG> (Thumb, 82 bytes, Stack size 16 bytes, stm32f4xx_dma.o(i.DMA_GetITStatus))
<BR><BR>[Stack]<UL><LI>Max Depth = 16<LI>Call Chain = DMA_GetITStatus
</UL>
<BR>[Called By]<UL><LI><a href="#[1e]">&gt;&gt;</a>&nbsp;&nbsp;&nbsp;DMA1_Stream5_IRQHandler
</UL>

<P><STRONG><a name="[12c]"></a>DMA_ITConfig</STRONG> (Thumb, 58 bytes, Stack size 8 bytes, stm32f4xx_dma.o(i.DMA_ITConfig))
<BR><BR>[Stack]<UL><LI>Max Depth = 8<LI>Call Chain = DMA_ITConfig
</UL>
<BR>[Called By]<UL><LI><a href="#[a6]">&gt;&gt;</a>&nbsp;&nbsp;&nbsp;RC_Init
</UL>

<P><STRONG><a name="[12b]"></a>DMA_Init</STRONG> (Thumb, 82 bytes, Stack size 8 bytes, stm32f4xx_dma.o(i.DMA_Init))
<BR><BR>[Stack]<UL><LI>Max Depth = 8<LI>Call Chain = DMA_Init
</UL>
<BR>[Called By]<UL><LI><a href="#[a6]">&gt;&gt;</a>&nbsp;&nbsp;&nbsp;RC_Init
</UL>

<P><STRONG><a name="[b]"></a>DebugMon_Handler</STRONG> (Thumb, 2 bytes, Stack size 0 bytes, stm32f4xx_it.o(i.DebugMon_Handler))
<BR>[Address Reference Count : 1]<UL><LI> startup_stm32f40_41xxx.o(RESET)
</UL>
<P><STRONG><a name="[119]"></a>GPIO_Init</STRONG> (Thumb, 144 bytes, Stack size 20 bytes, stm32f4xx_gpio.o(i.GPIO_Init))
<BR><BR>[Stack]<UL><LI>Max Depth = 20<LI>Call Chain = GPIO_Init
</UL>
<BR>[Called By]<UL><LI><a href="#[a6]">&gt;&gt;</a>&nbsp;&nbsp;&nbsp;RC_Init
<LI><a href="#[b5]">&gt;&gt;</a>&nbsp;&nbsp;&nbsp;RCS_CAN2_Config
<LI><a href="#[b3]">&gt;&gt;</a>&nbsp;&nbsp;&nbsp;RCS_CAN1_Config
</UL>

<P><STRONG><a name="[11b]"></a>GPIO_PinAFConfig</STRONG> (Thumb, 70 bytes, Stack size 20 bytes, stm32f4xx_gpio.o(i.GPIO_PinAFConfig))
<BR><BR>[Stack]<UL><LI>Max Depth = 20<LI>Call Chain = GPIO_PinAFConfig
</UL>
<BR>[Called By]<UL><LI><a href="#[a6]">&gt;&gt;</a>&nbsp;&nbsp;&nbsp;RC_Init
<LI><a href="#[b5]">&gt;&gt;</a>&nbsp;&nbsp;&nbsp;RCS_CAN2_Config
<LI><a href="#[b3]">&gt;&gt;</a>&nbsp;&nbsp;&nbsp;RCS_CAN1_Config
</UL>

<P><STRONG><a name="[123]"></a>GPIO_ResetBits</STRONG> (Thumb, 4 bytes, Stack size 0 bytes, stm32f4xx_gpio.o(i.GPIO_ResetBits))
<BR><BR>[Called By]<UL><LI><a href="#[122]">&gt;&gt;</a>&nbsp;&nbsp;&nbsp;RCS_GPIO_Reset
</UL>

<P><STRONG><a name="[125]"></a>GPIO_SetBits</STRONG> (Thumb, 4 bytes, Stack size 0 bytes, stm32f4xx_gpio.o(i.GPIO_SetBits))
<BR><BR>[Called By]<UL><LI><a href="#[124]">&gt;&gt;</a>&nbsp;&nbsp;&nbsp;RCS_GPIO_Set
</UL>

<P><STRONG><a name="[118]"></a>GPIO_StructInit</STRONG> (Thumb, 18 bytes, Stack size 0 bytes, stm32f4xx_gpio.o(i.GPIO_StructInit))
<BR><BR>[Called By]<UL><LI><a href="#[b5]">&gt;&gt;</a>&nbsp;&nbsp;&nbsp;RCS_CAN2_Config
<LI><a href="#[b3]">&gt;&gt;</a>&nbsp;&nbsp;&nbsp;RCS_CAN1_Config
</UL>

<P><STRONG><a name="[11a]"></a>GetRCS_GPIO_PinSource</STRONG> (Thumb, 164 bytes, Stack size 0 bytes, rcs_types.o(i.GetRCS_GPIO_PinSource))
<BR><BR>[Called By]<UL><LI><a href="#[b5]">&gt;&gt;</a>&nbsp;&nbsp;&nbsp;RCS_CAN2_Config
<LI><a href="#[b3]">&gt;&gt;</a>&nbsp;&nbsp;&nbsp;RCS_CAN1_Config
</UL>

<P><STRONG><a name="[ad]"></a>Get_Motor_Float_Angle2</STRONG> (Thumb, 14 bytes, Stack size 0 bytes, rcs_motor_3508.o(i.Get_Motor_Float_Angle2))
<BR><BR>[Called By]<UL><LI><a href="#[ab]">&gt;&gt;</a>&nbsp;&nbsp;&nbsp;M3508_Angle_Init
</UL>

<P><STRONG><a name="[8f]"></a>Get_Motor_Speed</STRONG> (Thumb, 12 bytes, Stack size 0 bytes, rcs_motor_3508.o(i.Get_Motor_Speed))
<BR><BR>[Called By]<UL><LI><a href="#[83]">&gt;&gt;</a>&nbsp;&nbsp;&nbsp;BaseMove
</UL>

<P><STRONG><a name="[12f]"></a>Get_RC_Value</STRONG> (Thumb, 38 bytes, Stack size 0 bytes, rcs_remote.o(i.Get_RC_Value))
<BR><BR>[Called By]<UL><LI><a href="#[12e]">&gt;&gt;</a>&nbsp;&nbsp;&nbsp;Remote_Ctrl
</UL>

<P><STRONG><a name="[6]"></a>HardFault_Handler</STRONG> (Thumb, 4 bytes, Stack size 0 bytes, stm32f4xx_it.o(i.HardFault_Handler))
<BR>[Address Reference Count : 1]<UL><LI> startup_stm32f40_41xxx.o(RESET)
</UL>
<P><STRONG><a name="[ab]"></a>M3508_Angle_Init</STRONG> (Thumb, 30 bytes, Stack size 16 bytes, motor_ctrl_lib.o(i.M3508_Angle_Init))
<BR><BR>[Stack]<UL><LI>Max Depth = 124 + Unknown Stack Size
<LI>Call Chain = M3508_Angle_Init &rArr; Motor_Init2 &rArr; RCS_CAN2_Config &rArr; RCC_GetClocksFreq
</UL>
<BR>[Calls]<UL><LI><a href="#[ac]">&gt;&gt;</a>&nbsp;&nbsp;&nbsp;Motor_Init2
<LI><a href="#[ad]">&gt;&gt;</a>&nbsp;&nbsp;&nbsp;Get_Motor_Float_Angle2
</UL>
<BR>[Called By]<UL><LI><a href="#[b1]">&gt;&gt;</a>&nbsp;&nbsp;&nbsp;MainTask_Init
</UL>

<P><STRONG><a name="[a5]"></a>M_BaseMove_Init</STRONG> (Thumb, 16 bytes, Stack size 8 bytes, rcs_m_basemove.o(i.M_BaseMove_Init))
<BR><BR>[Stack]<UL><LI>Max Depth = 192 + Unknown Stack Size
<LI>Call Chain = M_BaseMove_Init &rArr; Wheel_Init &rArr; __hardfp_atan2 &rArr; atan &rArr; __hardfp_atan &rArr; __kernel_poly &rArr; __aeabi_dmul
</UL>
<BR>[Calls]<UL><LI><a href="#[ae]">&gt;&gt;</a>&nbsp;&nbsp;&nbsp;Motor_Init
<LI><a href="#[b0]">&gt;&gt;</a>&nbsp;&nbsp;&nbsp;Wheel_Init
<LI><a href="#[af]">&gt;&gt;</a>&nbsp;&nbsp;&nbsp;M_PID_Init
</UL>
<BR>[Called By]<UL><LI><a href="#[a4]">&gt;&gt;</a>&nbsp;&nbsp;&nbsp;Ctrl_BaseMove_Init
</UL>

<P><STRONG><a name="[7]"></a>MemManage_Handler</STRONG> (Thumb, 4 bytes, Stack size 0 bytes, stm32f4xx_it.o(i.MemManage_Handler))
<BR>[Address Reference Count : 1]<UL><LI> startup_stm32f40_41xxx.o(RESET)
</UL>
<P><STRONG><a name="[a0]"></a>Mem_Clr</STRONG> (Thumb, 18 bytes, Stack size 12 bytes, lib_mem.o(i.Mem_Clr))
<BR><BR>[Stack]<UL><LI>Max Depth = 36<LI>Call Chain = Mem_Clr &rArr; Mem_Set
</UL>
<BR>[Calls]<UL><LI><a href="#[b2]">&gt;&gt;</a>&nbsp;&nbsp;&nbsp;Mem_Set
</UL>
<BR>[Called By]<UL><LI><a href="#[9e]">&gt;&gt;</a>&nbsp;&nbsp;&nbsp;CPU_NameClr
</UL>

<P><STRONG><a name="[b2]"></a>Mem_Set</STRONG> (Thumb, 84 bytes, Stack size 24 bytes, lib_mem.o(i.Mem_Set))
<BR><BR>[Stack]<UL><LI>Max Depth = 24<LI>Call Chain = Mem_Set
</UL>
<BR>[Called By]<UL><LI><a href="#[a0]">&gt;&gt;</a>&nbsp;&nbsp;&nbsp;Mem_Clr
</UL>

<P><STRONG><a name="[ae]"></a>Motor_Init</STRONG> (Thumb, 126 bytes, Stack size 8 bytes, rcs_motor_3508.o(i.Motor_Init))
<BR><BR>[Stack]<UL><LI>Max Depth = 108 + Unknown Stack Size
<LI>Call Chain = Motor_Init &rArr; RCS_CAN1_Config &rArr; RCC_GetClocksFreq
</UL>
<BR>[Calls]<UL><LI><a href="#[b4]">&gt;&gt;</a>&nbsp;&nbsp;&nbsp;delay_ms
<LI><a href="#[b3]">&gt;&gt;</a>&nbsp;&nbsp;&nbsp;RCS_CAN1_Config
</UL>
<BR>[Called By]<UL><LI><a href="#[a5]">&gt;&gt;</a>&nbsp;&nbsp;&nbsp;M_BaseMove_Init
</UL>

<P><STRONG><a name="[ac]"></a>Motor_Init2</STRONG> (Thumb, 126 bytes, Stack size 8 bytes, rcs_motor_3508.o(i.Motor_Init2))
<BR><BR>[Stack]<UL><LI>Max Depth = 108 + Unknown Stack Size
<LI>Call Chain = Motor_Init2 &rArr; RCS_CAN2_Config &rArr; RCC_GetClocksFreq
</UL>
<BR>[Calls]<UL><LI><a href="#[b4]">&gt;&gt;</a>&nbsp;&nbsp;&nbsp;delay_ms
<LI><a href="#[b5]">&gt;&gt;</a>&nbsp;&nbsp;&nbsp;RCS_CAN2_Config
</UL>
<BR>[Called By]<UL><LI><a href="#[ab]">&gt;&gt;</a>&nbsp;&nbsp;&nbsp;M3508_Angle_Init
</UL>

<P><STRONG><a name="[91]"></a>Motor_Send</STRONG> (Thumb, 76 bytes, Stack size 32 bytes, rcs_motor_3508.o(i.Motor_Send))
<BR><BR>[Stack]<UL><LI>Max Depth = 88<LI>Call Chain = Motor_Send &rArr; RCS_CANx_Send &rArr; CAN_Transmit
</UL>
<BR>[Calls]<UL><LI><a href="#[b6]">&gt;&gt;</a>&nbsp;&nbsp;&nbsp;Current_Data_Takepart
<LI><a href="#[b7]">&gt;&gt;</a>&nbsp;&nbsp;&nbsp;RCS_CANx_Send
</UL>
<BR>[Called By]<UL><LI><a href="#[83]">&gt;&gt;</a>&nbsp;&nbsp;&nbsp;BaseMove
</UL>

<P><STRONG><a name="[5]"></a>NMI_Handler</STRONG> (Thumb, 2 bytes, Stack size 0 bytes, stm32f4xx_it.o(i.NMI_Handler))
<BR>[Address Reference Count : 1]<UL><LI> startup_stm32f40_41xxx.o(RESET)
</UL>
<P><STRONG><a name="[11f]"></a>NVIC_Init</STRONG> (Thumb, 106 bytes, Stack size 16 bytes, misc.o(i.NVIC_Init))
<BR><BR>[Stack]<UL><LI>Max Depth = 16<LI>Call Chain = NVIC_Init
</UL>
<BR>[Called By]<UL><LI><a href="#[a6]">&gt;&gt;</a>&nbsp;&nbsp;&nbsp;RC_Init
<LI><a href="#[b5]">&gt;&gt;</a>&nbsp;&nbsp;&nbsp;RCS_CAN2_Config
<LI><a href="#[b3]">&gt;&gt;</a>&nbsp;&nbsp;&nbsp;RCS_CAN1_Config
</UL>

<P><STRONG><a name="[150]"></a>NVIC_PriorityGroupConfig</STRONG> (Thumb, 10 bytes, Stack size 0 bytes, misc.o(i.NVIC_PriorityGroupConfig))
<BR><BR>[Called By]<UL><LI><a href="#[75]">&gt;&gt;</a>&nbsp;&nbsp;&nbsp;main
</UL>

<P><STRONG><a name="[c8]"></a>OSCfg_Init</STRONG> (Thumb, 2 bytes, Stack size 0 bytes, os_cfg_app.o(i.OSCfg_Init))
<BR><BR>[Called By]<UL><LI><a href="#[b8]">&gt;&gt;</a>&nbsp;&nbsp;&nbsp;OSInit
</UL>

<P><STRONG><a name="[100]"></a>OSIdleTaskHook</STRONG> (Thumb, 16 bytes, Stack size 8 bytes, os_cpu_c.o(i.OSIdleTaskHook))
<BR><BR>[Stack]<UL><LI>Max Depth = 8<LI>Call Chain = OSIdleTaskHook
</UL>
<BR>[Called By]<UL><LI><a href="#[64]">&gt;&gt;</a>&nbsp;&nbsp;&nbsp;OS_IdleTask
</UL>

<P><STRONG><a name="[b8]"></a>OSInit</STRONG> (Thumb, 270 bytes, Stack size 16 bytes, os_core.o(i.OSInit))
<BR><BR>[Stack]<UL><LI>Max Depth = 168 + Unknown Stack Size
<LI>Call Chain = OSInit &rArr; OS_IdleTaskInit &rArr; OSTaskCreate &rArr; OSSched &rArr; OS_PrioGetHighest
</UL>
<BR>[Calls]<UL><LI><a href="#[b9]">&gt;&gt;</a>&nbsp;&nbsp;&nbsp;OSInitHook
<LI><a href="#[bb]">&gt;&gt;</a>&nbsp;&nbsp;&nbsp;OS_RdyListInit
<LI><a href="#[c3]">&gt;&gt;</a>&nbsp;&nbsp;&nbsp;OS_IdleTaskInit
<LI><a href="#[c8]">&gt;&gt;</a>&nbsp;&nbsp;&nbsp;OSCfg_Init
<LI><a href="#[c6]">&gt;&gt;</a>&nbsp;&nbsp;&nbsp;OS_TmrInit
<LI><a href="#[c4]">&gt;&gt;</a>&nbsp;&nbsp;&nbsp;OS_TickTaskInit
<LI><a href="#[c2]">&gt;&gt;</a>&nbsp;&nbsp;&nbsp;OS_TaskInit
<LI><a href="#[c5]">&gt;&gt;</a>&nbsp;&nbsp;&nbsp;OS_StatTaskInit
<LI><a href="#[c1]">&gt;&gt;</a>&nbsp;&nbsp;&nbsp;OS_SemInit
<LI><a href="#[c0]">&gt;&gt;</a>&nbsp;&nbsp;&nbsp;OS_QInit
<LI><a href="#[ba]">&gt;&gt;</a>&nbsp;&nbsp;&nbsp;OS_PrioInit
<LI><a href="#[bf]">&gt;&gt;</a>&nbsp;&nbsp;&nbsp;OS_MutexInit
<LI><a href="#[be]">&gt;&gt;</a>&nbsp;&nbsp;&nbsp;OS_MsgPoolInit
<LI><a href="#[bd]">&gt;&gt;</a>&nbsp;&nbsp;&nbsp;OS_MemInit
<LI><a href="#[bc]">&gt;&gt;</a>&nbsp;&nbsp;&nbsp;OS_FlagInit
<LI><a href="#[c7]">&gt;&gt;</a>&nbsp;&nbsp;&nbsp;OS_Dbg_Init
</UL>
<BR>[Called By]<UL><LI><a href="#[75]">&gt;&gt;</a>&nbsp;&nbsp;&nbsp;main
</UL>

<P><STRONG><a name="[b9]"></a>OSInitHook</STRONG> (Thumb, 28 bytes, Stack size 0 bytes, os_cpu_c.o(i.OSInitHook))
<BR><BR>[Called By]<UL><LI><a href="#[b8]">&gt;&gt;</a>&nbsp;&nbsp;&nbsp;OSInit
</UL>

<P><STRONG><a name="[132]"></a>OSIntEnter</STRONG> (Thumb, 34 bytes, Stack size 0 bytes, os_core.o(i.OSIntEnter))
<BR><BR>[Called By]<UL><LI><a href="#[33]">&gt;&gt;</a>&nbsp;&nbsp;&nbsp;USART1_IRQHandler
<LI><a href="#[d]">&gt;&gt;</a>&nbsp;&nbsp;&nbsp;SysTick_Handler
</UL>

<P><STRONG><a name="[c9]"></a>OSIntExit</STRONG> (Thumb, 188 bytes, Stack size 8 bytes, os_core.o(i.OSIntExit))
<BR><BR>[Stack]<UL><LI>Max Depth = 24 + Unknown Stack Size
<LI>Call Chain = OSIntExit &rArr; OS_PrioGetHighest
</UL>
<BR>[Calls]<UL><LI><a href="#[9f]">&gt;&gt;</a>&nbsp;&nbsp;&nbsp;CPU_SR_Save
<LI><a href="#[a1]">&gt;&gt;</a>&nbsp;&nbsp;&nbsp;CPU_SR_Restore
<LI><a href="#[cb]">&gt;&gt;</a>&nbsp;&nbsp;&nbsp;OSIntCtxSw
<LI><a href="#[ca]">&gt;&gt;</a>&nbsp;&nbsp;&nbsp;OS_PrioGetHighest
</UL>
<BR>[Called By]<UL><LI><a href="#[33]">&gt;&gt;</a>&nbsp;&nbsp;&nbsp;USART1_IRQHandler
<LI><a href="#[d]">&gt;&gt;</a>&nbsp;&nbsp;&nbsp;SysTick_Handler
</UL>

<P><STRONG><a name="[cc]"></a>OSMutexCreate</STRONG> (Thumb, 102 bytes, Stack size 24 bytes, os_mutex.o(i.OSMutexCreate))
<BR><BR>[Stack]<UL><LI>Max Depth = 24 + Unknown Stack Size
<LI>Call Chain = OSMutexCreate
</UL>
<BR>[Calls]<UL><LI><a href="#[9f]">&gt;&gt;</a>&nbsp;&nbsp;&nbsp;CPU_SR_Save
<LI><a href="#[a1]">&gt;&gt;</a>&nbsp;&nbsp;&nbsp;CPU_SR_Restore
<LI><a href="#[cd]">&gt;&gt;</a>&nbsp;&nbsp;&nbsp;OS_PendListInit
<LI><a href="#[ce]">&gt;&gt;</a>&nbsp;&nbsp;&nbsp;OS_MutexDbgListAdd
</UL>
<BR>[Called By]<UL><LI><a href="#[c6]">&gt;&gt;</a>&nbsp;&nbsp;&nbsp;OS_TmrInit
</UL>

<P><STRONG><a name="[cf]"></a>OSMutexPend</STRONG> (Thumb, 450 bytes, Stack size 64 bytes, os_mutex.o(i.OSMutexPend))
<BR><BR>[Stack]<UL><LI>Max Depth = 140 + Unknown Stack Size
<LI>Call Chain = OSMutexPend &rArr; OS_Pend &rArr; OS_TaskBlock &rArr; OS_RdyListRemove &rArr; OS_PrioRemove
</UL>
<BR>[Calls]<UL><LI><a href="#[9f]">&gt;&gt;</a>&nbsp;&nbsp;&nbsp;CPU_SR_Save
<LI><a href="#[a1]">&gt;&gt;</a>&nbsp;&nbsp;&nbsp;CPU_SR_Restore
<LI><a href="#[d2]">&gt;&gt;</a>&nbsp;&nbsp;&nbsp;OS_Pend
<LI><a href="#[d3]">&gt;&gt;</a>&nbsp;&nbsp;&nbsp;OSSched
<LI><a href="#[d1]">&gt;&gt;</a>&nbsp;&nbsp;&nbsp;OS_TaskChangePrio
<LI><a href="#[d0]">&gt;&gt;</a>&nbsp;&nbsp;&nbsp;OS_MutexGrpAdd
</UL>
<BR>[Called By]<UL><LI><a href="#[112]">&gt;&gt;</a>&nbsp;&nbsp;&nbsp;OS_TmrLock
</UL>

<P><STRONG><a name="[d4]"></a>OSMutexPost</STRONG> (Thumb, 384 bytes, Stack size 40 bytes, os_mutex.o(i.OSMutexPost))
<BR><BR>[Stack]<UL><LI>Max Depth = 104 + Unknown Stack Size
<LI>Call Chain = OSMutexPost &rArr; OS_Post &rArr; OS_PendListRemove &rArr; OS_PendListRemove1
</UL>
<BR>[Calls]<UL><LI><a href="#[9f]">&gt;&gt;</a>&nbsp;&nbsp;&nbsp;CPU_SR_Save
<LI><a href="#[a1]">&gt;&gt;</a>&nbsp;&nbsp;&nbsp;CPU_SR_Restore
<LI><a href="#[d8]">&gt;&gt;</a>&nbsp;&nbsp;&nbsp;OS_RdyListRemove
<LI><a href="#[da]">&gt;&gt;</a>&nbsp;&nbsp;&nbsp;OS_RdyListInsertTail
<LI><a href="#[db]">&gt;&gt;</a>&nbsp;&nbsp;&nbsp;OS_Post
<LI><a href="#[d3]">&gt;&gt;</a>&nbsp;&nbsp;&nbsp;OSSched
<LI><a href="#[d5]">&gt;&gt;</a>&nbsp;&nbsp;&nbsp;CPU_TS_TmrRd
<LI><a href="#[d6]">&gt;&gt;</a>&nbsp;&nbsp;&nbsp;OS_MutexGrpRemove
<LI><a href="#[d7]">&gt;&gt;</a>&nbsp;&nbsp;&nbsp;OS_MutexGrpPrioFindHighest
<LI><a href="#[d0]">&gt;&gt;</a>&nbsp;&nbsp;&nbsp;OS_MutexGrpAdd
<LI><a href="#[d9]">&gt;&gt;</a>&nbsp;&nbsp;&nbsp;OS_PrioInsert
</UL>
<BR>[Called By]<UL><LI><a href="#[114]">&gt;&gt;</a>&nbsp;&nbsp;&nbsp;OS_TmrUnlock
</UL>

<P><STRONG><a name="[d3]"></a>OSSched</STRONG> (Thumb, 134 bytes, Stack size 8 bytes, os_core.o(i.OSSched))
<BR><BR>[Stack]<UL><LI>Max Depth = 24 + Unknown Stack Size
<LI>Call Chain = OSSched &rArr; OS_PrioGetHighest
</UL>
<BR>[Calls]<UL><LI><a href="#[9f]">&gt;&gt;</a>&nbsp;&nbsp;&nbsp;CPU_SR_Save
<LI><a href="#[a1]">&gt;&gt;</a>&nbsp;&nbsp;&nbsp;CPU_SR_Restore
<LI><a href="#[dc]">&gt;&gt;</a>&nbsp;&nbsp;&nbsp;OSCtxSw
<LI><a href="#[ca]">&gt;&gt;</a>&nbsp;&nbsp;&nbsp;OS_PrioGetHighest
</UL>
<BR>[Called By]<UL><LI><a href="#[fc]">&gt;&gt;</a>&nbsp;&nbsp;&nbsp;OS_TaskSuspend
<LI><a href="#[ea]">&gt;&gt;</a>&nbsp;&nbsp;&nbsp;OSTaskCreate
<LI><a href="#[df]">&gt;&gt;</a>&nbsp;&nbsp;&nbsp;OSSchedUnlock
<LI><a href="#[fa]">&gt;&gt;</a>&nbsp;&nbsp;&nbsp;OS_TaskSemPost
<LI><a href="#[f7]">&gt;&gt;</a>&nbsp;&nbsp;&nbsp;OS_TaskResume
<LI><a href="#[f8]">&gt;&gt;</a>&nbsp;&nbsp;&nbsp;OSTaskSemPend
<LI><a href="#[f0]">&gt;&gt;</a>&nbsp;&nbsp;&nbsp;OSTaskDel
<LI><a href="#[e8]">&gt;&gt;</a>&nbsp;&nbsp;&nbsp;OSTimeDly
<LI><a href="#[d4]">&gt;&gt;</a>&nbsp;&nbsp;&nbsp;OSMutexPost
<LI><a href="#[cf]">&gt;&gt;</a>&nbsp;&nbsp;&nbsp;OSMutexPend
</UL>

<P><STRONG><a name="[dd]"></a>OSSchedLock</STRONG> (Thumb, 88 bytes, Stack size 16 bytes, os_core.o(i.OSSchedLock))
<BR><BR>[Stack]<UL><LI>Max Depth = 24 + Unknown Stack Size
<LI>Call Chain = OSSchedLock &rArr; OS_SchedLockTimeMeasStart
</UL>
<BR>[Calls]<UL><LI><a href="#[9f]">&gt;&gt;</a>&nbsp;&nbsp;&nbsp;CPU_SR_Save
<LI><a href="#[a1]">&gt;&gt;</a>&nbsp;&nbsp;&nbsp;CPU_SR_Restore
<LI><a href="#[de]">&gt;&gt;</a>&nbsp;&nbsp;&nbsp;OS_SchedLockTimeMeasStart
</UL>
<BR>[Called By]<UL><LI><a href="#[14d]">&gt;&gt;</a>&nbsp;&nbsp;&nbsp;delay_osschedlock
<LI><a href="#[67]">&gt;&gt;</a>&nbsp;&nbsp;&nbsp;OS_TmrTask
</UL>

<P><STRONG><a name="[df]"></a>OSSchedUnlock</STRONG> (Thumb, 120 bytes, Stack size 16 bytes, os_core.o(i.OSSchedUnlock))
<BR><BR>[Stack]<UL><LI>Max Depth = 40 + Unknown Stack Size
<LI>Call Chain = OSSchedUnlock &rArr; OSSched &rArr; OS_PrioGetHighest
</UL>
<BR>[Calls]<UL><LI><a href="#[9f]">&gt;&gt;</a>&nbsp;&nbsp;&nbsp;CPU_SR_Save
<LI><a href="#[a1]">&gt;&gt;</a>&nbsp;&nbsp;&nbsp;CPU_SR_Restore
<LI><a href="#[e0]">&gt;&gt;</a>&nbsp;&nbsp;&nbsp;OS_SchedLockTimeMeasStop
<LI><a href="#[d3]">&gt;&gt;</a>&nbsp;&nbsp;&nbsp;OSSched
</UL>
<BR>[Called By]<UL><LI><a href="#[14e]">&gt;&gt;</a>&nbsp;&nbsp;&nbsp;delay_osschedunlock
<LI><a href="#[67]">&gt;&gt;</a>&nbsp;&nbsp;&nbsp;OS_TmrTask
</UL>

<P><STRONG><a name="[e1]"></a>OSStart</STRONG> (Thumb, 78 bytes, Stack size 8 bytes, os_core.o(i.OSStart))
<BR><BR>[Stack]<UL><LI>Max Depth = 24 + Unknown Stack Size
<LI>Call Chain = OSStart &rArr; OS_PrioGetHighest
</UL>
<BR>[Calls]<UL><LI><a href="#[ca]">&gt;&gt;</a>&nbsp;&nbsp;&nbsp;OS_PrioGetHighest
<LI><a href="#[e2]">&gt;&gt;</a>&nbsp;&nbsp;&nbsp;OSStartHighRdy
</UL>
<BR>[Called By]<UL><LI><a href="#[75]">&gt;&gt;</a>&nbsp;&nbsp;&nbsp;main
</UL>

<P><STRONG><a name="[e3]"></a>OSStatReset</STRONG> (Thumb, 262 bytes, Stack size 24 bytes, os_stat.o(i.OSStatReset))
<BR><BR>[Stack]<UL><LI>Max Depth = 24 + Unknown Stack Size
<LI>Call Chain = OSStatReset
</UL>
<BR>[Calls]<UL><LI><a href="#[9f]">&gt;&gt;</a>&nbsp;&nbsp;&nbsp;CPU_SR_Save
<LI><a href="#[a1]">&gt;&gt;</a>&nbsp;&nbsp;&nbsp;CPU_SR_Restore
<LI><a href="#[d5]">&gt;&gt;</a>&nbsp;&nbsp;&nbsp;CPU_TS_TmrRd
<LI><a href="#[e5]">&gt;&gt;</a>&nbsp;&nbsp;&nbsp;OS_TmrResetPeak
<LI><a href="#[e4]">&gt;&gt;</a>&nbsp;&nbsp;&nbsp;OS_TickListResetPeak
</UL>
<BR>[Called By]<UL><LI><a href="#[65]">&gt;&gt;</a>&nbsp;&nbsp;&nbsp;OS_StatTask
</UL>

<P><STRONG><a name="[e6]"></a>OSStatTaskCPUUsageInit</STRONG> (Thumb, 212 bytes, Stack size 24 bytes, os_stat.o(i.OSStatTaskCPUUsageInit))
<BR><BR>[Stack]<UL><LI>Max Depth = 92 + Unknown Stack Size
<LI>Call Chain = OSStatTaskCPUUsageInit &rArr; OSTaskSuspend &rArr; OS_TaskSuspend &rArr; OS_RdyListRemove &rArr; OS_PrioRemove
</UL>
<BR>[Calls]<UL><LI><a href="#[9f]">&gt;&gt;</a>&nbsp;&nbsp;&nbsp;CPU_SR_Save
<LI><a href="#[a1]">&gt;&gt;</a>&nbsp;&nbsp;&nbsp;CPU_SR_Restore
<LI><a href="#[e8]">&gt;&gt;</a>&nbsp;&nbsp;&nbsp;OSTimeDly
[...]
<LI><a href="#[139]">&gt;&gt;</a>&nbsp;&nbsp;&nbsp;__hardfp_atan
<LI><a href="#[131]">&gt;&gt;</a>&nbsp;&nbsp;&nbsp;__hardfp_atan2
</UL>

<P><STRONG><a name="[75]"></a>main</STRONG> (Thumb, 136 bytes, Stack size 40 bytes, main.o(i.main))
<BR><BR>[Stack]<UL><LI>Max Depth = 208 + Unknown Stack Size
<LI>Call Chain = main &rArr; OSInit &rArr; OS_IdleTaskInit &rArr; OSTaskCreate &rArr; OSSched &rArr; OS_PrioGetHighest
</UL>
<BR>[Calls]<UL><LI><a href="#[149]">&gt;&gt;</a>&nbsp;&nbsp;&nbsp;delay_init
<LI><a href="#[14f]">&gt;&gt;</a>&nbsp;&nbsp;&nbsp;OS_CPU_SysTickInit
<LI><a href="#[ea]">&gt;&gt;</a>&nbsp;&nbsp;&nbsp;OSTaskCreate
<LI><a href="#[e1]">&gt;&gt;</a>&nbsp;&nbsp;&nbsp;OSStart
<LI><a href="#[b8]">&gt;&gt;</a>&nbsp;&nbsp;&nbsp;OSInit
<LI><a href="#[150]">&gt;&gt;</a>&nbsp;&nbsp;&nbsp;NVIC_PriorityGroupConfig
<LI><a href="#[152]">&gt;&gt;</a>&nbsp;&nbsp;&nbsp;INTX_ENABLE
<LI><a href="#[151]">&gt;&gt;</a>&nbsp;&nbsp;&nbsp;INTX_DISABLE
<LI><a href="#[9f]">&gt;&gt;</a>&nbsp;&nbsp;&nbsp;CPU_SR_Save
<LI><a href="#[a1]">&gt;&gt;</a>&nbsp;&nbsp;&nbsp;CPU_SR_Restore
</UL>
<BR>[Called By]<UL><LI><a href="#[74]">&gt;&gt;</a>&nbsp;&nbsp;&nbsp;__rt_entry_main
</UL>

<P><STRONG><a name="[68]"></a>start_task</STRONG> (Thumb, 122 bytes, Stack size 40 bytes, main.o(i.start_task))
<BR><BR>[Stack]<UL><LI>Max Depth = 248 + Unknown Stack Size
<LI>Call Chain = start_task &rArr; MainTask_Init &rArr; Ctrl_BaseMove_Init &rArr; M_BaseMove_Init &rArr; Wheel_Init &rArr; __hardfp_atan2 &rArr; atan &rArr; __hardfp_atan &rArr; __kernel_poly &rArr; __aeabi_dmul
</UL>
<BR>[Calls]<UL><LI><a href="#[b4]">&gt;&gt;</a>&nbsp;&nbsp;&nbsp;delay_ms
<LI><a href="#[fc]">&gt;&gt;</a>&nbsp;&nbsp;&nbsp;OS_TaskSuspend
<LI><a href="#[ea]">&gt;&gt;</a>&nbsp;&nbsp;&nbsp;OSTaskCreate
<LI><a href="#[e6]">&gt;&gt;</a>&nbsp;&nbsp;&nbsp;OSStatTaskCPUUsageInit
<LI><a href="#[9f]">&gt;&gt;</a>&nbsp;&nbsp;&nbsp;CPU_SR_Save
<LI><a href="#[a1]">&gt;&gt;</a>&nbsp;&nbsp;&nbsp;CPU_SR_Restore
<LI><a href="#[9b]">&gt;&gt;</a>&nbsp;&nbsp;&nbsp;CPU_Init
<LI><a href="#[b1]">&gt;&gt;</a>&nbsp;&nbsp;&nbsp;MainTask_Init
</UL>
<BR>[Address Reference Count : 1]<UL><LI> main.o(i.main)
</UL>
<P><STRONG><a name="[140]"></a>__aeabi_dneg</STRONG> (Thumb, 0 bytes, Stack size 0 bytes, basic.o(x$fpl$basic))
<BR><BR>[Called By]<UL><LI><a href="#[144]">&gt;&gt;</a>&nbsp;&nbsp;&nbsp;__ieee754_rem_pio2
<LI><a href="#[139]">&gt;&gt;</a>&nbsp;&nbsp;&nbsp;__hardfp_atan
<LI><a href="#[8b]">&gt;&gt;</a>&nbsp;&nbsp;&nbsp;__hardfp_cos
<LI><a href="#[131]">&gt;&gt;</a>&nbsp;&nbsp;&nbsp;__hardfp_atan2
</UL>

<P><STRONG><a name="[197]"></a>_dneg</STRONG> (Thumb, 6 bytes, Stack size 0 bytes, basic.o(x$fpl$basic), UNUSED)

<P><STRONG><a name="[198]"></a>__aeabi_fneg</STRONG> (Thumb, 0 bytes, Stack size 0 bytes, basic.o(x$fpl$basic), UNUSED)

<P><STRONG><a name="[199]"></a>_fneg</STRONG> (Thumb, 6 bytes, Stack size 0 bytes, basic.o(x$fpl$basic), UNUSED)

<P><STRONG><a name="[19a]"></a>_dabs</STRONG> (Thumb, 6 bytes, Stack size 0 bytes, basic.o(x$fpl$basic), UNUSED)

<P><STRONG><a name="[19b]"></a>_fabs</STRONG> (Thumb, 6 bytes, Stack size 0 bytes, basic.o(x$fpl$basic), UNUSED)

<P><STRONG><a name="[8e]"></a>__aeabi_d2f</STRONG> (Thumb, 0 bytes, Stack size 32 bytes, d2f.o(x$fpl$d2f))
<BR><BR>[Stack]<UL><LI>Max Depth = 32<LI>Call Chain = __aeabi_d2f
</UL>
<BR>[Called By]<UL><LI><a href="#[12e]">&gt;&gt;</a>&nbsp;&nbsp;&nbsp;Remote_Ctrl
<LI><a href="#[4e]">&gt;&gt;</a>&nbsp;&nbsp;&nbsp;CAN2_RX0_IRQHandler
<LI><a href="#[22]">&gt;&gt;</a>&nbsp;&nbsp;&nbsp;CAN1_RX0_IRQHandler
<LI><a href="#[b0]">&gt;&gt;</a>&nbsp;&nbsp;&nbsp;Wheel_Init
<LI><a href="#[83]">&gt;&gt;</a>&nbsp;&nbsp;&nbsp;BaseMove
</UL>

<P><STRONG><a name="[153]"></a>_d2f</STRONG> (Thumb, 98 bytes, Stack size 32 bytes, d2f.o(x$fpl$d2f), UNUSED)
<BR><BR>[Calls]<UL><LI><a href="#[154]">&gt;&gt;</a>&nbsp;&nbsp;&nbsp;__fpl_fretinf
<LI><a href="#[155]">&gt;&gt;</a>&nbsp;&nbsp;&nbsp;__fpl_dnaninf
</UL>

<P><STRONG><a name="[8d]"></a>__aeabi_dadd</STRONG> (Thumb, 0 bytes, Stack size 16 bytes, daddsub_clz.o(x$fpl$dadd))
<BR><BR>[Stack]<UL><LI>Max Depth = 16<LI>Call Chain = __aeabi_dadd
</UL>
<BR>[Called By]<UL><LI><a href="#[4e]">&gt;&gt;</a>&nbsp;&nbsp;&nbsp;CAN2_RX0_IRQHandler
<LI><a href="#[22]">&gt;&gt;</a>&nbsp;&nbsp;&nbsp;CAN1_RX0_IRQHandler
<LI><a href="#[b0]">&gt;&gt;</a>&nbsp;&nbsp;&nbsp;Wheel_Init
<LI><a href="#[83]">&gt;&gt;</a>&nbsp;&nbsp;&nbsp;BaseMove
<LI><a href="#[145]">&gt;&gt;</a>&nbsp;&nbsp;&nbsp;__kernel_sin
<LI><a href="#[144]">&gt;&gt;</a>&nbsp;&nbsp;&nbsp;__ieee754_rem_pio2
<LI><a href="#[13e]">&gt;&gt;</a>&nbsp;&nbsp;&nbsp;__kernel_poly
<LI><a href="#[141]">&gt;&gt;</a>&nbsp;&nbsp;&nbsp;__mathlib_dbl_infnan2
<LI><a href="#[13a]">&gt;&gt;</a>&nbsp;&nbsp;&nbsp;__mathlib_dbl_infnan
<LI><a href="#[139]">&gt;&gt;</a>&nbsp;&nbsp;&nbsp;__hardfp_atan
</UL>

<P><STRONG><a name="[156]"></a>_dadd</STRONG> (Thumb, 332 bytes, Stack size 16 bytes, daddsub_clz.o(x$fpl$dadd), UNUSED)
<BR><BR>[Calls]<UL><LI><a href="#[158]">&gt;&gt;</a>&nbsp;&nbsp;&nbsp;__fpl_dretinf
<LI><a href="#[155]">&gt;&gt;</a>&nbsp;&nbsp;&nbsp;__fpl_dnaninf
<LI><a href="#[157]">&gt;&gt;</a>&nbsp;&nbsp;&nbsp;_dsub1
</UL>

<P><STRONG><a name="[138]"></a>__aeabi_ddiv</STRONG> (Thumb, 0 bytes, Stack size 32 bytes, ddiv.o(x$fpl$ddiv))
<BR><BR>[Stack]<UL><LI>Max Depth = 32<LI>Call Chain = __aeabi_ddiv
</UL>
<BR>[Called By]<UL><LI><a href="#[b0]">&gt;&gt;</a>&nbsp;&nbsp;&nbsp;Wheel_Init
<LI><a href="#[143]">&gt;&gt;</a>&nbsp;&nbsp;&nbsp;__mathlib_dbl_invalid
<LI><a href="#[139]">&gt;&gt;</a>&nbsp;&nbsp;&nbsp;__hardfp_atan
<LI><a href="#[131]">&gt;&gt;</a>&nbsp;&nbsp;&nbsp;__hardfp_atan2
</UL>

<P><STRONG><a name="[159]"></a>_ddiv</STRONG> (Thumb, 552 bytes, Stack size 32 bytes, ddiv.o(x$fpl$ddiv), UNUSED)
<BR><BR>[Calls]<UL><LI><a href="#[158]">&gt;&gt;</a>&nbsp;&nbsp;&nbsp;__fpl_dretinf
<LI><a href="#[155]">&gt;&gt;</a>&nbsp;&nbsp;&nbsp;__fpl_dnaninf
</UL>

<P><STRONG><a name="[148]"></a>__aeabi_d2iz</STRONG> (Thumb, 0 bytes, Stack size 32 bytes, dfix.o(x$fpl$dfix))
<BR><BR>[Stack]<UL><LI>Max Depth = 32<LI>Call Chain = __aeabi_d2iz
</UL>
<BR>[Called By]<UL><LI><a href="#[144]">&gt;&gt;</a>&nbsp;&nbsp;&nbsp;__ieee754_rem_pio2
<LI><a href="#[146]">&gt;&gt;</a>&nbsp;&nbsp;&nbsp;__kernel_cos
</UL>

<P><STRONG><a name="[15a]"></a>_dfix</STRONG> (Thumb, 94 bytes, Stack size 32 bytes, dfix.o(x$fpl$dfix), UNUSED)
<BR><BR>[Calls]<UL><LI><a href="#[155]">&gt;&gt;</a>&nbsp;&nbsp;&nbsp;__fpl_dnaninf
</UL>

<P><STRONG><a name="[95]"></a>__aeabi_i2d</STRONG> (Thumb, 0 bytes, Stack size 0 bytes, dflt_clz.o(x$fpl$dflt))
<BR><BR>[Called By]<UL><LI><a href="#[4e]">&gt;&gt;</a>&nbsp;&nbsp;&nbsp;CAN2_RX0_IRQHandler
<LI><a href="#[22]">&gt;&gt;</a>&nbsp;&nbsp;&nbsp;CAN1_RX0_IRQHandler
<LI><a href="#[144]">&gt;&gt;</a>&nbsp;&nbsp;&nbsp;__ieee754_rem_pio2
</UL>

<P><STRONG><a name="[19c]"></a>_dflt</STRONG> (Thumb, 46 bytes, Stack size 0 bytes, dflt_clz.o(x$fpl$dflt), UNUSED)

<P><STRONG><a name="[94]"></a>__aeabi_ui2d</STRONG> (Thumb, 0 bytes, Stack size 0 bytes, dflt_clz.o(x$fpl$dfltu))
<BR><BR>[Called By]<UL><LI><a href="#[4e]">&gt;&gt;</a>&nbsp;&nbsp;&nbsp;CAN2_RX0_IRQHandler
<LI><a href="#[22]">&gt;&gt;</a>&nbsp;&nbsp;&nbsp;CAN1_RX0_IRQHandler
<LI><a href="#[144]">&gt;&gt;</a>&nbsp;&nbsp;&nbsp;__ieee754_rem_pio2
</UL>

<P><STRONG><a name="[19d]"></a>_dfltu</STRONG> (Thumb, 38 bytes, Stack size 0 bytes, dflt_clz.o(x$fpl$dfltu), UNUSED)

<P><STRONG><a name="[8c]"></a>__aeabi_dmul</STRONG> (Thumb, 0 bytes, Stack size 32 bytes, dmul.o(x$fpl$dmul))
<BR><BR>[Stack]<UL><LI>Max Depth = 32<LI>Call Chain = __aeabi_dmul
</UL>
<BR>[Called By]<UL><LI><a href="#[12e]">&gt;&gt;</a>&nbsp;&nbsp;&nbsp;Remote_Ctrl
<LI><a href="#[4e]">&gt;&gt;</a>&nbsp;&nbsp;&nbsp;CAN2_RX0_IRQHandler
<LI><a href="#[22]">&gt;&gt;</a>&nbsp;&nbsp;&nbsp;CAN1_RX0_IRQHandler
<LI><a href="#[83]">&gt;&gt;</a>&nbsp;&nbsp;&nbsp;BaseMove
<LI><a href="#[145]">&gt;&gt;</a>&nbsp;&nbsp;&nbsp;__kernel_sin
<LI><a href="#[144]">&gt;&gt;</a>&nbsp;&nbsp;&nbsp;__ieee754_rem_pio2
<LI><a href="#[13e]">&gt;&gt;</a>&nbsp;&nbsp;&nbsp;__kernel_poly
<LI><a href="#[13c]">&gt;&gt;</a>&nbsp;&nbsp;&nbsp;__mathlib_dbl_underflow
<LI><a href="#[146]">&gt;&gt;</a>&nbsp;&nbsp;&nbsp;__kernel_cos
<LI><a href="#[139]">&gt;&gt;</a>&nbsp;&nbsp;&nbsp;__hardfp_atan
</UL>

<P><STRONG><a name="[15b]"></a>_dmul</STRONG> (Thumb, 332 bytes, Stack size 32 bytes, dmul.o(x$fpl$dmul), UNUSED)
<BR><BR>[Calls]<UL><LI><a href="#[158]">&gt;&gt;</a>&nbsp;&nbsp;&nbsp;__fpl_dretinf
<LI><a href="#[155]">&gt;&gt;</a>&nbsp;&nbsp;&nbsp;__fpl_dnaninf
</UL>

<P><STRONG><a name="[155]"></a>__fpl_dnaninf</STRONG> (Thumb, 156 bytes, Stack size 16 bytes, dnaninf.o(x$fpl$dnaninf))
<BR><BR>[Stack]<UL><LI>Max Depth = 16<LI>Call Chain = __fpl_dnaninf
</UL>
<BR>[Called By]<UL><LI><a href="#[147]">&gt;&gt;</a>&nbsp;&nbsp;&nbsp;_dsqrt
<LI><a href="#[15b]">&gt;&gt;</a>&nbsp;&nbsp;&nbsp;_dmul
<LI><a href="#[159]">&gt;&gt;</a>&nbsp;&nbsp;&nbsp;_ddiv
<LI><a href="#[15e]">&gt;&gt;</a>&nbsp;&nbsp;&nbsp;_dsub
<LI><a href="#[156]">&gt;&gt;</a>&nbsp;&nbsp;&nbsp;_dadd
<LI><a href="#[153]">&gt;&gt;</a>&nbsp;&nbsp;&nbsp;_d2f
<LI><a href="#[15a]">&gt;&gt;</a>&nbsp;&nbsp;&nbsp;_dfix
</UL>

<P><STRONG><a name="[158]"></a>__fpl_dretinf</STRONG> (Thumb, 12 bytes, Stack size 0 bytes, dretinf.o(x$fpl$dretinf), UNUSED)
<BR><BR>[Called By]<UL><LI><a href="#[15f]">&gt;&gt;</a>&nbsp;&nbsp;&nbsp;_f2d
<LI><a href="#[15b]">&gt;&gt;</a>&nbsp;&nbsp;&nbsp;_dmul
<LI><a href="#[159]">&gt;&gt;</a>&nbsp;&nbsp;&nbsp;_ddiv
<LI><a href="#[156]">&gt;&gt;</a>&nbsp;&nbsp;&nbsp;_dadd
</UL>

<P><STRONG><a name="[13f]"></a>__aeabi_drsub</STRONG> (Thumb, 0 bytes, Stack size 8 bytes, daddsub_clz.o(x$fpl$drsb))
<BR><BR>[Stack]<UL><LI>Max Depth = 8<LI>Call Chain = __aeabi_drsub
</UL>
<BR>[Called By]<UL><LI><a href="#[145]">&gt;&gt;</a>&nbsp;&nbsp;&nbsp;__kernel_sin
<LI><a href="#[144]">&gt;&gt;</a>&nbsp;&nbsp;&nbsp;__ieee754_rem_pio2
<LI><a href="#[146]">&gt;&gt;</a>&nbsp;&nbsp;&nbsp;__kernel_cos
<LI><a href="#[139]">&gt;&gt;</a>&nbsp;&nbsp;&nbsp;__hardfp_atan
<LI><a href="#[131]">&gt;&gt;</a>&nbsp;&nbsp;&nbsp;__hardfp_atan2
</UL>

<P><STRONG><a name="[15c]"></a>_drsb</STRONG> (Thumb, 22 bytes, Stack size 8 bytes, daddsub_clz.o(x$fpl$drsb), UNUSED)
<BR><BR>[Calls]<UL><LI><a href="#[157]">&gt;&gt;</a>&nbsp;&nbsp;&nbsp;_dsub1
<LI><a href="#[15d]">&gt;&gt;</a>&nbsp;&nbsp;&nbsp;_dadd1
</UL>

<P><STRONG><a name="[147]"></a>_dsqrt</STRONG> (Thumb, 404 bytes, Stack size 24 bytes, dsqrt_umaal.o(x$fpl$dsqrt))
<BR><BR>[Stack]<UL><LI>Max Depth = 40<LI>Call Chain = _dsqrt &rArr; __fpl_dnaninf
</UL>
<BR>[Calls]<UL><LI><a href="#[155]">&gt;&gt;</a>&nbsp;&nbsp;&nbsp;__fpl_dnaninf
</UL>
<BR>[Called By]<UL><LI><a href="#[130]">&gt;&gt;</a>&nbsp;&nbsp;&nbsp;__hardfp_sqrt
</UL>

<P><STRONG><a name="[96]"></a>__aeabi_dsub</STRONG> (Thumb, 0 bytes, Stack size 32 bytes, daddsub_clz.o(x$fpl$dsub))
<BR><BR>[Stack]<UL><LI>Max Depth = 32<LI>Call Chain = __aeabi_dsub
</UL>
<BR>[Called By]<UL><LI><a href="#[4e]">&gt;&gt;</a>&nbsp;&nbsp;&nbsp;CAN2_RX0_IRQHandler
<LI><a href="#[22]">&gt;&gt;</a>&nbsp;&nbsp;&nbsp;CAN1_RX0_IRQHandler
<LI><a href="#[145]">&gt;&gt;</a>&nbsp;&nbsp;&nbsp;__kernel_sin
<LI><a href="#[144]">&gt;&gt;</a>&nbsp;&nbsp;&nbsp;__ieee754_rem_pio2
<LI><a href="#[146]">&gt;&gt;</a>&nbsp;&nbsp;&nbsp;__kernel_cos
<LI><a href="#[139]">&gt;&gt;</a>&nbsp;&nbsp;&nbsp;__hardfp_atan
<LI><a href="#[131]">&gt;&gt;</a>&nbsp;&nbsp;&nbsp;__hardfp_atan2
</UL>

<P><STRONG><a name="[15e]"></a>_dsub</STRONG> (Thumb, 464 bytes, Stack size 32 bytes, daddsub_clz.o(x$fpl$dsub), UNUSED)
<BR><BR>[Calls]<UL><LI><a href="#[155]">&gt;&gt;</a>&nbsp;&nbsp;&nbsp;__fpl_dnaninf
<LI><a href="#[15d]">&gt;&gt;</a>&nbsp;&nbsp;&nbsp;_dadd1
</UL>

<P><STRONG><a name="[8a]"></a>__aeabi_f2d</STRONG> (Thumb, 0 bytes, Stack size 16 bytes, f2d.o(x$fpl$f2d))
<BR><BR>[Stack]<UL><LI>Max Depth = 16<LI>Call Chain = __aeabi_f2d
</UL>
<BR>[Called By]<UL><LI><a href="#[12e]">&gt;&gt;</a>&nbsp;&nbsp;&nbsp;Remote_Ctrl
<LI><a href="#[4e]">&gt;&gt;</a>&nbsp;&nbsp;&nbsp;CAN2_RX0_IRQHandler
<LI><a href="#[22]">&gt;&gt;</a>&nbsp;&nbsp;&nbsp;CAN1_RX0_IRQHandler
<LI><a href="#[83]">&gt;&gt;</a>&nbsp;&nbsp;&nbsp;BaseMove
</UL>

<P><STRONG><a name="[15f]"></a>_f2d</STRONG> (Thumb, 86 bytes, Stack size 16 bytes, f2d.o(x$fpl$f2d), UNUSED)
<BR><BR>[Calls]<UL><LI><a href="#[160]">&gt;&gt;</a>&nbsp;&nbsp;&nbsp;__fpl_fnaninf
<LI><a href="#[158]">&gt;&gt;</a>&nbsp;&nbsp;&nbsp;__fpl_dretinf
</UL>

<P><STRONG><a name="[160]"></a>__fpl_fnaninf</STRONG> (Thumb, 140 bytes, Stack size 8 bytes, fnaninf.o(x$fpl$fnaninf), UNUSED)
<BR><BR>[Called By]<UL><LI><a href="#[15f]">&gt;&gt;</a>&nbsp;&nbsp;&nbsp;_f2d
</UL>

<P><STRONG><a name="[6f]"></a>_fp_init</STRONG> (Thumb, 10 bytes, Stack size 0 bytes, fpinit.o(x$fpl$fpinit))
<BR><BR>[Called By]<UL><LI><a href="#[6e]">&gt;&gt;</a>&nbsp;&nbsp;&nbsp;__rt_lib_init_fp_1
</UL>

<P><STRONG><a name="[19e]"></a>__fplib_config_fpu_vfp</STRONG> (Thumb, 0 bytes, Stack size unknown bytes, fpinit.o(x$fpl$fpinit), UNUSED)

<P><STRONG><a name="[19f]"></a>__fplib_config_pureend_doubles</STRONG> (Thumb, 0 bytes, Stack size unknown bytes, fpinit.o(x$fpl$fpinit), UNUSED)

<P><STRONG><a name="[154]"></a>__fpl_fretinf</STRONG> (Thumb, 10 bytes, Stack size 0 bytes, fretinf.o(x$fpl$fretinf), UNUSED)
<BR><BR>[Called By]<UL><LI><a href="#[153]">&gt;&gt;</a>&nbsp;&nbsp;&nbsp;_d2f
</UL>
<P>
<H3>
Local Symbols
</H3>
<P><STRONG><a name="[b1]"></a>MainTask_Init</STRONG> (Thumb, 18 bytes, Stack size 8 bytes, main.o(i.MainTask_Init))
<BR><BR>[Stack]<UL><LI>Max Depth = 208 + Unknown Stack Size
<LI>Call Chain = MainTask_Init &rArr; Ctrl_BaseMove_Init &rArr; M_BaseMove_Init &rArr; Wheel_Init &rArr; __hardfp_atan2 &rArr; atan &rArr; __hardfp_atan &rArr; __kernel_poly &rArr; __aeabi_dmul
</UL>
<BR>[Calls]<UL><LI><a href="#[ab]">&gt;&gt;</a>&nbsp;&nbsp;&nbsp;M3508_Angle_Init
<LI><a href="#[a4]">&gt;&gt;</a>&nbsp;&nbsp;&nbsp;Ctrl_BaseMove_Init
</UL>
<BR>[Called By]<UL><LI><a href="#[68]">&gt;&gt;</a>&nbsp;&nbsp;&nbsp;start_task
</UL>

<P><STRONG><a name="[133]"></a>SetSysClock</STRONG> (Thumb, 220 bytes, Stack size 12 bytes, system_stm32f4xx.o(i.SetSysClock))
<BR><BR>[Stack]<UL><LI>Max Depth = 12<LI>Call Chain = SetSysClock
</UL>
<BR>[Called By]<UL><LI><a href="#[60]">&gt;&gt;</a>&nbsp;&nbsp;&nbsp;SystemInit
</UL>

<P><STRONG><a name="[9a]"></a>CheckITStatus</STRONG> (Thumb, 18 bytes, Stack size 0 bytes, stm32f4xx_can.o(i.CheckITStatus))
<BR><BR>[Called By]<UL><LI><a href="#[92]">&gt;&gt;</a>&nbsp;&nbsp;&nbsp;CAN_GetITStatus
</UL>

<P><STRONG><a name="[9d]"></a>CPU_NameInit</STRONG> (Thumb, 8 bytes, Stack size 8 bytes, cpu_core.o(i.CPU_NameInit))
<BR><BR>[Stack]<UL><LI>Max Depth = 52 + Unknown Stack Size
<LI>Call Chain = CPU_NameInit &rArr; CPU_NameClr &rArr; Mem_Clr &rArr; Mem_Set
</UL>
<BR>[Calls]<UL><LI><a href="#[9e]">&gt;&gt;</a>&nbsp;&nbsp;&nbsp;CPU_NameClr
</UL>
<BR>[Called By]<UL><LI><a href="#[9b]">&gt;&gt;</a>&nbsp;&nbsp;&nbsp;CPU_Init
</UL>

<P><STRONG><a name="[9c]"></a>CPU_TS_Init</STRONG> (Thumb, 14 bytes, Stack size 8 bytes, cpu_core.o(i.CPU_TS_Init))
<BR><BR>[Stack]<UL><LI>Max Depth = 60<LI>Call Chain = CPU_TS_Init &rArr; CPU_TS_TmrInit &rArr; BSP_CPU_ClkFreq &rArr; RCC_GetClocksFreq
</UL>
<BR>[Calls]<UL><LI><a href="#[a2]">&gt;&gt;</a>&nbsp;&nbsp;&nbsp;CPU_TS_TmrInit
</UL>
<BR>[Called By]<UL><LI><a href="#[9b]">&gt;&gt;</a>&nbsp;&nbsp;&nbsp;CPU_Init
</UL>

<P><STRONG><a name="[110]"></a>OS_TickListUpdateDly</STRONG> (Thumb, 146 bytes, Stack size 32 bytes, os_tick.o(i.OS_TickListUpdateDly))
<BR><BR>[Stack]<UL><LI>Max Depth = 52 + Unknown Stack Size
<LI>Call Chain = OS_TickListUpdateDly &rArr; OS_RdyListInsert &rArr; OS_PrioInsert
</UL>
<BR>[Calls]<UL><LI><a href="#[9f]">&gt;&gt;</a>&nbsp;&nbsp;&nbsp;CPU_SR_Save
<LI><a href="#[a1]">&gt;&gt;</a>&nbsp;&nbsp;&nbsp;CPU_SR_Restore
<LI><a href="#[109]">&gt;&gt;</a>&nbsp;&nbsp;&nbsp;OS_RdyListInsert
<LI><a href="#[d5]">&gt;&gt;</a>&nbsp;&nbsp;&nbsp;CPU_TS_TmrRd
</UL>
<BR>[Called By]<UL><LI><a href="#[66]">&gt;&gt;</a>&nbsp;&nbsp;&nbsp;OS_TickTask
</UL>

<P><STRONG><a name="[111]"></a>OS_TickListUpdateTimeout</STRONG> (Thumb, 272 bytes, Stack size 40 bytes, os_tick.o(i.OS_TickListUpdateTimeout))
<BR><BR>[Stack]<UL><LI>Max Depth = 108 + Unknown Stack Size
<LI>Call Chain = OS_TickListUpdateTimeout &rArr; OS_TaskChangePrio &rArr; OS_PendListChangePrio &rArr; OS_PendListInsertPrio
</UL>
<BR>[Calls]<UL><LI><a href="#[9f]">&gt;&gt;</a>&nbsp;&nbsp;&nbsp;CPU_SR_Save
<LI><a href="#[a1]">&gt;&gt;</a>&nbsp;&nbsp;&nbsp;CPU_SR_Restore
<LI><a href="#[109]">&gt;&gt;</a>&nbsp;&nbsp;&nbsp;OS_RdyListInsert
<LI><a href="#[f2]">&gt;&gt;</a>&nbsp;&nbsp;&nbsp;OS_PendListRemove
<LI><a href="#[d5]">&gt;&gt;</a>&nbsp;&nbsp;&nbsp;CPU_TS_TmrRd
<LI><a href="#[d1]">&gt;&gt;</a>&nbsp;&nbsp;&nbsp;OS_TaskChangePrio
<LI><a href="#[d7]">&gt;&gt;</a>&nbsp;&nbsp;&nbsp;OS_MutexGrpPrioFindHighest
</UL>
<BR>[Called By]<UL><LI><a href="#[66]">&gt;&gt;</a>&nbsp;&nbsp;&nbsp;OS_TickTask
</UL>

<P><STRONG><a name="[112]"></a>OS_TmrLock</STRONG> (Thumb, 20 bytes, Stack size 16 bytes, os_tmr.o(i.OS_TmrLock))
<BR><BR>[Stack]<UL><LI>Max Depth = 156 + Unknown Stack Size
<LI>Call Chain = OS_TmrLock &rArr; OSMutexPend &rArr; OS_Pend &rArr; OS_TaskBlock &rArr; OS_RdyListRemove &rArr; OS_PrioRemove
</UL>
<BR>[Calls]<UL><LI><a href="#[cf]">&gt;&gt;</a>&nbsp;&nbsp;&nbsp;OSMutexPend
</UL>
<BR>[Called By]<UL><LI><a href="#[67]">&gt;&gt;</a>&nbsp;&nbsp;&nbsp;OS_TmrTask
</UL>

<P><STRONG><a name="[114]"></a>OS_TmrUnlock</STRONG> (Thumb, 14 bytes, Stack size 8 bytes, os_tmr.o(i.OS_TmrUnlock))
<BR><BR>[Stack]<UL><LI>Max Depth = 112 + Unknown Stack Size
<LI>Call Chain = OS_TmrUnlock &rArr; OSMutexPost &rArr; OS_Post &rArr; OS_PendListRemove &rArr; OS_PendListRemove1
</UL>
<BR>[Calls]<UL><LI><a href="#[d4]">&gt;&gt;</a>&nbsp;&nbsp;&nbsp;OSMutexPost
</UL>
<BR>[Called By]<UL><LI><a href="#[67]">&gt;&gt;</a>&nbsp;&nbsp;&nbsp;OS_TmrTask
</UL>

<P><STRONG><a name="[af]"></a>M_PID_Init</STRONG> (Thumb, 80 bytes, Stack size 0 bytes, rcs_m_basemove.o(i.M_PID_Init))
<BR><BR>[Called By]<UL><LI><a href="#[a5]">&gt;&gt;</a>&nbsp;&nbsp;&nbsp;M_BaseMove_Init
</UL>

<P><STRONG><a name="[b0]"></a>Wheel_Init</STRONG> (Thumb, 298 bytes, Stack size 24 bytes, rcs_m_basemove.o(i.Wheel_Init))
<BR><BR>[Stack]<UL><LI>Max Depth = 184<LI>Call Chain = Wheel_Init &rArr; __hardfp_atan2 &rArr; atan &rArr; __hardfp_atan &rArr; __kernel_poly &rArr; __aeabi_dmul
</UL>
<BR>[Calls]<UL><LI><a href="#[130]">&gt;&gt;</a>&nbsp;&nbsp;&nbsp;__hardfp_sqrt
<LI><a href="#[131]">&gt;&gt;</a>&nbsp;&nbsp;&nbsp;__hardfp_atan2
<LI><a href="#[138]">&gt;&gt;</a>&nbsp;&nbsp;&nbsp;__aeabi_ddiv
<LI><a href="#[8d]">&gt;&gt;</a>&nbsp;&nbsp;&nbsp;__aeabi_dadd
<LI><a href="#[8e]">&gt;&gt;</a>&nbsp;&nbsp;&nbsp;__aeabi_d2f
</UL>
<BR>[Called By]<UL><LI><a href="#[a5]">&gt;&gt;</a>&nbsp;&nbsp;&nbsp;M_BaseMove_Init
</UL>

<P><STRONG><a name="[a8]"></a>RemoteDataProcess</STRONG> (Thumb, 156 bytes, Stack size 0 bytes, rcs_remote.o(i.RemoteDataProcess))
<BR><BR>[Called By]<UL><LI><a href="#[1e]">&gt;&gt;</a>&nbsp;&nbsp;&nbsp;DMA1_Stream5_IRQHandler
</UL>

<P><STRONG><a name="[15d]"></a>_dadd1</STRONG> (Thumb, 0 bytes, Stack size unknown bytes, daddsub_clz.o(x$fpl$dadd), UNUSED)
<BR><BR>[Called By]<UL><LI><a href="#[15e]">&gt;&gt;</a>&nbsp;&nbsp;&nbsp;_dsub
<LI><a href="#[15c]">&gt;&gt;</a>&nbsp;&nbsp;&nbsp;_drsb
</UL>

<P><STRONG><a name="[157]"></a>_dsub1</STRONG> (Thumb, 0 bytes, Stack size unknown bytes, daddsub_clz.o(x$fpl$dsub), UNUSED)
<BR><BR>[Called By]<UL><LI><a href="#[15c]">&gt;&gt;</a>&nbsp;&nbsp;&nbsp;_drsb
<LI><a href="#[156]">&gt;&gt;</a>&nbsp;&nbsp;&nbsp;_dadd
</UL>
<P>
<H3>
Undefined Global Symbols
</H3><HR></body></html>
