Component: ARM Compiler 5.06 update 1 (build 61) Tool: armlink [4d35a8]

==============================================================================

Section Cross References

    startup_stm32f40_41xxx.o(STACK) refers (Special) to heapauxi.o(.text) for __use_two_region_memory
    startup_stm32f40_41xxx.o(HEAP) refers (Special) to heapauxi.o(.text) for __use_two_region_memory
    startup_stm32f40_41xxx.o(RESET) refers (Special) to heapauxi.o(.text) for __use_two_region_memory
    startup_stm32f40_41xxx.o(RESET) refers to startup_stm32f40_41xxx.o(STACK) for __initial_sp
    startup_stm32f40_41xxx.o(RESET) refers to startup_stm32f40_41xxx.o(.text) for Reset_Handler
    startup_stm32f40_41xxx.o(RESET) refers to stm32f4xx_it.o(i.NMI_Handler) for NMI_Handler
    startup_stm32f40_41xxx.o(RESET) refers to stm32f4xx_it.o(i.HardFault_Handler) for HardFault_Handler
    startup_stm32f40_41xxx.o(RESET) refers to stm32f4xx_it.o(i.MemManage_Handler) for MemManage_Handler
    startup_stm32f40_41xxx.o(RESET) refers to stm32f4xx_it.o(i.BusFault_Handler) for BusFault_Handler
    startup_stm32f40_41xxx.o(RESET) refers to stm32f4xx_it.o(i.UsageFault_Handler) for UsageFault_Handler
    startup_stm32f40_41xxx.o(RESET) refers to stm32f4xx_it.o(i.SVC_Handler) for SVC_Handler
    startup_stm32f40_41xxx.o(RESET) refers to stm32f4xx_it.o(i.DebugMon_Handler) for DebugMon_Handler
    startup_stm32f40_41xxx.o(RESET) refers to os_cpu_a.o(CODE) for PendSV_Handler
    startup_stm32f40_41xxx.o(RESET) refers to delay.o(i.SysTick_Handler) for SysTick_Handler
    startup_stm32f40_41xxx.o(RESET) refers to rcs_remote.o(i.DMA1_Stream5_IRQHandler) for DMA1_Stream5_IRQHandler
    startup_stm32f40_41xxx.o(RESET) refers to rcs_motor_3508.o(i.CAN1_RX0_IRQHandler) for CAN1_RX0_IRQHandler
    startup_stm32f40_41xxx.o(RESET) refers to rcs_timer.o(i.TIM2_IRQHandler) for TIM2_IRQHandler
    startup_stm32f40_41xxx.o(RESET) refers to rcs_timer.o(i.TIM3_IRQHandler) for TIM3_IRQHandler
    startup_stm32f40_41xxx.o(RESET) refers to rcs_timer.o(i.TIM4_IRQHandler) for TIM4_IRQHandler
    startup_stm32f40_41xxx.o(RESET) refers to usart.o(i.USART1_IRQHandler) for USART1_IRQHandler
    startup_stm32f40_41xxx.o(RESET) refers to rcs_motor_3508.o(i.CAN2_RX0_IRQHandler) for CAN2_RX0_IRQHandler
    startup_stm32f40_41xxx.o(.text) refers (Special) to heapauxi.o(.text) for __use_two_region_memory
    startup_stm32f40_41xxx.o(.text) refers to system_stm32f4xx.o(i.SystemInit) for SystemInit
    startup_stm32f40_41xxx.o(.text) refers to __main.o(!!!main) for __main
    startup_stm32f40_41xxx.o(.text) refers to startup_stm32f40_41xxx.o(HEAP) for Heap_Mem
    startup_stm32f40_41xxx.o(.text) refers to startup_stm32f40_41xxx.o(STACK) for Stack_Mem
    main.o(i.MainTask_Init) refers to rcs_ctrl_basemove.o(i.Ctrl_BaseMove_Init) for Ctrl_BaseMove_Init
    main.o(i.MainTask_Init) refers to motor_ctrl_lib.o(i.M3508_Angle_Init) for M3508_Angle_Init
    main.o(i.MainTask_Init) refers to main.o(.data) for init_angle
    main.o(i.chassis_task) refers to rcs_ctrl_basemove.o(i.Remote_Ctrl) for Remote_Ctrl
    main.o(i.chassis_task) refers to delay.o(i.delay_ms) for delay_ms
    main.o(i.chassis_task) refers to main.o(.data) for init_angle
    main.o(i.main) refers to delay.o(i.delay_init) for delay_init
    main.o(i.main) refers to os_cpu_c.o(i.OS_CPU_SysTickInit) for OS_CPU_SysTickInit
    main.o(i.main) refers to misc.o(i.NVIC_PriorityGroupConfig) for NVIC_PriorityGroupConfig
    main.o(i.main) refers to sys.o(.emb_text) for INTX_DISABLE
    main.o(i.main) refers to os_core.o(i.OSInit) for OSInit
    main.o(i.main) refers to cpu_a.o(.text) for CPU_SR_Save
    main.o(i.main) refers to os_task.o(i.OSTaskCreate) for OSTaskCreate
    main.o(i.main) refers to os_core.o(i.OSStart) for OSStart
    main.o(i.main) refers to system_stm32f4xx.o(.data) for SystemCoreClock
    main.o(i.main) refers to os_cfg_app.o(.constdata) for OSCfg_TickRate_Hz
    main.o(i.main) refers to main.o(.bss) for START_TASK_STK
    main.o(i.main) refers to main.o(i.start_task) for start_task
    main.o(i.start_task) refers to cpu_core.o(i.CPU_Init) for CPU_Init
    main.o(i.start_task) refers to main.o(i.MainTask_Init) for MainTask_Init
    main.o(i.start_task) refers to delay.o(i.delay_ms) for delay_ms
    main.o(i.start_task) refers to os_stat.o(i.OSStatTaskCPUUsageInit) for OSStatTaskCPUUsageInit
    main.o(i.start_task) refers to cpu_a.o(.text) for CPU_SR_Save
    main.o(i.start_task) refers to os_task.o(i.OSTaskCreate) for OSTaskCreate
    main.o(i.start_task) refers to os_task.o(i.OS_TaskSuspend) for OS_TaskSuspend
    main.o(i.start_task) refers to main.o(.bss) for CHASSIS_TASK_STK
    main.o(i.start_task) refers to main.o(i.chassis_task) for chassis_task
    system_stm32f4xx.o(i.SystemCoreClockUpdate) refers to system_stm32f4xx.o(.data) for SystemCoreClock
[...]
    CPU_SR_Save                              0x080002c1   Thumb Code     0  cpu_a.o(.text)
    CPU_SR_Restore                           0x080002c9   Thumb Code     0  cpu_a.o(.text)
    CPU_WaitForInt                           0x080002cf   Thumb Code     0  cpu_a.o(.text)
    CPU_WaitForExcept                        0x080002d3   Thumb Code     0  cpu_a.o(.text)
    CPU_CntLeadZeros                         0x080002d7   Thumb Code     0  cpu_a.o(.text)
    CPU_CntTrailZeros                        0x080002dd   Thumb Code     0  cpu_a.o(.text)
    CPU_RevBits                              0x080002e7   Thumb Code     0  cpu_a.o(.text)
    __use_no_semihosting                     0x080002ed   Thumb Code     2  use_no_semi_2.o(.text)
    __use_two_region_memory                  0x080002ef   Thumb Code     2  heapauxi.o(.text)
    __rt_heap_escrow$2region                 0x080002f1   Thumb Code     2  heapauxi.o(.text)
    __rt_heap_expand$2region                 0x080002f3   Thumb Code     2  heapauxi.o(.text)
    __I$use$semihosting                      0x080002f5   Thumb Code     0  use_no_semi.o(.text)
    __use_no_semihosting_swi                 0x080002f5   Thumb Code     2  use_no_semi.o(.text)
    __read_errno                             0x080002f7   Thumb Code    10  _rserrno.o(.text)
    __set_errno                              0x08000301   Thumb Code    12  _rserrno.o(.text)
    __aeabi_errno_addr                       0x0800030d   Thumb Code     8  rt_errno_addr_intlibspace.o(.text)
    __errno$intlibspace                      0x0800030d   Thumb Code     0  rt_errno_addr_intlibspace.o(.text)
    __rt_errno_addr$intlibspace              0x0800030d   Thumb Code     0  rt_errno_addr_intlibspace.o(.text)
    __user_libspace                          0x08000315   Thumb Code     8  libspace.o(.text)
    __user_perproc_libspace                  0x08000315   Thumb Code     0  libspace.o(.text)
    __user_perthread_libspace                0x08000315   Thumb Code     0  libspace.o(.text)
    __user_setup_stackheap                   0x0800031d   Thumb Code    74  sys_stackheap_outer.o(.text)
    exit                                     0x08000367   Thumb Code    18  exit.o(.text)
    OSStartHighRdy                           0x08000379   Thumb Code     0  os_cpu_a.o(CODE)
    OSCtxSw                                  0x0800039b   Thumb Code     0  os_cpu_a.o(CODE)
    OSIntCtxSw                               0x080003a5   Thumb Code     0  os_cpu_a.o(CODE)
    PendSV_Handler                           0x080003af   Thumb Code     0  os_cpu_a.o(CODE)
    BSP_CPU_ClkFreq                          0x08000425   Thumb Code    14  bsp.o(i.BSP_CPU_ClkFreq)
    BaseMove                                 0x08000435   Thumb Code  1012  rcs_m_basemove.o(i.BaseMove)
    BusFault_Handler                         0x08000851   Thumb Code     4  stm32f4xx_it.o(i.BusFault_Handler)
    CAN1_RX0_IRQHandler                      0x08000855   Thumb Code   434  rcs_motor_3508.o(i.CAN1_RX0_IRQHandler)
    CAN2_RX0_IRQHandler                      0x08000a3d   Thumb Code   434  rcs_motor_3508.o(i.CAN2_RX0_IRQHandler)
    CAN_DeInit                               0x08000c25   Thumb Code    50  stm32f4xx_can.o(i.CAN_DeInit)
    CAN_FIFORelease                          0x08000c5d   Thumb Code    22  stm32f4xx_can.o(i.CAN_FIFORelease)
    CAN_FilterInit                           0x08000c75   Thumb Code   258  stm32f4xx_can.o(i.CAN_FilterInit)
    CAN_GetITStatus                          0x08000d7d   Thumb Code   284  stm32f4xx_can.o(i.CAN_GetITStatus)
    CAN_ITConfig                             0x08000e9d   Thumb Code    18  stm32f4xx_can.o(i.CAN_ITConfig)
    CAN_Init                                 0x08000eaf   Thumb Code   276  stm32f4xx_can.o(i.CAN_Init)
    CAN_Receive                              0x08000fc3   Thumb Code   240  stm32f4xx_can.o(i.CAN_Receive)
    CAN_StructInit                           0x080010b3   Thumb Code    32  stm32f4xx_can.o(i.CAN_StructInit)
    CAN_Transmit                             0x080010d3   Thumb Code   294  stm32f4xx_can.o(i.CAN_Transmit)
    CPU_Init                                 0x080011f9   Thumb Code    12  cpu_core.o(i.CPU_Init)
    CPU_NameClr                              0x08001205   Thumb Code    42  cpu_core.o(i.CPU_NameClr)
    CPU_TS_TmrFreqSet                        0x08001251   Thumb Code     6  cpu_core.o(i.CPU_TS_TmrFreqSet)
    CPU_TS_TmrInit                           0x0800125d   Thumb Code    44  bsp.o(i.CPU_TS_TmrInit)
    CPU_TS_TmrRd                             0x08001291   Thumb Code     6  bsp.o(i.CPU_TS_TmrRd)
    Ctrl_BaseMove_Init                       0x080012af   Thumb Code    12  rcs_ctrl_basemove.o(i.Ctrl_BaseMove_Init)
    Current_Data_Takepart                    0x080012bb   Thumb Code     8  rcs_motor_3508.o(i.Current_Data_Takepart)
    DMA1_Stream5_IRQHandler                  0x080012c5   Thumb Code    36  rcs_remote.o(i.DMA1_Stream5_IRQHandler)
    DMA_ClearFlag                            0x080012f9   Thumb Code    38  stm32f4xx_dma.o(i.DMA_ClearFlag)
    DMA_ClearITPendingBit                    0x0800132d   Thumb Code    38  stm32f4xx_dma.o(i.DMA_ClearITPendingBit)
    DMA_Cmd                                  0x08001361   Thumb Code    22  stm32f4xx_dma.o(i.DMA_Cmd)
    DMA_DeInit                               0x08001379   Thumb Code   324  stm32f4xx_dma.o(i.DMA_DeInit)
    DMA_GetITStatus                          0x080014d1   Thumb Code    82  stm32f4xx_dma.o(i.DMA_GetITStatus)
    DMA_ITConfig                             0x08001535   Thumb Code    58  stm32f4xx_dma.o(i.DMA_ITConfig)
    DMA_Init                                 0x08001571   Thumb Code    82  stm32f4xx_dma.o(i.DMA_Init)
    DebugMon_Handler                         0x080015c9   Thumb Code     2  stm32f4xx_it.o(i.DebugMon_Handler)
    GPIO_Init                                0x080015cb   Thumb Code   144  stm32f4xx_gpio.o(i.GPIO_Init)
    GPIO_PinAFConfig                         0x0800165b   Thumb Code    70  stm32f4xx_gpio.o(i.GPIO_PinAFConfig)
    GPIO_ResetBits                           0x080016a1   Thumb Code     4  stm32f4xx_gpio.o(i.GPIO_ResetBits)
    GPIO_SetBits                             0x080016a5   Thumb Code     4  stm32f4xx_gpio.o(i.GPIO_SetBits)
    GPIO_StructInit                          0x080016a9   Thumb Code    18  stm32f4xx_gpio.o(i.GPIO_StructInit)
    GetRCS_GPIO_PinSource                    0x080016bb   Thumb Code   164  rcs_types.o(i.GetRCS_GPIO_PinSource)
    Get_Motor_Float_Angle2                   0x08001761   Thumb Code    14  rcs_motor_3508.o(i.Get_Motor_Float_Angle2)
    Get_Motor_Speed                          0x08001775   Thumb Code    12  rcs_motor_3508.o(i.Get_Motor_Speed)
    Get_RC_Value                             0x08001785   Thumb Code    38  rcs_remote.o(i.Get_RC_Value)
    HardFault_Handler                        0x080017b1   Thumb Code     4  stm32f4xx_it.o(i.HardFault_Handler)
    M3508_Angle_Init                         0x080017b5   Thumb Code    30  motor_ctrl_lib.o(i.M3508_Angle_Init)
    M_BaseMove_Init                          0x080017d3   Thumb Code    16  rcs_m_basemove.o(i.M_BaseMove_Init)
    MemManage_Handler                        0x0800186d   Thumb Code     4  stm32f4xx_it.o(i.MemManage_Handler)
    Mem_Clr                                  0x08001871   Thumb Code    18  lib_mem.o(i.Mem_Clr)
    Mem_Set                                  0x08001883   Thumb Code    84  lib_mem.o(i.Mem_Set)
    Motor_Init                               0x080018d9   Thumb Code   126  rcs_motor_3508.o(i.Motor_Init)
    Motor_Init2                              0x08001981   Thumb Code   126  rcs_motor_3508.o(i.Motor_Init2)
    Motor_Send                               0x08001a29   Thumb Code    76  rcs_motor_3508.o(i.Motor_Send)
    NMI_Handler                              0x08001a79   Thumb Code     2  stm32f4xx_it.o(i.NMI_Handler)
    NVIC_Init                                0x08001a7d   Thumb Code   106  misc.o(i.NVIC_Init)
    NVIC_PriorityGroupConfig                 0x08001af5   Thumb Code    10  misc.o(i.NVIC_PriorityGroupConfig)
    OSCfg_Init                               0x08001b09   Thumb Code     2  os_cfg_app.o(i.OSCfg_Init)
    OSIdleTaskHook                           0x08001b0d   Thumb Code    16  os_cpu_c.o(i.OSIdleTaskHook)
    OSInit                                   0x08001b21   Thumb Code   270  os_core.o(i.OSInit)
    OSInitHook                               0x08001c85   Thumb Code    28  os_cpu_c.o(i.OSInitHook)
    OSIntEnter                               0x08001cad   Thumb Code    34  os_core.o(i.OSIntEnter)
    OSIntExit                                0x08001cd9   Thumb Code   188  os_core.o(i.OSIntExit)
    OSMutexCreate                            0x08001db5   Thumb Code   102  os_mutex.o(i.OSMutexCreate)
    OSMutexPend                              0x08001e25   Thumb Code   450  os_mutex.o(i.OSMutexPend)
    OSMutexPost                              0x08001ff5   Thumb Code   384  os_mutex.o(i.OSMutexPost)
    OSSched                                  0x08002181   Thumb Code   134  os_core.o(i.OSSched)
    OSSchedLock                              0x08002225   Thumb Code    88  os_core.o(i.OSSchedLock)
    OSSchedUnlock                            0x08002285   Thumb Code   120  os_core.o(i.OSSchedUnlock)
    OSStart                                  0x08002305   Thumb Code    78  os_core.o(i.OSStart)
    OSStatReset                              0x0800236d   Thumb Code   262  os_stat.o(i.OSStatReset)
    OSStatTaskCPUUsageInit                   0x08002495   Thumb Code   212  os_stat.o(i.OSStatTaskCPUUsageInit)
    OSStatTaskHook                           0x08002585   Thumb Code    16  os_cpu_c.o(i.OSStatTaskHook)
    OSTaskCreate                             0x08002599   Thumb Code   382  os_task.o(i.OSTaskCreate)
    OSTaskCreateHook                         0x08002729   Thumb Code    20  os_cpu_c.o(i.OSTaskCreateHook)
    OSTaskDel                                0x08002741   Thumb Code   380  os_task.o(i.OSTaskDel)
    OSTaskDelHook                            0x080028c9   Thumb Code    20  os_cpu_c.o(i.OSTaskDelHook)
    OSTaskResume                             0x080028e1   Thumb Code    80  os_task.o(i.OSTaskResume)
    OSTaskReturnHook                         0x08002935   Thumb Code    20  os_cpu_c.o(i.OSTaskReturnHook)
    OSTaskSemPend                            0x0800294d   Thumb Code   446  os_task.o(i.OSTaskSemPend)
    OSTaskSemPost                            0x08002b15   Thumb Code    62  os_task.o(i.OSTaskSemPost)
    OSTaskStkChk                             0x08002b55   Thumb Code   188  os_task.o(i.OSTaskStkChk)
    OSTaskStkInit                            0x08002c15   Thumb Code   600  os_cpu_c.o(i.OSTaskStkInit)
    OSTaskSuspend                            0x08002e71   Thumb Code    32  os_task.o(i.OSTaskSuspend)
    OSTaskSwHook                             0x08002e95   Thumb Code   120  os_cpu_c.o(i.OSTaskSwHook)
    OSTimeDly                                0x08002f1d   Thumb Code   156  os_time.o(i.OSTimeDly)
    OSTimeTick                               0x08002fc1   Thumb Code    50  os_time.o(i.OSTimeTick)
    OSTimeTickHook                           0x08003005   Thumb Code    16  os_cpu_c.o(i.OSTimeTickHook)
    OS_CPU_SysTickInit                       0x08003019   Thumb Code    44  os_cpu_c.o(i.OS_CPU_SysTickInit)
    OS_Dbg_Init                              0x08003049   Thumb Code   146  os_dbg.o(i.OS_Dbg_Init)
    OS_FlagInit                              0x080031f1   Thumb Code    14  os_flag.o(i.OS_FlagInit)
    OS_IdleTask                              0x08003209   Thumb Code    58  os_core.o(i.OS_IdleTask)
    OS_IdleTaskInit                          0x0800324d   Thumb Code    66  os_core.o(i.OS_IdleTaskInit)
    OS_MemInit                               0x080032bd   Thumb Code    14  os_mem.o(i.OS_MemInit)
    OS_MsgPoolInit                           0x080032d5   Thumb Code   110  os_msg.o(i.OS_MsgPoolInit)
    OS_MsgQFreeAll                           0x08003351   Thumb Code    62  os_msg.o(i.OS_MsgQFreeAll)
    OS_MsgQInit                              0x08003395   Thumb Code    14  os_msg.o(i.OS_MsgQInit)
    OS_MutexDbgListAdd                       0x080033a5   Thumb Code    38  os_mutex.o(i.OS_MutexDbgListAdd)
    OS_MutexGrpAdd                           0x080033d5   Thumb Code     8  os_mutex.o(i.OS_MutexGrpAdd)
    OS_MutexGrpPostAll                       0x080033dd   Thumb Code    96  os_mutex.o(i.OS_MutexGrpPostAll)
    OS_MutexGrpPrioFindHighest               0x0800343d   Thumb Code    44  os_mutex.o(i.OS_MutexGrpPrioFindHighest)
    OS_MutexGrpRemove                        0x08003469   Thumb Code    28  os_mutex.o(i.OS_MutexGrpRemove)
    OS_MutexInit                             0x08003485   Thumb Code    14  os_mutex.o(i.OS_MutexInit)
    OS_Pend                                  0x0800349d   Thumb Code   100  os_core.o(i.OS_Pend)
    OS_PendDataInit                          0x08003505   Thumb Code    40  os_core.o(i.OS_PendDataInit)
    OS_PendDbgNameAdd                        0x0800352d   Thumb Code    66  os_core.o(i.OS_PendDbgNameAdd)
    OS_PendDbgNameRemove                     0x08003589   Thumb Code    30  os_core.o(i.OS_PendDbgNameRemove)
    OS_PendListChangePrio                    0x080035ad   Thumb Code    58  os_core.o(i.OS_PendListChangePrio)
    OS_PendListInit                          0x080035e7   Thumb Code    10  os_core.o(i.OS_PendListInit)
    OS_PendListInsertPrio                    0x080035f1   Thumb Code   102  os_core.o(i.OS_PendListInsertPrio)
    OS_PendListRemove                        0x08003657   Thumb Code    52  os_core.o(i.OS_PendListRemove)
    OS_PendListRemove1                       0x0800368b   Thumb Code    66  os_core.o(i.OS_PendListRemove1)
    OS_Post                                  0x080036cd   Thumb Code   214  os_core.o(i.OS_Post)
    OS_Post1                                 0x080037a3   Thumb Code    44  os_core.o(i.OS_Post1)
    OS_PrioGetHighest                        0x080037d1   Thumb Code    36  os_prio.o(i.OS_PrioGetHighest)
    OS_PrioInit                              0x080037f9   Thumb Code    20  os_prio.o(i.OS_PrioInit)
    OS_PrioInsert                            0x08003811   Thumb Code    32  os_prio.o(i.OS_PrioInsert)
    OS_PrioRemove                            0x08003835   Thumb Code    32  os_prio.o(i.OS_PrioRemove)
    OS_QInit                                 0x08003859   Thumb Code    14  os_q.o(i.OS_QInit)
    OS_RdyListInit                           0x08003871   Thumb Code    32  os_core.o(i.OS_RdyListInit)
    OS_RdyListInsert                         0x08003895   Thumb Code    40  os_core.o(i.OS_RdyListInsert)
    OS_RdyListInsertHead                     0x080038c1   Thumb Code    58  os_core.o(i.OS_RdyListInsertHead)
    OS_RdyListInsertTail                     0x08003901   Thumb Code    56  os_core.o(i.OS_RdyListInsertTail)
    OS_RdyListRemove                         0x0800393d   Thumb Code    86  os_core.o(i.OS_RdyListRemove)
    OS_SchedLockTimeMeasStart                0x08003999   Thumb Code    20  os_core.o(i.OS_SchedLockTimeMeasStart)
    OS_SchedLockTimeMeasStop                 0x080039b5   Thumb Code    44  os_core.o(i.OS_SchedLockTimeMeasStop)
    OS_SemInit                               0x080039f1   Thumb Code    14  os_sem.o(i.OS_SemInit)
    OS_StatTask                              0x08003a09   Thumb Code   684  os_stat.o(i.OS_StatTask)
    OS_StatTaskInit                          0x08003cf1   Thumb Code   136  os_stat.o(i.OS_StatTaskInit)
    OS_TaskBlock                             0x08003dbd   Thumb Code    40  os_core.o(i.OS_TaskBlock)
    OS_TaskChangePrio                        0x08003de9   Thumb Code   232  os_task.o(i.OS_TaskChangePrio)
    OS_TaskDbgListAdd                        0x08003ed5   Thumb Code    42  os_task.o(i.OS_TaskDbgListAdd)
    OS_TaskDbgListRemove                     0x08003f05   Thumb Code    64  os_task.o(i.OS_TaskDbgListRemove)
    OS_TaskInit                              0x08003f49   Thumb Code    18  os_task.o(i.OS_TaskInit)
    OS_TaskInitTCB                           0x08003f69   Thumb Code   176  os_task.o(i.OS_TaskInitTCB)
    OS_TaskResume                            0x08004025   Thumb Code   256  os_task.o(i.OS_TaskResume)
    OS_TaskReturn                            0x08004125   Thumb Code    20  os_task.o(i.OS_TaskReturn)
    OS_TaskSemPost                           0x0800413d   Thumb Code   448  os_task.o(i.OS_TaskSemPost)
    OS_TaskSuspend                           0x08004301   Thumb Code   272  os_task.o(i.OS_TaskSuspend)
    OS_TickListInsert                        0x08004419   Thumb Code   134  os_tick.o(i.OS_TickListInsert)
    OS_TickListInsertDly                     0x080044a1   Thumb Code   180  os_tick.o(i.OS_TickListInsertDly)
    OS_TickListRemove                        0x0800455d   Thumb Code    88  os_tick.o(i.OS_TickListRemove)
    OS_TickListResetPeak                     0x080045b5   Thumb Code     2  os_tick.o(i.OS_TickListResetPeak)
    OS_TickTask                              0x08004765   Thumb Code    90  os_tick.o(i.OS_TickTask)
    OS_TickTaskInit                          0x080047c9   Thumb Code   140  os_tick.o(i.OS_TickTaskInit)
    OS_TmrInit                               0x08004891   Thumb Code   200  os_tmr.o(i.OS_TmrInit)
    OS_TmrResetPeak                          0x080049dd   Thumb Code     2  os_tmr.o(i.OS_TmrResetPeak)
    OS_TmrTask                               0x080049e1   Thumb Code   134  os_tmr.o(i.OS_TmrTask)
    OS_TmrUnlink                             0x08004a75   Thumb Code    58  os_tmr.o(i.OS_TmrUnlink)
    PID_Degree_Ctrl                          0x08004acd   Thumb Code   172  rcs_pidctrl.o(i.PID_Degree_Ctrl)
    PID_FeedbackX                            0x08004b91   Thumb Code   172  rcs_pidctrl.o(i.PID_FeedbackX)
    PID_FeedbackY                            0x08004c55   Thumb Code   172  rcs_pidctrl.o(i.PID_FeedbackY)
    PID_Mwheel_Speed_Ctrl                    0x08004d19   Thumb Code   220  rcs_pidctrl.o(i.PID_Mwheel_Speed_Ctrl)
    RCC_AHB1PeriphClockCmd                   0x08004e09   Thumb Code    26  stm32f4xx_rcc.o(i.RCC_AHB1PeriphClockCmd)
    RCC_APB1PeriphClockCmd                   0x08004e29   Thumb Code    26  stm32f4xx_rcc.o(i.RCC_APB1PeriphClockCmd)
    RCC_APB1PeriphResetCmd                   0x08004e49   Thumb Code    26  stm32f4xx_rcc.o(i.RCC_APB1PeriphResetCmd)
    RCC_APB2PeriphClockCmd                   0x08004e69   Thumb Code    26  stm32f4xx_rcc.o(i.RCC_APB2PeriphClockCmd)
    RCC_APB2PeriphResetCmd                   0x08004e89   Thumb Code    26  stm32f4xx_rcc.o(i.RCC_APB2PeriphResetCmd)
    RCC_GetClocksFreq                        0x08004ea9   Thumb Code   214  stm32f4xx_rcc.o(i.RCC_GetClocksFreq)
    RCS_CAN1_Config                          0x08004f91   Thumb Code   284  rcs_can.o(i.RCS_CAN1_Config)
    RCS_CAN2_Config                          0x080050b5   Thumb Code   286  rcs_can.o(i.RCS_CAN2_Config)
    RCS_CANx_Send                            0x080051dd   Thumb Code    64  rcs_can.o(i.RCS_CANx_Send)
    RCS_GPIO_Reset                           0x0800521d   Thumb Code    16  rcs_gpio.o(i.RCS_GPIO_Reset)
    RCS_GPIO_Set                             0x0800522d   Thumb Code    16  rcs_gpio.o(i.RCS_GPIO_Set)
    RCS_Get_X                                0x0800523d   Thumb Code     8  rcs_grobal_gps.o(i.RCS_Get_X)
    RCS_Get_Y                                0x08005249   Thumb Code     8  rcs_grobal_gps.o(i.RCS_Get_Y)
    RCS_Get_Z                                0x08005255   Thumb Code     8  rcs_grobal_gps.o(i.RCS_Get_Z)
    RC_Init                                  0x08005261   Thumb Code   256  rcs_remote.o(i.RC_Init)
    Remote_Ctrl                              0x08005421   Thumb Code   346  rcs_ctrl_basemove.o(i.Remote_Ctrl)
    SVC_Handler                              0x08005591   Thumb Code     2  stm32f4xx_it.o(i.SVC_Handler)
    SysTick_CLKSourceConfig                  0x08005681   Thumb Code    40  misc.o(i.SysTick_CLKSourceConfig)
    SysTick_Handler                          0x080056a9   Thumb Code    24  delay.o(i.SysTick_Handler)
    SystemInit                               0x080056c5   Thumb Code    88  system_stm32f4xx.o(i.SystemInit)
    TIM2_IRQHandler                          0x0800572d   Thumb Code    56  rcs_timer.o(i.TIM2_IRQHandler)
    TIM3_IRQHandler                          0x0800576d   Thumb Code    12  rcs_timer.o(i.TIM3_IRQHandler)
    TIM4_IRQHandler                          0x0800577d   Thumb Code    12  rcs_timer.o(i.TIM4_IRQHandler)
    TIM_ClearITPendingBit                    0x0800578d   Thumb Code     6  stm32f4xx_tim.o(i.TIM_ClearITPendingBit)
    USART1_IRQHandler                        0x08005795   Thumb Code   130  usart.o(i.USART1_IRQHandler)
    USART_Cmd                                0x08005825   Thumb Code    24  stm32f4xx_usart.o(i.USART_Cmd)
    USART_DMACmd                             0x0800583d   Thumb Code    18  stm32f4xx_usart.o(i.USART_DMACmd)
    USART_DeInit                             0x08005851   Thumb Code   206  stm32f4xx_usart.o(i.USART_DeInit)
    USART_GetITStatus                        0x08005941   Thumb Code    84  stm32f4xx_usart.o(i.USART_GetITStatus)
    USART_Init                               0x08005995   Thumb Code   204  stm32f4xx_usart.o(i.USART_Init)
    USART_ReceiveData                        0x08005a69   Thumb Code    10  stm32f4xx_usart.o(i.USART_ReceiveData)
    UsageFault_Handler                       0x08005a73   Thumb Code     4  stm32f4xx_it.o(i.UsageFault_Handler)
    __ARM_fpclassify                         0x08005bed   Thumb Code    48  fpclassify.o(i.__ARM_fpclassify)
    __hardfp_atan                            0x08005c21   Thumb Code   622  atan.o(i.__hardfp_atan)
    __hardfp_atan2                           0x08005ef9   Thumb Code   432  atan2.o(i.__hardfp_atan2)
    __hardfp_cos                             0x080060e9   Thumb Code   180  cos.o(i.__hardfp_cos)
    __hardfp_sqrt                            0x080061b1   Thumb Code   122  sqrt.o(i.__hardfp_sqrt)
    __ieee754_rem_pio2                       0x08006231   Thumb Code   938  rred.o(i.__ieee754_rem_pio2)
    __kernel_cos                             0x08006669   Thumb Code   322  cos_i.o(i.__kernel_cos)
    __kernel_poly                            0x080067d9   Thumb Code   248  poly.o(i.__kernel_poly)
    __kernel_sin                             0x080068d1   Thumb Code   280  sin_i.o(i.__kernel_sin)
    __mathlib_dbl_infnan                     0x08006a01   Thumb Code    20  dunder.o(i.__mathlib_dbl_infnan)
    __mathlib_dbl_infnan2                    0x08006a15   Thumb Code    20  dunder.o(i.__mathlib_dbl_infnan2)
    __mathlib_dbl_invalid                    0x08006a29   Thumb Code    24  dunder.o(i.__mathlib_dbl_invalid)
    __mathlib_dbl_underflow                  0x08006a49   Thumb Code    24  dunder.o(i.__mathlib_dbl_underflow)
    _sys_exit                                0x08006a69   Thumb Code     4  usart.o(i._sys_exit)
    atan                                     0x08006a6d   Thumb Code    16  atan.o(i.atan)
    chassis_task                             0x08006a7d   Thumb Code    22  main.o(i.chassis_task)
    delay_init                               0x08006a99   Thumb Code    94  delay.o(i.delay_init)
    delay_ms                                 0x08006b09   Thumb Code    66  delay.o(i.delay_ms)
    delay_osschedlock                        0x08006b59   Thumb Code    10  delay.o(i.delay_osschedlock)
    delay_osschedunlock                      0x08006b63   Thumb Code    10  delay.o(i.delay_osschedunlock)
    delay_ostimedly                          0x08006b6d   Thumb Code    16  delay.o(i.delay_ostimedly)
    delay_us                                 0x08006b7d   Thumb Code    84  delay.o(i.delay_us)
    fabs                                     0x08006bd5   Thumb Code    24  fabs.o(i.fabs)
    main                                     0x08006bed   Thumb Code   136  main.o(i.main)
    start_task                               0x08006c95   Thumb Code   122  main.o(i.start_task)
    __aeabi_dneg                             0x08006d31   Thumb Code     0  basic.o(x$fpl$basic)
    _dneg                                    0x08006d31   Thumb Code     6  basic.o(x$fpl$basic)
    __aeabi_fneg                             0x08006d37   Thumb Code     0  basic.o(x$fpl$basic)
    _fneg                                    0x08006d37   Thumb Code     6  basic.o(x$fpl$basic)
    _dabs                                    0x08006d3d   Thumb Code     6  basic.o(x$fpl$basic)
    _fabs                                    0x08006d43   Thumb Code     6  basic.o(x$fpl$basic)
    __aeabi_d2f                              0x08006d49   Thumb Code     0  d2f.o(x$fpl$d2f)
    _d2f                                     0x08006d49   Thumb Code    98  d2f.o(x$fpl$d2f)
    __aeabi_dadd                             0x08006dad   Thumb Code     0  daddsub_clz.o(x$fpl$dadd)
    _dadd                                    0x08006dad   Thumb Code   332  daddsub_clz.o(x$fpl$dadd)
    __aeabi_ddiv                             0x08006efd   Thumb Code     0  ddiv.o(x$fpl$ddiv)
    _ddiv                                    0x08006efd   Thumb Code   552  ddiv.o(x$fpl$ddiv)
    __aeabi_d2iz                             0x080071ad   Thumb Code     0  dfix.o(x$fpl$dfix)
    _dfix                                    0x080071ad   Thumb Code    94  dfix.o(x$fpl$dfix)
    __aeabi_i2d                              0x0800720b   Thumb Code     0  dflt_clz.o(x$fpl$dflt)
    _dflt                                    0x0800720b   Thumb Code    46  dflt_clz.o(x$fpl$dflt)
    __aeabi_ui2d                             0x08007239   Thumb Code     0  dflt_clz.o(x$fpl$dfltu)
    _dfltu                                   0x08007239   Thumb Code    38  dflt_clz.o(x$fpl$dfltu)
    __aeabi_dmul                             0x08007261   Thumb Code     0  dmul.o(x$fpl$dmul)
    _dmul                                    0x08007261   Thumb Code   332  dmul.o(x$fpl$dmul)
    __fpl_dnaninf                            0x080073b5   Thumb Code   156  dnaninf.o(x$fpl$dnaninf)
    __fpl_dretinf                            0x08007451   Thumb Code    12  dretinf.o(x$fpl$dretinf)
    __aeabi_drsub                            0x0800745d   Thumb Code     0  daddsub_clz.o(x$fpl$drsb)
    _drsb                                    0x0800745d   Thumb Code    22  daddsub_clz.o(x$fpl$drsb)
    _dsqrt                                   0x08007475   Thumb Code   404  dsqrt_umaal.o(x$fpl$dsqrt)
    __aeabi_dsub                             0x0800760d   Thumb Code     0  daddsub_clz.o(x$fpl$dsub)
    _dsub                                    0x0800760d   Thumb Code   464  daddsub_clz.o(x$fpl$dsub)
    __aeabi_f2d                              0x080077e1   Thumb Code     0  f2d.o(x$fpl$f2d)
    _f2d                                     0x080077e1   Thumb Code    86  f2d.o(x$fpl$f2d)
    __fpl_fnaninf                            0x08007837   Thumb Code   140  fnaninf.o(x$fpl$fnaninf)
    _fp_init                                 0x080078c3   Thumb Code    10  fpinit.o(x$fpl$fpinit)
    __fplib_config_fpu_vfp                   0x080078cb   Thumb Code     0  fpinit.o(x$fpl$fpinit)
    __fplib_config_pureend_doubles           0x080078cb   Thumb Code     0  fpinit.o(x$fpl$fpinit)
    __fpl_fretinf                            0x080078cd   Thumb Code    10  fretinf.o(x$fpl$fretinf)
    __I$use$fp                               0x080078d6   Number         0  usenofp.o(x$fpl$usenofp)
    OSCfg_IdleTaskStkBasePtr                 0x080078d8   Data           4  os_cfg_app.o(.constdata)
    OSCfg_IdleTaskStkLimit                   0x080078dc   Data           4  os_cfg_app.o(.constdata)
    OSCfg_IdleTaskStkSize                    0x080078e0   Data           4  os_cfg_app.o(.constdata)
    OSCfg_IdleTaskStkSizeRAM                 0x080078e4   Data           4  os_cfg_app.o(.constdata)
    OSCfg_IntQBasePtr                        0x080078e8   Data           4  os_cfg_app.o(.constdata)
    OSCfg_IntQSize                           0x080078ec   Data           2  os_cfg_app.o(.constdata)
    OSCfg_IntQSizeRAM                        0x080078f0   Data           4  os_cfg_app.o(.constdata)
    OSCfg_IntQTaskStkBasePtr                 0x080078f4   Data           4  os_cfg_app.o(.constdata)
    OSCfg_IntQTaskStkLimit                   0x080078f8   Data           4  os_cfg_app.o(.constdata)
    OSCfg_IntQTaskStkSize                    0x080078fc   Data           4  os_cfg_app.o(.constdata)
    OSCfg_IntQTaskStkSizeRAM                 0x08007900   Data           4  os_cfg_app.o(.constdata)
    OSCfg_ISRStkBasePtr                      0x08007904   Data           4  os_cfg_app.o(.constdata)
    OSCfg_ISRStkSize                         0x08007908   Data           4  os_cfg_app.o(.constdata)
    OSCfg_ISRStkSizeRAM                      0x0800790c   Data           4  os_cfg_app.o(.constdata)
    OSCfg_MsgPoolSize                        0x08007910   Data           2  os_cfg_app.o(.constdata)
    OSCfg_MsgPoolSizeRAM                     0x08007914   Data           4  os_cfg_app.o(.constdata)
    OSCfg_MsgPoolBasePtr                     0x08007918   Data           4  os_cfg_app.o(.constdata)
    OSCfg_StatTaskPrio                       0x0800791c   Data           1  os_cfg_app.o(.constdata)
    OSCfg_StatTaskRate_Hz                    0x08007920   Data           4  os_cfg_app.o(.constdata)
    OSCfg_StatTaskStkBasePtr                 0x08007924   Data           4  os_cfg_app.o(.constdata)
    OSCfg_StatTaskStkLimit                   0x08007928   Data           4  os_cfg_app.o(.constdata)
    OSCfg_StatTaskStkSize                    0x0800792c   Data           4  os_cfg_app.o(.constdata)
    OSCfg_StatTaskStkSizeRAM                 0x08007930   Data           4  os_cfg_app.o(.constdata)
    OSCfg_StkSizeMin                         0x08007934   Data           4  os_cfg_app.o(.constdata)
    OSCfg_TickRate_Hz                        0x08007938   Data           4  os_cfg_app.o(.constdata)
    OSCfg_TickTaskPrio                       0x0800793c   Data           1  os_cfg_app.o(.constdata)
    OSCfg_TickTaskStkBasePtr                 0x08007940   Data           4  os_cfg_app.o(.constdata)
    OSCfg_TickTaskStkLimit                   0x08007944   Data           4  os_cfg_app.o(.constdata)
    OSCfg_TickTaskStkSize                    0x08007948   Data           4  os_cfg_app.o(.constdata)
    OSCfg_TickTaskStkSizeRAM                 0x0800794c   Data           4  os_cfg_app.o(.constdata)
    OSCfg_TmrTaskPrio                        0x08007950   Data           1  os_cfg_app.o(.constdata)
    OSCfg_TmrTaskRate_Hz                     0x08007954   Data           4  os_cfg_app.o(.constdata)
    OSCfg_TmrTaskStkBasePtr                  0x08007958   Data           4  os_cfg_app.o(.constdata)
    OSCfg_TmrTaskStkLimit                    0x0800795c   Data           4  os_cfg_app.o(.constdata)
    OSCfg_TmrTaskStkSize                     0x08007960   Data           4  os_cfg_app.o(.constdata)
    OSCfg_TmrTaskStkSizeRAM                  0x08007964   Data           4  os_cfg_app.o(.constdata)
    OSCfg_DataSizeRAM                        0x08007968   Data           4  os_cfg_app.o(.constdata)
    OSDbg_DbgEn                              0x0800796c   Data           1  os_dbg.o(.constdata)
    OSDbg_ArgChkEn                           0x0800796d   Data           1  os_dbg.o(.constdata)
    OSDbg_AppHooksEn                         0x0800796e   Data           1  os_dbg.o(.constdata)
    OSDbg_EndiannessTest                     0x08007970   Data           4  os_dbg.o(.constdata)
    OSDbg_CalledFromISRChkEn                 0x08007974   Data           1  os_dbg.o(.constdata)
    OSDbg_FlagEn                             0x08007975   Data           1  os_dbg.o(.constdata)
    OSDbg_FlagGrp                            0x08007978   Data          40  os_dbg.o(.constdata)
    OSDbg_FlagDelEn                          0x080079a0   Data           1  os_dbg.o(.constdata)
    OSDbg_FlagModeClrEn                      0x080079a1   Data           1  os_dbg.o(.constdata)
    OSDbg_FlagPendAbortEn                    0x080079a2   Data           1  os_dbg.o(.constdata)
    OSDbg_FlagGrpSize                        0x080079a4   Data           2  os_dbg.o(.constdata)
    OSDbg_FlagWidth                          0x080079a6   Data           2  os_dbg.o(.constdata)
    OSDbg_IntQ                               0x080079a8   Data           2  os_dbg.o(.constdata)
    OSDbg_ISRPostDeferredEn                  0x080079aa   Data           1  os_dbg.o(.constdata)
    OSDbg_Mem                                0x080079ac   Data          32  os_dbg.o(.constdata)
    OSDbg_MemEn                              0x080079cc   Data           1  os_dbg.o(.constdata)
    OSDbg_MemSize                            0x080079ce   Data           2  os_dbg.o(.constdata)
    OSDbg_MsgEn                              0x080079d0   Data           1  os_dbg.o(.constdata)
    OSDbg_MsgSize                            0x080079d2   Data           2  os_dbg.o(.constdata)
    OSDbg_MsgPoolSize                        0x080079d4   Data           2  os_dbg.o(.constdata)
    OSDbg_MsgQSize                           0x080079d6   Data           2  os_dbg.o(.constdata)
    OSDbg_Mutex                              0x080079d8   Data          48  os_dbg.o(.constdata)
    OSDbg_MutexEn                            0x08007a08   Data           1  os_dbg.o(.constdata)
    OSDbg_MutexDelEn                         0x08007a09   Data           1  os_dbg.o(.constdata)
    OSDbg_MutexPendAbortEn                   0x08007a0a   Data           1  os_dbg.o(.constdata)
    OSDbg_MutexSize                          0x08007a0c   Data           2  os_dbg.o(.constdata)
    OSDbg_ObjTypeChkEn                       0x08007a0e   Data           1  os_dbg.o(.constdata)
    OSDbg_PendMultiEn                        0x08007a0f   Data           1  os_dbg.o(.constdata)
    OSDbg_PendDataSize                       0x08007a10   Data           2  os_dbg.o(.constdata)
    OSDbg_PendListSize                       0x08007a12   Data           2  os_dbg.o(.constdata)
    OSDbg_PendObjSize                        0x08007a14   Data           2  os_dbg.o(.constdata)
    OSDbg_PrioMax                            0x08007a16   Data           2  os_dbg.o(.constdata)
    OSDbg_PrioTblSize                        0x08007a18   Data           2  os_dbg.o(.constdata)
    OSDbg_PtrSize                            0x08007a1a   Data           2  os_dbg.o(.constdata)
    OSDbg_Q                                  0x08007a1c   Data          48  os_dbg.o(.constdata)
    OSDbg_QEn                                0x08007a4c   Data           1  os_dbg.o(.constdata)
    OSDbg_QDelEn                             0x08007a4d   Data           1  os_dbg.o(.constdata)
    OSDbg_QFlushEn                           0x08007a4e   Data           1  os_dbg.o(.constdata)
    OSDbg_QPendAbortEn                       0x08007a4f   Data           1  os_dbg.o(.constdata)
    OSDbg_QSize                              0x08007a50   Data           2  os_dbg.o(.constdata)
    OSDbg_SchedRoundRobinEn                  0x08007a52   Data           1  os_dbg.o(.constdata)
    OSDbg_Sem                                0x08007a54   Data          40  os_dbg.o(.constdata)
    OSDbg_SemEn                              0x08007a7c   Data           1  os_dbg.o(.constdata)
    OSDbg_SemDelEn                           0x08007a7d   Data           1  os_dbg.o(.constdata)
    OSDbg_SemPendAbortEn                     0x08007a7e   Data           1  os_dbg.o(.constdata)
    OSDbg_SemSetEn                           0x08007a7f   Data           1  os_dbg.o(.constdata)
    OSDbg_SemSize                            0x08007a80   Data           2  os_dbg.o(.constdata)
    OSDbg_RdyList                            0x08007a82   Data           2  os_dbg.o(.constdata)
    OSDbg_RdyListSize                        0x08007a84   Data           4  os_dbg.o(.constdata)
    OSDbg_StkWidth                           0x08007a88   Data           1  os_dbg.o(.constdata)
    OSDbg_StatTaskEn                         0x08007a89   Data           1  os_dbg.o(.constdata)
    OSDbg_StatTaskStkChkEn                   0x08007a8a   Data           1  os_dbg.o(.constdata)
    OSDbg_TaskChangePrioEn                   0x08007a8b   Data           1  os_dbg.o(.constdata)
    OSDbg_TaskDelEn                          0x08007a8c   Data           1  os_dbg.o(.constdata)
    OSDbg_TaskQEn                            0x08007a8d   Data           1  os_dbg.o(.constdata)
    OSDbg_TaskQPendAbortEn                   0x08007a8e   Data           1  os_dbg.o(.constdata)
    OSDbg_TaskProfileEn                      0x08007a8f   Data           1  os_dbg.o(.constdata)
    OSDbg_TaskRegTblSize                     0x08007a90   Data           2  os_dbg.o(.constdata)
    OSDbg_TaskSemPendAbortEn                 0x08007a92   Data           1  os_dbg.o(.constdata)
    OSDbg_TaskSuspendEn                      0x08007a93   Data           1  os_dbg.o(.constdata)
    OSDbg_TCBSize                            0x08007a94   Data           2  os_dbg.o(.constdata)
    OSDbg_TickListSize                       0x08007a96   Data           2  os_dbg.o(.constdata)
    OSDbg_TimeDlyHMSMEn                      0x08007a98   Data           1  os_dbg.o(.constdata)
    OSDbg_TimeDlyResumeEn                    0x08007a99   Data           1  os_dbg.o(.constdata)
    OSDbg_TLS_TblSize                        0x08007a9a   Data           2  os_dbg.o(.constdata)
    OSDbg_Tmr                                0x08007a9c   Data          48  os_dbg.o(.constdata)
    OSDbg_TmrEn                              0x08007acc   Data           1  os_dbg.o(.constdata)
    OSDbg_TmrDelEn                           0x08007acd   Data           1  os_dbg.o(.constdata)
    OSDbg_TmrSize                            0x08007ace   Data           2  os_dbg.o(.constdata)
    OSDbg_VersionNbr                         0x08007ad0   Data           2  os_dbg.o(.constdata)
    OSDbg_DataSize                           0x08007ad4   Data           4  os_dbg.o(.constdata)
    __mathlib_zero                           0x08007ba0   Data           8  qnan.o(.constdata)
    Region$$Table$$Base                      0x08007c98   Number         0  anon$$obj.o(Region$$Table)
    Region$$Table$$Limit                     0x08007cb8   Number         0  anon$$obj.o(Region$$Table)
    init_angle                               0x20000000   Data           4  main.o(.data)
    SystemCoreClock                          0x20000004   Data           4  system_stm32f4xx.o(.data)
    AHBPrescTable                            0x20000008   Data          16  system_stm32f4xx.o(.data)
    CPU_TS_TmrFreq_Hz                        0x20000028   Data           4  cpu_core.o(.data)
    OSPrioTbl                                0x2000002c   Data           8  os_prio.o(.data)
    OS_AppTaskCreateHookPtr                  0x20000034   Data           4  os_var.o(.data)
    OS_AppTaskDelHookPtr                     0x20000038   Data           4  os_var.o(.data)
    OS_AppTaskReturnHookPtr                  0x2000003c   Data           4  os_var.o(.data)
    OS_AppIdleTaskHookPtr                    0x20000040   Data           4  os_var.o(.data)
    OS_AppStatTaskHookPtr                    0x20000044   Data           4  os_var.o(.data)
    OS_AppTaskSwHookPtr                      0x20000048   Data           4  os_var.o(.data)
    OS_AppTimeTickHookPtr                    0x2000004c   Data           4  os_var.o(.data)
    OSIdleTaskCtr                            0x20000050   Data           4  os_var.o(.data)
    OSIntNestingCtr                          0x20000054   Data           1  os_var.o(.data)
    OSRunning                                0x20000055   Data           1  os_var.o(.data)
    OSFlagDbgListPtr                         0x20000058   Data           4  os_var.o(.data)
    OSFlagQty                                0x2000005c   Data           2  os_var.o(.data)
    OSMemDbgListPtr                          0x20000060   Data           4  os_var.o(.data)
    OSMemQty                                 0x20000064   Data           2  os_var.o(.data)
    OSMutexDbgListPtr                        0x20000068   Data           4  os_var.o(.data)
    OSMutexQty                               0x2000006c   Data           2  os_var.o(.data)
    OSPrioCur                                0x2000006e   Data           1  os_var.o(.data)
    OSPrioHighRdy                            0x2000006f   Data           1  os_var.o(.data)
    OSPrioSaved                              0x20000070   Data           1  os_var.o(.data)
    OSQDbgListPtr                            0x20000074   Data           4  os_var.o(.data)
    OSQQty                                   0x20000078   Data           2  os_var.o(.data)
    OSSchedLockTimeBegin                     0x2000007c   Data           4  os_var.o(.data)
    OSSchedLockTimeMax                       0x20000080   Data           4  os_var.o(.data)
    OSSchedLockTimeMaxCur                    0x20000084   Data           4  os_var.o(.data)
    OSSchedLockNestingCtr                    0x20000088   Data           1  os_var.o(.data)
    OSSemDbgListPtr                          0x2000008c   Data           4  os_var.o(.data)
    OSSemQty                                 0x20000090   Data           2  os_var.o(.data)
    OSStatResetFlag                          0x20000092   Data           1  os_var.o(.data)
    OSStatTaskCPUUsage                       0x20000094   Data           2  os_var.o(.data)
    OSStatTaskCPUUsageMax                    0x20000096   Data           2  os_var.o(.data)
    OSStatTaskCtr                            0x20000098   Data           4  os_var.o(.data)
    OSStatTaskCtrMax                         0x2000009c   Data           4  os_var.o(.data)
    OSStatTaskCtrRun                         0x200000a0   Data           4  os_var.o(.data)
    OSStatTaskRdy                            0x200000a4   Data           1  os_var.o(.data)
    OSStatTaskTimeMax                        0x200000a8   Data           4  os_var.o(.data)
    OSTaskCtxSwCtr                           0x200000ac   Data           4  os_var.o(.data)
    OSTaskDbgListPtr                         0x200000b0   Data           4  os_var.o(.data)
    OSTaskQty                                0x200000b4   Data           2  os_var.o(.data)
    OSTaskRegNextAvailID                     0x200000b6   Data           1  os_var.o(.data)
    OSTickCtr                                0x200000b8   Data           4  os_var.o(.data)
    OSTickTaskTimeMax                        0x200000bc   Data           4  os_var.o(.data)
    OSTickListDly                            0x200000c0   Data           8  os_var.o(.data)
    OSTickListTimeout                        0x200000c8   Data           8  os_var.o(.data)
    OSTmrDbgListPtr                          0x200000d0   Data           4  os_var.o(.data)
    OSTmrListEntries                         0x200000d4   Data           2  os_var.o(.data)
    OSTmrListPtr                             0x200000d8   Data           4  os_var.o(.data)
    OSTmrQty                                 0x200000dc   Data           2  os_var.o(.data)
    OSTmrTaskTimeMax                         0x200000e0   Data           4  os_var.o(.data)
    OSTmrTickCtr                             0x200000e4   Data           4  os_var.o(.data)
    OSTmrUpdateCnt                           0x200000e8   Data           4  os_var.o(.data)
    OSTmrUpdateCtr                           0x200000ec   Data           4  os_var.o(.data)
    OSTCBCurPtr                              0x200000f0   Data           4  os_var.o(.data)
    OSTCBHighRdyPtr                          0x200000f4   Data           4  os_var.o(.data)
    OS_CPU_ExceptStkBase                     0x200000f8   Data           4  os_cpu_c.o(.data)
    __stdout                                 0x20000100   Data           4  usart.o(.data)
    USART_RX_STA                             0x20000104   Data           2  usart.o(.data)
    max_position                             0x20000130   Data           4  rcs_motor_3508.o(.data)
    g_encoder_speed                          0x20000154   Data           8  rcs_motor_3508.o(.data)
    g_encoder_speed2                         0x2000017c   Data           8  rcs_motor_3508.o(.data)
    StartTaskTCB                             0x200001c0   Data         192  main.o(.bss)
    START_TASK_STK                           0x20000280   Data        2048  main.o(.bss)
    ChassisTaskTCB                           0x20000a80   Data         192  main.o(.bss)
    CHASSIS_TASK_STK                         0x20000b40   Data        1024  main.o(.bss)
    CPU_Name                                 0x20000f40   Data          16  cpu_core.o(.bss)
    OSCfg_IdleTaskStk                        0x20000f50   Data         512  os_cfg_app.o(.bss)
    OSCfg_ISRStk                             0x20001150   Data         512  os_cfg_app.o(.bss)
    OSCfg_MsgPool                            0x20001350   Data        1600  os_cfg_app.o(.bss)
    OSCfg_StatTaskStk                        0x20001990   Data         512  os_cfg_app.o(.bss)
    OSCfg_TickTaskStk                        0x20001b90   Data         512  os_cfg_app.o(.bss)
    OSCfg_TmrTaskStk                         0x20001d90   Data         512  os_cfg_app.o(.bss)
    OSIdleTaskTCB                            0x20001f90   Data         192  os_var.o(.bss)
    OSMsgPool                                0x20002050   Data          12  os_var.o(.bss)
    OSRdyList                                0x2000205c   Data         768  os_var.o(.bss)
    OSStatTaskTCB                            0x2000235c   Data         192  os_var.o(.bss)
    OSTickTaskTCB                            0x2000241c   Data         192  os_var.o(.bss)
    OSTmrMutex                               0x200024dc   Data          48  os_var.o(.bss)
    OSTmrTaskTCB                             0x2000250c   Data         192  os_var.o(.bss)
    USART_RX_BUF                             0x200025cc   Data         200  usart.o(.bss)
    rc_value                                 0x20002694   Data          10  rcs_ctrl_basemove.o(.bss)
    speed_pid                                0x200026c0   Data          12  rcs_m_basemove.o(.bss)
    angle_pid                                0x200026cc   Data          12  rcs_m_basemove.o(.bss)
    coord_pid                                0x200026d8   Data          12  rcs_m_basemove.o(.bss)
    g_encoder_float_angle                    0x200026f4   Data          16  rcs_motor_3508.o(.bss)
    g_encoder_int_angle                      0x20002704   Data          16  rcs_motor_3508.o(.bss)
    g_encoder_float_angle2                   0x20002724   Data          16  rcs_motor_3508.o(.bss)
    g_encoder_int_angle2                     0x20002734   Data          16  rcs_motor_3508.o(.bss)
    sbus_rx_buffer                           0x20002774   Data          36  rcs_remote.o(.bss)
    __libspace_start                         0x200027a4   Data          96  libspace.o(.bss)
    __temporary_stack_top$libspace           0x20002804   Data           0  libspace.o(.bss)



==============================================================================

Memory Map of the image

  Image Entry point : 0x08000189

  Load Region LR_IROM1 (Base: 0x08000000, Size: 0x00007e78, Max: 0x00100000, ABSOLUTE, COMPRESSED[0x00007cd0])

    Execution Region ER_IROM1 (Exec base: 0x08000000, Load base: 0x08000000, Size: 0x00007cb8, Max: 0x00100000, ABSOLUTE)

    Exec Addr    Load Addr    Size         Type   Attr      Idx    E Section Name        Object

    0x08000000   0x08000000   0x00000188   Data   RO            3    RESET               startup_stm32f40_41xxx.o
    0x08000188   0x08000188   0x00000008   Code   RO         8813  * !!!main             c_w.l(__main.o)
    0x08000190   0x08000190   0x00000034   Code   RO         9299    !!!scatter          c_w.l(__scatter.o)
    0x080001c4   0x080001c4   0x0000005a   Code   RO         9297    !!dczerorl2         c_w.l(__dczerorl2.o)
    0x0800021e   0x0800021e   0x00000002   PAD
    0x08000220   0x08000220   0x0000001c   Code   RO         9301    !!handler_zi        c_w.l(__scatter_zi.o)
    0x0800023c   0x0800023c   0x00000002   Code   RO         9163    .ARM.Collect$$libinit$$00000000  c_w.l(libinit.o)
    0x0800023e   0x0800023e   0x00000004   Code   RO         9181    .ARM.Collect$$libinit$$00000001  c_w.l(libinit2.o)
    0x08000242   0x08000242   0x00000000   Code   RO         9184    .ARM.Collect$$libinit$$00000004  c_w.l(libinit2.o)
    0x08000242   0x08000242   0x00000000   Code   RO         9187    .ARM.Collect$$libinit$$0000000A  c_w.l(libinit2.o)
    0x08000242   0x08000242   0x00000000   Code   RO         9189    .ARM.Collect$$libinit$$0000000C  c_w.l(libinit2.o)
    0x08000242   0x08000242   0x00000000   Code   RO         9191    .ARM.Collect$$libinit$$0000000E  c_w.l(libinit2.o)
    0x08000242   0x08000242   0x00000000   Code   RO         9194    .ARM.Collect$$libinit$$00000011  c_w.l(libinit2.o)
    0x08000242   0x08000242   0x00000000   Code   RO         9196    .ARM.Collect$$libinit$$00000013  c_w.l(libinit2.o)
    0x08000242   0x08000242   0x00000000   Code   RO         9198    .ARM.Collect$$libinit$$00000015  c_w.l(libinit2.o)
    0x08000242   0x08000242   0x00000000   Code   RO         9200    .ARM.Collect$$libinit$$00000017  c_w.l(libinit2.o)
    0x08000242   0x08000242   0x00000000   Code   RO         9202    .ARM.Collect$$libinit$$00000019  c_w.l(libinit2.o)
    0x08000242   0x08000242   0x00000000   Code   RO         9204    .ARM.Collect$$libinit$$0000001B  c_w.l(libinit2.o)
    0x08000242   0x08000242   0x00000000   Code   RO         9206    .ARM.Collect$$libinit$$0000001D  c_w.l(libinit2.o)
    0x08000242   0x08000242   0x00000000   Code   RO         9208    .ARM.Collect$$libinit$$0000001F  c_w.l(libinit2.o)
    0x08000242   0x08000242   0x00000000   Code   RO         9210    .ARM.Collect$$libinit$$00000021  c_w.l(libinit2.o)
    0x08000242   0x08000242   0x00000000   Code   RO         9212    .ARM.Collect$$libinit$$00000023  c_w.l(libinit2.o)
    0x08000242   0x08000242   0x00000000   Code   RO         9214    .ARM.Collect$$libinit$$00000025  c_w.l(libinit2.o)
    0x08000242   0x08000242   0x00000000   Code   RO         9218    .ARM.Collect$$libinit$$0000002C  c_w.l(libinit2.o)
    0x08000242   0x08000242   0x00000000   Code   RO         9220    .ARM.Collect$$libinit$$0000002E  c_w.l(libinit2.o)
    0x08000242   0x08000242   0x00000000   Code   RO         9222    .ARM.Collect$$libinit$$00000030  c_w.l(libinit2.o)
    0x08000242   0x08000242   0x00000000   Code   RO         9224    .ARM.Collect$$libinit$$00000032  c_w.l(libinit2.o)
    0x08000242   0x08000242   0x00000002   Code   RO         9225    .ARM.Collect$$libinit$$00000033  c_w.l(libinit2.o)
    0x08000244   0x08000244   0x00000002   Code   RO         9253    .ARM.Collect$$libshutdown$$00000000  c_w.l(libshutdown.o)
    0x08000246   0x08000246   0x00000000   Code   RO         9280    .ARM.Collect$$libshutdown$$00000002  c_w.l(libshutdown2.o)
    0x08000246   0x08000246   0x00000000   Code   RO         9282    .ARM.Collect$$libshutdown$$00000004  c_w.l(libshutdown2.o)
    0x08000246   0x08000246   0x00000000   Code   RO         9285    .ARM.Collect$$libshutdown$$00000007  c_w.l(libshutdown2.o)
    0x08000246   0x08000246   0x00000000   Code   RO         9288    .ARM.Collect$$libshutdown$$0000000A  c_w.l(libshutdown2.o)
    0x08000246   0x08000246   0x00000000   Code   RO         9290    .ARM.Collect$$libshutdown$$0000000C  c_w.l(libshutdown2.o)
    0x08000246   0x08000246   0x00000000   Code   RO         9293    .ARM.Collect$$libshutdown$$0000000F  c_w.l(libshutdown2.o)
    0x08000246   0x08000246   0x00000002   Code   RO         9294    .ARM.Collect$$libshutdown$$00000010  c_w.l(libshutdown2.o)
    0x08000248   0x08000248   0x00000000   Code   RO         8895    .ARM.Collect$$rtentry$$00000000  c_w.l(__rtentry.o)
    0x08000248   0x08000248   0x00000000   Code   RO         9068    .ARM.Collect$$rtentry$$00000002  c_w.l(__rtentry2.o)
    0x08000248   0x08000248   0x00000006   Code   RO         9080    .ARM.Collect$$rtentry$$00000004  c_w.l(__rtentry4.o)
    0x0800024e   0x0800024e   0x00000000   Code   RO         9070    .ARM.Collect$$rtentry$$00000009  c_w.l(__rtentry2.o)
    0x0800024e   0x0800024e   0x00000004   Code   RO         9071    .ARM.Collect$$rtentry$$0000000A  c_w.l(__rtentry2.o)
    0x08000252   0x08000252   0x00000000   Code   RO         9073    .ARM.Collect$$rtentry$$0000000C  c_w.l(__rtentry2.o)
    0x08000252   0x08000252   0x00000008   Code   RO         9074    .ARM.Collect$$rtentry$$0000000D  c_w.l(__rtentry2.o)
    0x0800025a   0x0800025a   0x00000002   Code   RO         9168    .ARM.Collect$$rtexit$$00000000  c_w.l(rtexit.o)
    0x0800025c   0x0800025c   0x00000000   Code   RO         9229    .ARM.Collect$$rtexit$$00000002  c_w.l(rtexit2.o)
    0x0800025c   0x0800025c   0x00000004   Code   RO         9230    .ARM.Collect$$rtexit$$00000003  c_w.l(rtexit2.o)
    0x08000260   0x08000260   0x00000006   Code   RO         9231    .ARM.Collect$$rtexit$$00000004  c_w.l(rtexit2.o)
    0x08000266   0x08000266   0x00000002   PAD
    0x08000268   0x08000268   0x00000010   Code   RO         7413    .emb_text           sys.o
    0x08000278   0x08000278   0x00000040   Code   RO            4    .text               startup_stm32f40_41xxx.o
    0x080002b8   0x080002b8   0x00000034   Code   RO         5627    .text               cpu_a.o
    0x080002ec   0x080002ec   0x00000002   Code   RO         8801    .text               c_w.l(use_no_semi_2.o)
    0x080002ee   0x080002ee   0x00000006   Code   RO         8811    .text               c_w.l(heapauxi.o)
    0x080002f4   0x080002f4   0x00000002   Code   RO         8893    .text               c_w.l(use_no_semi.o)
    0x080002f6   0x080002f6   0x00000016   Code   RO         8900    .text               c_w.l(_rserrno.o)
    0x0800030c   0x0800030c   0x00000008   Code   RO         9087    .text               c_w.l(rt_errno_addr_intlibspace.o)
    0x08000314   0x08000314   0x00000008   Code   RO         9110    .text               c_w.l(libspace.o)
    0x0800031c   0x0800031c   0x0000004a   Code   RO         9113    .text               c_w.l(sys_stackheap_outer.o)
    0x08000366   0x08000366   0x00000012   Code   RO         9152    .text               c_w.l(exit.o)
    0x08000378   0x08000378   0x000000ac   Code   RO         7248    CODE                os_cpu_a.o
    0x08000424   0x08000424   0x0000000e   Code   RO         5449    i.BSP_CPU_ClkFreq   bsp.o
    0x08000432   0x08000432   0x00000002   PAD
    0x08000434   0x08000434   0x0000041c   Code   RO         8350    i.BaseMove          rcs_m_basemove.o
    0x08000850   0x08000850   0x00000004   Code   RO          314    i.BusFault_Handler  stm32f4xx_it.o
    0x08000854   0x08000854   0x000001e8   Code   RO         8397    i.CAN1_RX0_IRQHandler  rcs_motor_3508.o
    0x08000a3c   0x08000a3c   0x000001e8   Code   RO         8398    i.CAN2_RX0_IRQHandler  rcs_motor_3508.o
    0x08000c24   0x08000c24   0x00000038   Code   RO          742    i.CAN_DeInit        stm32f4xx_can.o
    0x08000c5c   0x08000c5c   0x00000016   Code   RO          743    i.CAN_FIFORelease   stm32f4xx_can.o
    0x08000c72   0x08000c72   0x00000002   PAD
    0x08000c74   0x08000c74   0x00000108   Code   RO          744    i.CAN_FilterInit    stm32f4xx_can.o
    0x08000d7c   0x08000d7c   0x00000120   Code   RO          746    i.CAN_GetITStatus   stm32f4xx_can.o
    0x08000e9c   0x08000e9c   0x00000012   Code   RO          750    i.CAN_ITConfig      stm32f4xx_can.o
    0x08000eae   0x08000eae   0x00000114   Code   RO          751    i.CAN_Init          stm32f4xx_can.o
    0x08000fc2   0x08000fc2   0x000000f0   Code   RO          754    i.CAN_Receive       stm32f4xx_can.o
    0x080010b2   0x080010b2   0x00000020   Code   RO          757    i.CAN_StructInit    stm32f4xx_can.o
    0x080010d2   0x080010d2   0x00000126   Code   RO          759    i.CAN_Transmit      stm32f4xx_can.o
    0x080011f8   0x080011f8   0x0000000c   Code   RO         5509    i.CPU_Init          cpu_core.o
    0x08001204   0x08001204   0x00000030   Code   RO         5510    i.CPU_NameClr       cpu_core.o
    0x08001234   0x08001234   0x00000008   Code   RO         5512    i.CPU_NameInit      cpu_core.o
    0x0800123c   0x0800123c   0x00000014   Code   RO         5516    i.CPU_TS_Init       cpu_core.o
    0x08001250   0x08001250   0x0000000c   Code   RO         5518    i.CPU_TS_TmrFreqSet  cpu_core.o
    0x0800125c   0x0800125c   0x00000034   Code   RO         5451    i.CPU_TS_TmrInit    bsp.o
    0x08001290   0x08001290   0x0000000c   Code   RO         5452    i.CPU_TS_TmrRd      bsp.o
    0x0800129c   0x0800129c   0x00000012   Code   RO          762    i.CheckITStatus     stm32f4xx_can.o
    0x080012ae   0x080012ae   0x0000000c   Code   RO         8297    i.Ctrl_BaseMove_Init  rcs_ctrl_basemove.o
    0x080012ba   0x080012ba   0x00000008   Code   RO         8485    i.Current_Data_Takepart  rcs_motor_3508.o
    0x080012c2   0x080012c2   0x00000002   PAD
    0x080012c4   0x080012c4   0x00000034   Code   RO         8549    i.DMA1_Stream5_IRQHandler  rcs_remote.o
    0x080012f8   0x080012f8   0x00000034   Code   RO         1517    i.DMA_ClearFlag     stm32f4xx_dma.o
    0x0800132c   0x0800132c   0x00000034   Code   RO         1518    i.DMA_ClearITPendingBit  stm32f4xx_dma.o
    0x08001360   0x08001360   0x00000016   Code   RO         1519    i.DMA_Cmd           stm32f4xx_dma.o
    0x08001376   0x08001376   0x00000002   PAD
    0x08001378   0x08001378   0x00000158   Code   RO         1520    i.DMA_DeInit        stm32f4xx_dma.o
    0x080014d0   0x080014d0   0x00000064   Code   RO         1529    i.DMA_GetITStatus   stm32f4xx_dma.o
    0x08001534   0x08001534   0x0000003a   Code   RO         1530    i.DMA_ITConfig      stm32f4xx_dma.o
    0x0800156e   0x0800156e   0x00000002   PAD
    0x08001570   0x08001570   0x00000058   Code   RO         1531    i.DMA_Init          stm32f4xx_dma.o
    0x080015c8   0x080015c8   0x00000002   Code   RO          315    i.DebugMon_Handler  stm32f4xx_it.o
    0x080015ca   0x080015ca   0x00000090   Code   RO         2319    i.GPIO_Init         stm32f4xx_gpio.o
    0x0800165a   0x0800165a   0x00000046   Code   RO         2320    i.GPIO_PinAFConfig  stm32f4xx_gpio.o
    0x080016a0   0x080016a0   0x00000004   Code   RO         2326    i.GPIO_ResetBits    stm32f4xx_gpio.o
    0x080016a4   0x080016a4   0x00000004   Code   RO         2327    i.GPIO_SetBits      stm32f4xx_gpio.o
    0x080016a8   0x080016a8   0x00000012   Code   RO         2328    i.GPIO_StructInit   stm32f4xx_gpio.o
    0x080016ba   0x080016ba   0x000000a4   Code   RO         7611    i.GetRCS_GPIO_PinSource  rcs_types.o
    0x0800175e   0x0800175e   0x00000002   PAD
    0x08001760   0x08001760   0x00000014   Code   RO         8400    i.Get_Motor_Float_Angle2  rcs_motor_3508.o
    0x08001774   0x08001774   0x00000010   Code   RO         8403    i.Get_Motor_Speed   rcs_motor_3508.o
    0x08001784   0x08001784   0x0000002c   Code   RO         8552    i.Get_RC_Value      rcs_remote.o
    0x080017b0   0x080017b0   0x00000004   Code   RO          316    i.HardFault_Handler  stm32f4xx_it.o
    0x080017b4   0x080017b4   0x0000001e   Code   RO         8762    i.M3508_Angle_Init  motor_ctrl_lib.o
    0x080017d2   0x080017d2   0x00000010   Code   RO         8351    i.M_BaseMove_Init   rcs_m_basemove.o
    0x080017e2   0x080017e2   0x00000002   PAD
    0x080017e4   0x080017e4   0x00000070   Code   RO         8352    i.M_PID_Init        rcs_m_basemove.o
    0x08001854   0x08001854   0x00000018   Code   RO           13    i.MainTask_Init     main.o
    0x0800186c   0x0800186c   0x00000004   Code   RO          317    i.MemManage_Handler  stm32f4xx_it.o
    0x08001870   0x08001870   0x00000012   Code   RO         5819    i.Mem_Clr           lib_mem.o
    0x08001882   0x08001882   0x00000054   Code   RO         5846    i.Mem_Set           lib_mem.o
    0x080018d6   0x080018d6   0x00000002   PAD
    0x080018d8   0x080018d8   0x000000a8   Code   RO         8405    i.Motor_Init        rcs_motor_3508.o
    0x08001980   0x08001980   0x000000a8   Code   RO         8406    i.Motor_Init2       rcs_motor_3508.o
    0x08001a28   0x08001a28   0x00000050   Code   RO         8407    i.Motor_Send        rcs_motor_3508.o
    0x08001a78   0x08001a78   0x00000002   Code   RO          318    i.NMI_Handler       stm32f4xx_it.o
    0x08001a7a   0x08001a7a   0x00000002   PAD
    0x08001a7c   0x08001a7c   0x00000078   Code   RO          418    i.NVIC_Init         misc.o
    0x08001af4   0x08001af4   0x00000014   Code   RO          419    i.NVIC_PriorityGroupConfig  misc.o
    0x08001b08   0x08001b08   0x00000002   Code   RO         6154    i.OSCfg_Init        os_cfg_app.o
    0x08001b0a   0x08001b0a   0x00000002   PAD
    0x08001b0c   0x08001b0c   0x00000014   Code   RO         7254    i.OSIdleTaskHook    os_cpu_c.o
    0x08001b20   0x08001b20   0x00000164   Code   RO         6180    i.OSInit            os_core.o
    0x08001c84   0x08001c84   0x00000028   Code   RO         7255    i.OSInitHook        os_cpu_c.o
    0x08001cac   0x08001cac   0x0000002c   Code   RO         6181    i.OSIntEnter        os_core.o
    0x08001cd8   0x08001cd8   0x000000dc   Code   RO         6182    i.OSIntExit         os_core.o
    0x08001db4   0x08001db4   0x00000070   Code   RO         6577    i.OSMutexCreate     os_mutex.o
    0x08001e24   0x08001e24   0x000001d0   Code   RO         6579    i.OSMutexPend       os_mutex.o
    0x08001ff4   0x08001ff4   0x0000018c   Code   RO         6581    i.OSMutexPost       os_mutex.o
    0x08002180   0x08002180   0x000000a4   Code   RO         6183    i.OSSched           os_core.o
    0x08002224   0x08002224   0x00000060   Code   RO         6184    i.OSSchedLock       os_core.o
    0x08002284   0x08002284   0x00000080   Code   RO         6185    i.OSSchedUnlock     os_core.o
    0x08002304   0x08002304   0x00000068   Code   RO         6186    i.OSStart           os_core.o
    0x0800236c   0x0800236c   0x00000128   Code   RO         6848    i.OSStatReset       os_stat.o
    0x08002494   0x08002494   0x000000f0   Code   RO         6849    i.OSStatTaskCPUUsageInit  os_stat.o
    0x08002584   0x08002584   0x00000014   Code   RO         7256    i.OSStatTaskHook    os_cpu_c.o
    0x08002598   0x08002598   0x00000190   Code   RO         6879    i.OSTaskCreate      os_task.o
    0x08002728   0x08002728   0x00000018   Code   RO         7257    i.OSTaskCreateHook  os_cpu_c.o
    0x08002740   0x08002740   0x00000188   Code   RO         6880    i.OSTaskDel         os_task.o
    0x080028c8   0x080028c8   0x00000018   Code   RO         7258    i.OSTaskDelHook     os_cpu_c.o
    0x080028e0   0x080028e0   0x00000054   Code   RO         6888    i.OSTaskResume      os_task.o
    0x08002934   0x08002934   0x00000018   Code   RO         7259    i.OSTaskReturnHook  os_cpu_c.o
    0x0800294c   0x0800294c   0x000001c8   Code   RO         6889    i.OSTaskSemPend     os_task.o
    0x08002b14   0x08002b14   0x0000003e   Code   RO         6891    i.OSTaskSemPost     os_task.o
    0x08002b52   0x08002b52   0x00000002   PAD
    0x08002b54   0x08002b54   0x000000c0   Code   RO         6893    i.OSTaskStkChk      os_task.o
    0x08002c14   0x08002c14   0x0000025c   Code   RO         7260    i.OSTaskStkInit     os_cpu_c.o
    0x08002e70   0x08002e70   0x00000024   Code   RO         6894    i.OSTaskSuspend     os_task.o
    0x08002e94   0x08002e94   0x00000088   Code   RO         7261    i.OSTaskSwHook      os_cpu_c.o
    0x08002f1c   0x08002f1c   0x000000a4   Code   RO         7098    i.OSTimeDly         os_time.o
    0x08002fc0   0x08002fc0   0x00000044   Code   RO         7103    i.OSTimeTick        os_time.o
    0x08003004   0x08003004   0x00000014   Code   RO         7262    i.OSTimeTickHook    os_cpu_c.o
    0x08003018   0x08003018   0x00000030   Code   RO         7264    i.OS_CPU_SysTickInit  os_cpu_c.o
    0x08003048   0x08003048   0x000001a8   Code   RO         6400    i.OS_Dbg_Init       os_dbg.o
    0x080031f0   0x080031f0   0x00000018   Code   RO         6425    i.OS_FlagInit       os_flag.o
    0x08003208   0x08003208   0x00000044   Code   RO         6188    i.OS_IdleTask       os_core.o
    0x0800324c   0x0800324c   0x00000070   Code   RO         6189    i.OS_IdleTaskInit   os_core.o
    0x080032bc   0x080032bc   0x00000018   Code   RO         6509    i.OS_MemInit        os_mem.o
    0x080032d4   0x080032d4   0x0000007c   Code   RO         6541    i.OS_MsgPoolInit    os_msg.o
    0x08003350   0x08003350   0x00000044   Code   RO         6542    i.OS_MsgQFreeAll    os_msg.o
    0x08003394   0x08003394   0x0000000e   Code   RO         6544    i.OS_MsgQInit       os_msg.o
    0x080033a2   0x080033a2   0x00000002   PAD
    0x080033a4   0x080033a4   0x00000030   Code   RO         6583    i.OS_MutexDbgListAdd  os_mutex.o
    0x080033d4   0x080033d4   0x00000008   Code   RO         6585    i.OS_MutexGrpAdd    os_mutex.o
    0x080033dc   0x080033dc   0x00000060   Code   RO         6586    i.OS_MutexGrpPostAll  os_mutex.o
    0x0800343c   0x0800343c   0x0000002c   Code   RO         6587    i.OS_MutexGrpPrioFindHighest  os_mutex.o
    0x08003468   0x08003468   0x0000001c   Code   RO         6588    i.OS_MutexGrpRemove  os_mutex.o
    0x08003484   0x08003484   0x00000018   Code   RO         6589    i.OS_MutexInit      os_mutex.o
    0x0800349c   0x0800349c   0x00000068   Code   RO         6190    i.OS_Pend           os_core.o
    0x08003504   0x08003504   0x00000028   Code   RO         6193    i.OS_PendDataInit   os_core.o
    0x0800352c   0x0800352c   0x0000005c   Code   RO         6194    i.OS_PendDbgNameAdd  os_core.o
    0x08003588   0x08003588   0x00000024   Code   RO         6195    i.OS_PendDbgNameRemove  os_core.o
    0x080035ac   0x080035ac   0x0000003a   Code   RO         6196    i.OS_PendListChangePrio  os_core.o
    0x080035e6   0x080035e6   0x0000000a   Code   RO         6197    i.OS_PendListInit   os_core.o
    0x080035f0   0x080035f0   0x00000066   Code   RO         6199    i.OS_PendListInsertPrio  os_core.o
    0x08003656   0x08003656   0x00000034   Code   RO         6200    i.OS_PendListRemove  os_core.o
    0x0800368a   0x0800368a   0x00000042   Code   RO         6201    i.OS_PendListRemove1  os_core.o
    0x080036cc   0x080036cc   0x000000d6   Code   RO         6204    i.OS_Post           os_core.o
    0x080037a2   0x080037a2   0x0000002c   Code   RO         6205    i.OS_Post1          os_core.o
    0x080037ce   0x080037ce   0x00000002   PAD
    0x080037d0   0x080037d0   0x00000028   Code   RO         6667    i.OS_PrioGetHighest  os_prio.o
    0x080037f8   0x080037f8   0x00000018   Code   RO         6668    i.OS_PrioInit       os_prio.o
    0x08003810   0x08003810   0x00000024   Code   RO         6669    i.OS_PrioInsert     os_prio.o
    0x08003834   0x08003834   0x00000024   Code   RO         6670    i.OS_PrioRemove     os_prio.o
    0x08003858   0x08003858   0x00000018   Code   RO         6713    i.OS_QInit          os_q.o
    0x08003870   0x08003870   0x00000024   Code   RO         6206    i.OS_RdyListInit    os_core.o
    0x08003894   0x08003894   0x0000002c   Code   RO         6207    i.OS_RdyListInsert  os_core.o
    0x080038c0   0x080038c0   0x00000040   Code   RO         6208    i.OS_RdyListInsertHead  os_core.o
    0x08003900   0x08003900   0x0000003c   Code   RO         6209    i.OS_RdyListInsertTail  os_core.o
    0x0800393c   0x0800393c   0x0000005c   Code   RO         6211    i.OS_RdyListRemove  os_core.o
    0x08003998   0x08003998   0x0000001c   Code   RO         6212    i.OS_SchedLockTimeMeasStart  os_core.o
    0x080039b4   0x080039b4   0x0000003c   Code   RO         6213    i.OS_SchedLockTimeMeasStop  os_core.o
    0x080039f0   0x080039f0   0x00000018   Code   RO         6785    i.OS_SemInit        os_sem.o
    0x08003a08   0x08003a08   0x000002e8   Code   RO         6850    i.OS_StatTask       os_stat.o
    0x08003cf0   0x08003cf0   0x000000cc   Code   RO         6851    i.OS_StatTaskInit   os_stat.o
    0x08003dbc   0x08003dbc   0x0000002c   Code   RO         6214    i.OS_TaskBlock      os_core.o
    0x08003de8   0x08003de8   0x000000ec   Code   RO         6895    i.OS_TaskChangePrio  os_task.o
    0x08003ed4   0x08003ed4   0x00000030   Code   RO         6896    i.OS_TaskDbgListAdd  os_task.o
    0x08003f04   0x08003f04   0x00000044   Code   RO         6897    i.OS_TaskDbgListRemove  os_task.o
    0x08003f48   0x08003f48   0x00000020   Code   RO         6898    i.OS_TaskInit       os_task.o
    0x08003f68   0x08003f68   0x000000bc   Code   RO         6899    i.OS_TaskInitTCB    os_task.o
    0x08004024   0x08004024   0x00000100   Code   RO         6901    i.OS_TaskResume     os_task.o
    0x08004124   0x08004124   0x00000018   Code   RO         6902    i.OS_TaskReturn     os_task.o
    0x0800413c   0x0800413c   0x000001c4   Code   RO         6903    i.OS_TaskSemPost    os_task.o
    0x08004300   0x08004300   0x00000118   Code   RO         6904    i.OS_TaskSuspend    os_task.o
    0x08004418   0x08004418   0x00000086   Code   RO         7046    i.OS_TickListInsert  os_tick.o
    0x0800449e   0x0800449e   0x00000002   PAD
    0x080044a0   0x080044a0   0x000000bc   Code   RO         7047    i.OS_TickListInsertDly  os_tick.o
    0x0800455c   0x0800455c   0x00000058   Code   RO         7048    i.OS_TickListRemove  os_tick.o
    0x080045b4   0x080045b4   0x00000002   Code   RO         7049    i.OS_TickListResetPeak  os_tick.o
    0x080045b6   0x080045b6   0x00000002   PAD
    0x080045b8   0x080045b8   0x00000098   Code   RO         7050    i.OS_TickListUpdateDly  os_tick.o
    0x08004650   0x08004650   0x00000114   Code   RO         7051    i.OS_TickListUpdateTimeout  os_tick.o
    0x08004764   0x08004764   0x00000064   Code   RO         7052    i.OS_TickTask       os_tick.o
    0x080047c8   0x080047c8   0x000000c8   Code   RO         7053    i.OS_TickTaskInit   os_tick.o
    0x08004890   0x08004890   0x00000134   Code   RO         7149    i.OS_TmrInit        os_tmr.o
    0x080049c4   0x080049c4   0x00000018   Code   RO         7150    i.OS_TmrLock        os_tmr.o
    0x080049dc   0x080049dc   0x00000002   Code   RO         7151    i.OS_TmrResetPeak   os_tmr.o
    0x080049de   0x080049de   0x00000002   PAD
    0x080049e0   0x080049e0   0x00000094   Code   RO         7152    i.OS_TmrTask        os_tmr.o
    0x08004a74   0x08004a74   0x00000044   Code   RO         7153    i.OS_TmrUnlink      os_tmr.o
    0x08004ab8   0x08004ab8   0x00000014   Code   RO         7154    i.OS_TmrUnlock      os_tmr.o
    0x08004acc   0x08004acc   0x000000c4   Code   RO         8502    i.PID_Degree_Ctrl   rcs_pidctrl.o
    0x08004b90   0x08004b90   0x000000c4   Code   RO         8503    i.PID_FeedbackX     rcs_pidctrl.o
    0x08004c54   0x08004c54   0x000000c4   Code   RO         8504    i.PID_FeedbackY     rcs_pidctrl.o
    0x08004d18   0x08004d18   0x000000f0   Code   RO         8505    i.PID_Mwheel_Speed_Ctrl  rcs_pidctrl.o
    0x08004e08   0x08004e08   0x00000020   Code   RO         3245    i.RCC_AHB1PeriphClockCmd  stm32f4xx_rcc.o
    0x08004e28   0x08004e28   0x00000020   Code   RO         3254    i.RCC_APB1PeriphClockCmd  stm32f4xx_rcc.o
    0x08004e48   0x08004e48   0x00000020   Code   RO         3256    i.RCC_APB1PeriphResetCmd  stm32f4xx_rcc.o
    0x08004e68   0x08004e68   0x00000020   Code   RO         3257    i.RCC_APB2PeriphClockCmd  stm32f4xx_rcc.o
    0x08004e88   0x08004e88   0x00000020   Code   RO         3259    i.RCC_APB2PeriphResetCmd  stm32f4xx_rcc.o
    0x08004ea8   0x08004ea8   0x000000e8   Code   RO         3266    i.RCC_GetClocksFreq  stm32f4xx_rcc.o
    0x08004f90   0x08004f90   0x00000124   Code   RO         8025    i.RCS_CAN1_Config   rcs_can.o
    0x080050b4   0x080050b4   0x00000128   Code   RO         8026    i.RCS_CAN2_Config   rcs_can.o
    0x080051dc   0x080051dc   0x00000040   Code   RO         8028    i.RCS_CANx_Send     rcs_can.o
    0x0800521c   0x0800521c   0x00000010   Code   RO         7777    i.RCS_GPIO_Reset    rcs_gpio.o
    0x0800522c   0x0800522c   0x00000010   Code   RO         7778    i.RCS_GPIO_Set      rcs_gpio.o
    0x0800523c   0x0800523c   0x0000000c   Code   RO         8232    i.RCS_Get_X         rcs_grobal_gps.o
    0x08005248   0x08005248   0x0000000c   Code   RO         8233    i.RCS_Get_Y         rcs_grobal_gps.o
    0x08005254   0x08005254   0x0000000c   Code   RO         8234    i.RCS_Get_Z         rcs_grobal_gps.o
    0x08005260   0x08005260   0x00000118   Code   RO         8553    i.RC_Init           rcs_remote.o
    0x08005378   0x08005378   0x000000a8   Code   RO         8554    i.RemoteDataProcess  rcs_remote.o
    0x08005420   0x08005420   0x00000170   Code   RO         8299    i.Remote_Ctrl       rcs_ctrl_basemove.o
    0x08005590   0x08005590   0x00000002   Code   RO          319    i.SVC_Handler       stm32f4xx_it.o
    0x08005592   0x08005592   0x00000002   PAD
    0x08005594   0x08005594   0x000000ec   Code   RO          377    i.SetSysClock       system_stm32f4xx.o
    0x08005680   0x08005680   0x00000028   Code   RO          422    i.SysTick_CLKSourceConfig  misc.o
    0x080056a8   0x080056a8   0x0000001c   Code   RO         7438    i.SysTick_Handler   delay.o
    0x080056c4   0x080056c4   0x00000068   Code   RO          379    i.SystemInit        system_stm32f4xx.o
    0x0800572c   0x0800572c   0x00000040   Code   RO         8136    i.TIM2_IRQHandler   rcs_timer.o
    0x0800576c   0x0800576c   0x00000010   Code   RO         8137    i.TIM3_IRQHandler   rcs_timer.o
    0x0800577c   0x0800577c   0x00000010   Code   RO         8138    i.TIM4_IRQHandler   rcs_timer.o
    0x0800578c   0x0800578c   0x00000006   Code   RO         4636    i.TIM_ClearITPendingBit  stm32f4xx_tim.o
    0x08005792   0x08005792   0x00000002   PAD
    0x08005794   0x08005794   0x00000090   Code   RO         7503    i.USART1_IRQHandler  usart.o
    0x08005824   0x08005824   0x00000018   Code   RO         5195    i.USART_Cmd         stm32f4xx_usart.o
    0x0800583c   0x0800583c   0x00000012   Code   RO         5196    i.USART_DMACmd      stm32f4xx_usart.o
    0x0800584e   0x0800584e   0x00000002   PAD
    0x08005850   0x08005850   0x000000f0   Code   RO         5197    i.USART_DeInit      stm32f4xx_usart.o
    0x08005940   0x08005940   0x00000054   Code   RO         5199    i.USART_GetITStatus  stm32f4xx_usart.o
    0x08005994   0x08005994   0x000000d4   Code   RO         5202    i.USART_Init        stm32f4xx_usart.o
    0x08005a68   0x08005a68   0x0000000a   Code   RO         5209    i.USART_ReceiveData  stm32f4xx_usart.o
    0x08005a72   0x08005a72   0x00000004   Code   RO          320    i.UsageFault_Handler  stm32f4xx_it.o
    0x08005a76   0x08005a76   0x00000002   PAD
    0x08005a78   0x08005a78   0x00000174   Code   RO         8353    i.Wheel_Init        rcs_m_basemove.o
    0x08005bec   0x08005bec   0x00000030   Code   RO         9051    i.__ARM_fpclassify  m_wm.l(fpclassify.o)
    0x08005c1c   0x08005c1c   0x00000004   PAD
    0x08005c20   0x08005c20   0x000002d8   Code   RO         9014    i.__hardfp_atan     m_wm.l(atan.o)
    0x08005ef8   0x08005ef8   0x000001f0   Code   RO         8843    i.__hardfp_atan2    m_wm.l(atan2.o)
    0x080060e8   0x080060e8   0x000000c8   Code   RO         8855    i.__hardfp_cos      m_wm.l(cos.o)
    0x080061b0   0x080061b0   0x0000007a   Code   RO         8881    i.__hardfp_sqrt     m_wm.l(sqrt.o)
    0x0800622a   0x0800622a   0x00000006   PAD
    0x08006230   0x08006230   0x00000438   Code   RO         9056    i.__ieee754_rem_pio2  m_wm.l(rred.o)
    0x08006668   0x08006668   0x00000170   Code   RO         9028    i.__kernel_cos      m_wm.l(cos_i.o)
    0x080067d8   0x080067d8   0x000000f8   Code   RO         9053    i.__kernel_poly     m_wm.l(poly.o)
    0x080068d0   0x080068d0   0x00000130   Code   RO         9061    i.__kernel_sin      m_wm.l(sin_i.o)
    0x08006a00   0x08006a00   0x00000014   Code   RO         9032    i.__mathlib_dbl_infnan  m_wm.l(dunder.o)
    0x08006a14   0x08006a14   0x00000014   Code   RO         9033    i.__mathlib_dbl_infnan2  m_wm.l(dunder.o)
    0x08006a28   0x08006a28   0x00000020   Code   RO         9034    i.__mathlib_dbl_invalid  m_wm.l(dunder.o)
    0x08006a48   0x08006a48   0x00000020   Code   RO         9037    i.__mathlib_dbl_underflow  m_wm.l(dunder.o)
    0x08006a68   0x08006a68   0x00000004   Code   RO         7504    i._sys_exit         usart.o
    0x08006a6c   0x08006a6c   0x00000010   Code   RO         9016    i.atan              m_wm.l(atan.o)
    0x08006a7c   0x08006a7c   0x0000001c   Code   RO           14    i.chassis_task      main.o
    0x08006a98   0x08006a98   0x00000070   Code   RO         7439    i.delay_init        delay.o
    0x08006b08   0x08006b08   0x00000050   Code   RO         7440    i.delay_ms          delay.o
    0x08006b58   0x08006b58   0x0000000a   Code   RO         7441    i.delay_osschedlock  delay.o
    0x08006b62   0x08006b62   0x0000000a   Code   RO         7442    i.delay_osschedunlock  delay.o
    0x08006b6c   0x08006b6c   0x00000010   Code   RO         7443    i.delay_ostimedly   delay.o
    0x08006b7c   0x08006b7c   0x00000058   Code   RO         7444    i.delay_us          delay.o
    0x08006bd4   0x08006bd4   0x00000018   Code   RO         9047    i.fabs              m_wm.l(fabs.o)
    0x08006bec   0x08006bec   0x000000a8   Code   RO           15    i.main              main.o
    0x08006c94   0x08006c94   0x0000009c   Code   RO           16    i.start_task        main.o
    0x08006d30   0x08006d30   0x00000018   Code   RO         8993    x$fpl$basic         fz_wm.l(basic.o)
    0x08006d48   0x08006d48   0x00000062   Code   RO         8815    x$fpl$d2f           fz_wm.l(d2f.o)
    0x08006daa   0x08006daa   0x00000002   PAD
    0x08006dac   0x08006dac   0x00000150   Code   RO         8817    x$fpl$dadd          fz_wm.l(daddsub_clz.o)
    0x08006efc   0x08006efc   0x000002b0   Code   RO         8824    x$fpl$ddiv          fz_wm.l(ddiv.o)
    0x080071ac   0x080071ac   0x0000005e   Code   RO         9106    x$fpl$dfix          fz_wm.l(dfix.o)
    0x0800720a   0x0800720a   0x0000002e   Code   RO         8832    x$fpl$dflt          fz_wm.l(dflt_clz.o)
    0x08007238   0x08007238   0x00000026   Code   RO         8831    x$fpl$dfltu         fz_wm.l(dflt_clz.o)
    0x0800725e   0x0800725e   0x00000002   PAD
    0x08007260   0x08007260   0x00000154   Code   RO         8839    x$fpl$dmul          fz_wm.l(dmul.o)
    0x080073b4   0x080073b4   0x0000009c   Code   RO         8997    x$fpl$dnaninf       fz_wm.l(dnaninf.o)
    0x08007450   0x08007450   0x0000000c   Code   RO         8999    x$fpl$dretinf       fz_wm.l(dretinf.o)
    0x0800745c   0x0800745c   0x00000016   Code   RO         8818    x$fpl$drsb          fz_wm.l(daddsub_clz.o)
    0x08007472   0x08007472   0x00000002   PAD
    0x08007474   0x08007474   0x00000198   Code   RO         9003    x$fpl$dsqrt         fz_wm.l(dsqrt_umaal.o)
    0x0800760c   0x0800760c   0x000001d4   Code   RO         8819    x$fpl$dsub          fz_wm.l(daddsub_clz.o)
    0x080077e0   0x080077e0   0x00000056   Code   RO         8841    x$fpl$f2d           fz_wm.l(f2d.o)
    0x08007836   0x08007836   0x0000008c   Code   RO         9005    x$fpl$fnaninf       fz_wm.l(fnaninf.o)
    0x080078c2   0x080078c2   0x0000000a   Code   RO         9241    x$fpl$fpinit        fz_wm.l(fpinit.o)
    0x080078cc   0x080078cc   0x0000000a   Code   RO         9007    x$fpl$fretinf       fz_wm.l(fretinf.o)
    0x080078d6   0x080078d6   0x00000000   Code   RO         9013    x$fpl$usenofp       fz_wm.l(usenofp.o)
    0x080078d6   0x080078d6   0x00000002   PAD
    0x080078d8   0x080078d8   0x00000094   Data   RO         6156    .constdata          os_cfg_app.o
    0x0800796c   0x0800796c   0x0000016c   Data   RO         6401    .constdata          os_dbg.o
    0x08007ad8   0x08007ad8   0x00000098   Data   RO         9017    .constdata          m_wm.l(atan.o)
    0x08007b70   0x08007b70   0x00000030   Data   RO         9029    .constdata          m_wm.l(cos_i.o)
    0x08007ba0   0x08007ba0   0x00000008   Data   RO         9055    .constdata          m_wm.l(qnan.o)
    0x08007ba8   0x08007ba8   0x000000c8   Data   RO         9058    .constdata          m_wm.l(rred.o)
    0x08007c70   0x08007c70   0x00000028   Data   RO         9062    .constdata          m_wm.l(sin_i.o)
    0x08007c98   0x08007c98   0x00000020   Data   RO         9295    Region$$Table       anon$$obj.o


    Execution Region RW_IRAM1 (Exec base: 0x20000000, Load base: 0x08007cb8, Size: 0x00002e08, Max: 0x00020000, ABSOLUTE, COMPRESSED[0x00000018])

    Exec Addr    Load Addr    Size         Type   Attr      Idx    E Section Name        Object

    0x20000000   COMPRESSED   0x00000004   Data   RW           18    .data               main.o
    0x20000004   COMPRESSED   0x00000014   Data   RW          380    .data               system_stm32f4xx.o
    0x20000018   COMPRESSED   0x00000010   Data   RW         3298    .data               stm32f4xx_rcc.o
    0x20000028   COMPRESSED   0x00000004   Data   RW         5522    .data               cpu_core.o
    0x2000002c   COMPRESSED   0x00000008   Data   RW         6671    .data               os_prio.o
    0x20000034   COMPRESSED   0x000000c4   Data   RW         7235    .data               os_var.o
    0x200000f8   COMPRESSED   0x00000004   Data   RW         7265    .data               os_cpu_c.o
    0x200000fc   COMPRESSED   0x00000004   Data   RW         7445    .data               delay.o
    0x20000100   COMPRESSED   0x00000006   Data   RW         7508    .data               usart.o
    0x20000106   COMPRESSED   0x00000002   PAD
    0x20000108   COMPRESSED   0x00000004   Data   RW         8139    .data               rcs_timer.o
    0x2000010c   COMPRESSED   0x00000020   Data   RW         8236    .data               rcs_grobal_gps.o
    0x2000012c   COMPRESSED   0x00000004   Data   RW         8355    .data               rcs_m_basemove.o
    0x20000130   COMPRESSED   0x00000054   Data   RW         8410    .data               rcs_motor_3508.o
    0x20000184   COMPRESSED   0x00000030   Data   RW         8507    .data               rcs_pidctrl.o
    0x200001b4   COMPRESSED   0x0000000a   Data   RW         8556    .data               rcs_remote.o
    0x200001be   COMPRESSED   0x00000002   PAD
    0x200001c0        -       0x00000d80   Zero   RW           17    .bss                main.o
    0x20000f40        -       0x00000010   Zero   RW         5520    .bss                cpu_core.o
    0x20000f50        -       0x00001040   Zero   RW         6155    .bss                os_cfg_app.o
    0x20001f90        -       0x0000063c   Zero   RW         7234    .bss                os_var.o
    0x200025cc        -       0x000000c8   Zero   RW         7507    .bss                usart.o
    0x20002694        -       0x0000000a   Zero   RW         8301    .bss                rcs_ctrl_basemove.o
    0x2000269e   COMPRESSED   0x00000002   PAD
    0x200026a0        -       0x00000044   Zero   RW         8354    .bss                rcs_m_basemove.o
    0x200026e4        -       0x00000060   Zero   RW         8409    .bss                rcs_motor_3508.o
    0x20002744        -       0x00000030   Zero   RW         8506    .bss                rcs_pidctrl.o
    0x20002774        -       0x0000002e   Zero   RW         8555    .bss                rcs_remote.o
    0x200027a2   COMPRESSED   0x00000002   PAD
    0x200027a4        -       0x00000060   Zero   RW         9111    .bss                c_w.l(libspace.o)
    0x20002804   COMPRESSED   0x00000004   PAD
    0x20002808        -       0x00000200   Zero   RW            2    HEAP                startup_stm32f40_41xxx.o
    0x20002a08        -       0x00000400   Zero   RW            1    STACK               startup_stm32f40_41xxx.o


==============================================================================

Image component sizes


      Code (inc. data)   RO Data    RW Data    ZI Data      Debug   Object Name

        78         14          0          0          0      10947   bsp.o
        52          0          0          0          0        344   cpu_a.o
       100         18          0          4         16       4789   cpu_core.o
       344         40          0          4          0       4341   delay.o
       102          0          0          0          0      12992   lib_mem.o
       376         78          0          4       3456     109151   main.o
       180         24          0          0          0     248921   misc.o
        30          0          0          0          0        647   motor_ctrl_lib.o
         2          0        148          0       4160      20151   os_cfg_app.o
      2538        352          0          0          0      37784   os_core.o
       172         32          0          0          0        408   os_cpu_a.o
       960         60          0          4          0       8353   os_cpu_c.o
       424        278        364          0          0       4861   os_dbg.o
        24         10          0          0          0        950   os_flag.o
        24         10          0          0          0        953   os_mem.o
       206         20          0          0          0       2528   os_msg.o
      1220         56          0          0          0       7623   os_mutex.o
       136         16          0          8          0       3126   os_prio.o
        24         10          0          0          0        947   os_q.o
        24         10          0          0          0        945   os_sem.o
      1484        190          0          0          0       4171   os_stat.o
      3206        164          0          0          0      14597   os_task.o
      1140         88          0          0          0       6762   os_tick.o
       232         26          0          0          0       1789   os_time.o
       570        142          0          0          0       4347   os_tmr.o
         0          0          0        196       1596      17936   os_var.o
       652         18          0          0          0       3284   rcs_can.o
       380         22          0          0         10       1726   rcs_ctrl_basemove.o
        32          0          0          0          0       1548   rcs_gpio.o
        36         12          0         32          0       3621   rcs_grobal_gps.o
      1552        146          0          4         68       3881   rcs_m_basemove.o
      1436        206          0         84         96       7737   rcs_motor_3508.o
       828         92          0         48         48       3990   rcs_pidctrl.o
       544         58          0         10         46       4224   rcs_remote.o
        96         16          0          4          0       1630   rcs_timer.o
       164          0          0          0          0        684   rcs_types.o
        64         26        392          0       1536        880   startup_stm32f40_41xxx.o
      1508         16          0          0          0       7814   stm32f4xx_can.o
       716         72          0          0          0       6047   stm32f4xx_dma.o
       240          0          0          0          0       3605   stm32f4xx_gpio.o
        22          0          0          0          0       3499   stm32f4xx_it.o
       392         48          0         16          0       6093   stm32f4xx_rcc.o
         6          0          0          0          0       1192   stm32f4xx_tim.o
       588         42          0          0          0       4915   stm32f4xx_usart.o
        16          0          0          0          0        492   sys.o
       340         32          0         20          0       1949   system_stm32f4xx.o
       148         14          0          6        200       3068   usart.o

    ----------------------------------------------------------------------
     23448       2458        936        448      11236     602242   Object Totals
         0          0         32          0          0          0   (incl. Generated)
        40          0          0          4          4          0   (incl. Padding)

    ----------------------------------------------------------------------

      Code (inc. data)   RO Data    RW Data    ZI Data      Debug   Library Member Name

        90          0          0          0          0          0   __dczerorl2.o
         8          0          0          0          0         68   __main.o
         0          0          0          0          0          0   __rtentry.o
        12          0          0          0          0          0   __rtentry2.o
         6          0          0          0          0          0   __rtentry4.o
        52          8          0          0          0          0   __scatter.o
        28          0          0          0          0          0   __scatter_zi.o
        22          0          0          0          0        100   _rserrno.o
        18          0          0          0          0         80   exit.o
         6          0          0          0          0        152   heapauxi.o
         2          0          0          0          0          0   libinit.o
         6          0          0          0          0          0   libinit2.o
         2          0          0          0          0          0   libshutdown.o
         2          0          0          0          0          0   libshutdown2.o
         8          4          0          0         96         68   libspace.o
         8          4          0          0          0         68   rt_errno_addr_intlibspace.o
         2          0          0          0          0          0   rtexit.o
        10          0          0          0          0          0   rtexit2.o
        74          0          0          0          0         80   sys_stackheap_outer.o
         2          0          0          0          0         68   use_no_semi.o
         2          0          0          0          0         68   use_no_semi_2.o
        24          0          0          0          0        164   basic.o
        98          4          0          0          0        140   d2f.o
       826         16          0          0          0        492   daddsub_clz.o
       688        140          0          0          0        256   ddiv.o
        94          4          0          0          0        140   dfix.o
        84          0          0          0          0        232   dflt_clz.o
       340         12          0          0          0        152   dmul.o
       156          4          0          0          0        140   dnaninf.o
        12          0          0          0          0        116   dretinf.o
       408         56          0          0          0        168   dsqrt_umaal.o
        86          4          0          0          0        132   f2d.o
       140          4          0          0          0        132   fnaninf.o
        10          0          0          0          0        116   fpinit.o
        10          0          0          0          0        116   fretinf.o
         0          0          0          0          0          0   usenofp.o
       744        106        152          0          0        352   atan.o
       496         64          0          0          0        192   atan2.o
       200         20          0          0          0        164   cos.o
       368         46         48          0          0        200   cos_i.o
       104         16          0          0          0        496   dunder.o
        24          0          0          0          0        124   fabs.o
        48          0          0          0          0        124   fpclassify.o
       248          0          0          0          0        152   poly.o
         0          0          8          0          0          0   qnan.o
      1080        142        200          0          0        188   rred.o
       304         24         40          0          0        208   sin_i.o
       122          0          0          0          0        148   sqrt.o

    ----------------------------------------------------------------------
      7096        678        448          0        100       5596   Library Totals
        22          0          0          0          4          0   (incl. Padding)

    ----------------------------------------------------------------------

      Code (inc. data)   RO Data    RW Data    ZI Data      Debug   Library Name

       360         16          0          0         96        752   c_w.l
      2976        244          0          0          0       2496   fz_wm.l
      3738        418        448          0          0       2348   m_wm.l

    ----------------------------------------------------------------------
      7096        678        448          0        100       5596   Library Totals

    ----------------------------------------------------------------------

==============================================================================


      Code (inc. data)   RO Data    RW Data    ZI Data      Debug   

     30544       3136       1384        448      11336     585278   Grand Totals
     30544       3136       1384         24      11336     585278   ELF Image Totals (compressed)
     30544       3136       1384         24          0          0   ROM Totals

==============================================================================

    Total RO  Size (Code + RO Data)                31928 (  31.18kB)
    Total RW  Size (RW Data + ZI Data)             11784 (  11.51kB)
    Total ROM Size (Code + RO Data + RW Data)      31952 (  31.20kB)

==============================================================================

