Component: ARM Compiler 5.06 update 1 (build 61) Tool: armlink [4d35a8]

==============================================================================

Section Cross References

    startup_stm32f40_41xxx.o(STACK) refers (Special) to heapauxi.o(.text) for __use_two_region_memory
    startup_stm32f40_41xxx.o(HEAP) refers (Special) to heapauxi.o(.text) for __use_two_region_memory
    startup_stm32f40_41xxx.o(RESET) refers (Special) to heapauxi.o(.text) for __use_two_region_memory
    startup_stm32f40_41xxx.o(RESET) refers to startup_stm32f40_41xxx.o(STACK) for __initial_sp
    startup_stm32f40_41xxx.o(RESET) refers to startup_stm32f40_41xxx.o(.text) for Reset_Handler
    startup_stm32f40_41xxx.o(RESET) refers to stm32f4xx_it.o(i.NMI_Handler) for NMI_Handler
    startup_stm32f40_41xxx.o(RESET) refers to stm32f4xx_it.o(i.HardFault_Handler) for HardFault_Handler
    startup_stm32f40_41xxx.o(RESET) refers to stm32f4xx_it.o(i.MemManage_Handler) for MemManage_Handler
    startup_stm32f40_41xxx.o(RESET) refers to stm32f4xx_it.o(i.BusFault_Handler) for BusFault_Handler
    startup_stm32f40_41xxx.o(RESET) refers to stm32f4xx_it.o(i.UsageFault_Handler) for UsageFault_Handler
    startup_stm32f40_41xxx.o(RESET) refers to stm32f4xx_it.o(i.SVC_Handler) for SVC_Handler
    startup_stm32f40_41xxx.o(RESET) refers to stm32f4xx_it.o(i.DebugMon_Handler) for DebugMon_Handler
    startup_stm32f40_41xxx.o(RESET) refers to os_cpu_a.o(CODE) for PendSV_Handler
    startup_stm32f40_41xxx.o(RESET) refers to delay.o(i.SysTick_Handler) for SysTick_Handler
    startup_stm32f40_41xxx.o(RESET) refers to rcs_remote.o(i.DMA1_Stream5_IRQHandler) for DMA1_Stream5_IRQHandler
    startup_stm32f40_41xxx.o(RESET) refers to rcs_motor_3508.o(i.CAN1_RX0_IRQHandler) for CAN1_RX0_IRQHandler
    startup_stm32f40_41xxx.o(RESET) refers to rcs_timer.o(i.TIM2_IRQHandler) for TIM2_IRQHandler
    startup_stm32f40_41xxx.o(RESET) refers to rcs_timer.o(i.TIM3_IRQHandler) for TIM3_IRQHandler
    startup_stm32f40_41xxx.o(RESET) refers to rcs_timer.o(i.TIM4_IRQHandler) for TIM4_IRQHandler
    startup_stm32f40_41xxx.o(RESET) refers to usart.o(i.USART1_IRQHandler) for USART1_IRQHandler
    startup_stm32f40_41xxx.o(RESET) refers to rcs_motor_3508.o(i.CAN2_RX0_IRQHandler) for CAN2_RX0_IRQHandler
    startup_stm32f40_41xxx.o(.text) refers (Special) to heapauxi.o(.text) for __use_two_region_memory
    startup_stm32f40_41xxx.o(.text) refers to system_stm32f4xx.o(i.SystemInit) for SystemInit
    startup_stm32f40_41xxx.o(.text) refers to __main.o(!!!main) for __main
    startup_stm32f40_41xxx.o(.text) refers to startup_stm32f40_41xxx.o(HEAP) for Heap_Mem
    startup_stm32f40_41xxx.o(.text) refers to startup_stm32f40_41xxx.o(STACK) for Stack_Mem
    main.o(i.MainTask_Init) refers to rcs_ctrl_basemove.o(i.Ctrl_BaseMove_Init) for Ctrl_BaseMove_Init
    main.o(i.chassis_task) refers to rcs_ctrl_basemove.o(i.Remote_Ctrl) for Remote_Ctrl
    main.o(i.chassis_task) refers to delay.o(i.delay_ms) for delay_ms
    main.o(i.main) refers to delay.o(i.delay_init) for delay_init
    main.o(i.main) refers to os_cpu_c.o(i.OS_CPU_SysTickInit) for OS_CPU_SysTickInit
    main.o(i.main) refers to misc.o(i.NVIC_PriorityGroupConfig) for NVIC_PriorityGroupConfig
    main.o(i.main) refers to sys.o(.emb_text) for INTX_DISABLE
    main.o(i.main) refers to os_core.o(i.OSInit) for OSInit
    main.o(i.main) refers to cpu_a.o(.text) for CPU_SR_Save
    main.o(i.main) refers to os_task.o(i.OSTaskCreate) for OSTaskCreate
    main.o(i.main) refers to os_core.o(i.OSStart) for OSStart
    main.o(i.main) refers to system_stm32f4xx.o(.data) for SystemCoreClock
    main.o(i.main) refers to os_cfg_app.o(.constdata) for OSCfg_TickRate_Hz
    main.o(i.main) refers to main.o(.bss) for START_TASK_STK
    main.o(i.main) refers to main.o(i.start_task) for start_task
    main.o(i.start_task) refers to cpu_core.o(i.CPU_Init) for CPU_Init
    main.o(i.start_task) refers to main.o(i.MainTask_Init) for MainTask_Init
    main.o(i.start_task) refers to delay.o(i.delay_ms) for delay_ms
    main.o(i.start_task) refers to os_stat.o(i.OSStatTaskCPUUsageInit) for OSStatTaskCPUUsageInit
    main.o(i.start_task) refers to cpu_a.o(.text) for CPU_SR_Save
    main.o(i.start_task) refers to os_task.o(i.OSTaskCreate) for OSTaskCreate
    main.o(i.start_task) refers to os_task.o(i.OS_TaskSuspend) for OS_TaskSuspend
    main.o(i.start_task) refers to main.o(.bss) for CHASSIS_TASK_STK
    main.o(i.start_task) refers to main.o(i.chassis_task) for chassis_task
    system_stm32f4xx.o(i.SystemCoreClockUpdate) refers to system_stm32f4xx.o(.data) for SystemCoreClock
    system_stm32f4xx.o(i.SystemInit) refers to system_stm32f4xx.o(i.SetSysClock) for SetSysClock
    stm32f4xx_adc.o(i.ADC_DeInit) refers to stm32f4xx_rcc.o(i.RCC_APB2PeriphResetCmd) for RCC_APB2PeriphResetCmd
    stm32f4xx_can.o(i.CAN_DeInit) refers to stm32f4xx_rcc.o(i.RCC_APB1PeriphResetCmd) for RCC_APB1PeriphResetCmd
[...]
    TIM1_BRK_TIM9_IRQHandler                 0x08000293   Thumb Code     0  startup_stm32f40_41xxx.o(.text)
    TIM1_CC_IRQHandler                       0x08000293   Thumb Code     0  startup_stm32f40_41xxx.o(.text)
    TIM1_TRG_COM_TIM11_IRQHandler            0x08000293   Thumb Code     0  startup_stm32f40_41xxx.o(.text)
    TIM1_UP_TIM10_IRQHandler                 0x08000293   Thumb Code     0  startup_stm32f40_41xxx.o(.text)
    TIM5_IRQHandler                          0x08000293   Thumb Code     0  startup_stm32f40_41xxx.o(.text)
    TIM6_DAC_IRQHandler                      0x08000293   Thumb Code     0  startup_stm32f40_41xxx.o(.text)
    TIM7_IRQHandler                          0x08000293   Thumb Code     0  startup_stm32f40_41xxx.o(.text)
    TIM8_BRK_TIM12_IRQHandler                0x08000293   Thumb Code     0  startup_stm32f40_41xxx.o(.text)
    TIM8_CC_IRQHandler                       0x08000293   Thumb Code     0  startup_stm32f40_41xxx.o(.text)
    TIM8_TRG_COM_TIM14_IRQHandler            0x08000293   Thumb Code     0  startup_stm32f40_41xxx.o(.text)
    TIM8_UP_TIM13_IRQHandler                 0x08000293   Thumb Code     0  startup_stm32f40_41xxx.o(.text)
    UART4_IRQHandler                         0x08000293   Thumb Code     0  startup_stm32f40_41xxx.o(.text)
    UART5_IRQHandler                         0x08000293   Thumb Code     0  startup_stm32f40_41xxx.o(.text)
    USART2_IRQHandler                        0x08000293   Thumb Code     0  startup_stm32f40_41xxx.o(.text)
    USART3_IRQHandler                        0x08000293   Thumb Code     0  startup_stm32f40_41xxx.o(.text)
    USART6_IRQHandler                        0x08000293   Thumb Code     0  startup_stm32f40_41xxx.o(.text)
    WWDG_IRQHandler                          0x08000293   Thumb Code     0  startup_stm32f40_41xxx.o(.text)
    __user_initial_stackheap                 0x08000295   Thumb Code     0  startup_stm32f40_41xxx.o(.text)
    CPU_IntDis                               0x080002b9   Thumb Code     0  cpu_a.o(.text)
    CPU_IntEn                                0x080002bd   Thumb Code     0  cpu_a.o(.text)
    CPU_SR_Save                              0x080002c1   Thumb Code     0  cpu_a.o(.text)
    CPU_SR_Restore                           0x080002c9   Thumb Code     0  cpu_a.o(.text)
    CPU_WaitForInt                           0x080002cf   Thumb Code     0  cpu_a.o(.text)
    CPU_WaitForExcept                        0x080002d3   Thumb Code     0  cpu_a.o(.text)
    CPU_CntLeadZeros                         0x080002d7   Thumb Code     0  cpu_a.o(.text)
    CPU_CntTrailZeros                        0x080002dd   Thumb Code     0  cpu_a.o(.text)
    CPU_RevBits                              0x080002e7   Thumb Code     0  cpu_a.o(.text)
    __use_no_semihosting                     0x080002ed   Thumb Code     2  use_no_semi_2.o(.text)
    __use_two_region_memory                  0x080002ef   Thumb Code     2  heapauxi.o(.text)
    __rt_heap_escrow$2region                 0x080002f1   Thumb Code     2  heapauxi.o(.text)
    __rt_heap_expand$2region                 0x080002f3   Thumb Code     2  heapauxi.o(.text)
    __I$use$semihosting                      0x080002f5   Thumb Code     0  use_no_semi.o(.text)
    __use_no_semihosting_swi                 0x080002f5   Thumb Code     2  use_no_semi.o(.text)
    __read_errno                             0x080002f7   Thumb Code    10  _rserrno.o(.text)
    __set_errno                              0x08000301   Thumb Code    12  _rserrno.o(.text)
    __aeabi_errno_addr                       0x0800030d   Thumb Code     8  rt_errno_addr_intlibspace.o(.text)
    __errno$intlibspace                      0x0800030d   Thumb Code     0  rt_errno_addr_intlibspace.o(.text)
    __rt_errno_addr$intlibspace              0x0800030d   Thumb Code     0  rt_errno_addr_intlibspace.o(.text)
    __user_libspace                          0x08000315   Thumb Code     8  libspace.o(.text)
    __user_perproc_libspace                  0x08000315   Thumb Code     0  libspace.o(.text)
    __user_perthread_libspace                0x08000315   Thumb Code     0  libspace.o(.text)
    __user_setup_stackheap                   0x0800031d   Thumb Code    74  sys_stackheap_outer.o(.text)
    exit                                     0x08000367   Thumb Code    18  exit.o(.text)
    OSStartHighRdy                           0x08000379   Thumb Code     0  os_cpu_a.o(CODE)
    OSCtxSw                                  0x0800039b   Thumb Code     0  os_cpu_a.o(CODE)
    OSIntCtxSw                               0x080003a5   Thumb Code     0  os_cpu_a.o(CODE)
    PendSV_Handler                           0x080003af   Thumb Code     0  os_cpu_a.o(CODE)
    BSP_CPU_ClkFreq                          0x08000425   Thumb Code    14  bsp.o(i.BSP_CPU_ClkFreq)
    BaseMove                                 0x08000435   Thumb Code  1012  rcs_m_basemove.o(i.BaseMove)
    BusFault_Handler                         0x08000851   Thumb Code     4  stm32f4xx_it.o(i.BusFault_Handler)
    CAN1_RX0_IRQHandler                      0x08000855   Thumb Code   434  rcs_motor_3508.o(i.CAN1_RX0_IRQHandler)
    CAN2_RX0_IRQHandler                      0x08000a3d   Thumb Code   434  rcs_motor_3508.o(i.CAN2_RX0_IRQHandler)
    CAN_DeInit                               0x08000c25   Thumb Code    50  stm32f4xx_can.o(i.CAN_DeInit)
    CAN_FIFORelease                          0x08000c5d   Thumb Code    22  stm32f4xx_can.o(i.CAN_FIFORelease)
    CAN_FilterInit                           0x08000c75   Thumb Code   258  stm32f4xx_can.o(i.CAN_FilterInit)
    CAN_GetITStatus                          0x08000d7d   Thumb Code   284  stm32f4xx_can.o(i.CAN_GetITStatus)
    CAN_ITConfig                             0x08000e9d   Thumb Code    18  stm32f4xx_can.o(i.CAN_ITConfig)
    CAN_Init                                 0x08000eaf   Thumb Code   276  stm32f4xx_can.o(i.CAN_Init)
    CAN_Receive                              0x08000fc3   Thumb Code   240  stm32f4xx_can.o(i.CAN_Receive)
    CAN_StructInit                           0x080010b3   Thumb Code    32  stm32f4xx_can.o(i.CAN_StructInit)
    CAN_Transmit                             0x080010d3   Thumb Code   294  stm32f4xx_can.o(i.CAN_Transmit)
    CPU_Init                                 0x080011f9   Thumb Code    12  cpu_core.o(i.CPU_Init)
    CPU_NameClr                              0x08001205   Thumb Code    42  cpu_core.o(i.CPU_NameClr)
    CPU_TS_TmrFreqSet                        0x08001251   Thumb Code     6  cpu_core.o(i.CPU_TS_TmrFreqSet)
    CPU_TS_TmrInit                           0x0800125d   Thumb Code    44  bsp.o(i.CPU_TS_TmrInit)
    CPU_TS_TmrRd                             0x08001291   Thumb Code     6  bsp.o(i.CPU_TS_TmrRd)
    Ctrl_BaseMove_Init                       0x080012af   Thumb Code    12  rcs_ctrl_basemove.o(i.Ctrl_BaseMove_Init)
    Current_Data_Takepart                    0x080012bb   Thumb Code     8  rcs_motor_3508.o(i.Current_Data_Takepart)
    DMA1_Stream5_IRQHandler                  0x080012c5   Thumb Code    36  rcs_remote.o(i.DMA1_Stream5_IRQHandler)
    DMA_ClearFlag                            0x080012f9   Thumb Code    38  stm32f4xx_dma.o(i.DMA_ClearFlag)
    DMA_ClearITPendingBit                    0x0800132d   Thumb Code    38  stm32f4xx_dma.o(i.DMA_ClearITPendingBit)
    DMA_Cmd                                  0x08001361   Thumb Code    22  stm32f4xx_dma.o(i.DMA_Cmd)
    DMA_DeInit                               0x08001379   Thumb Code   324  stm32f4xx_dma.o(i.DMA_DeInit)
    DMA_GetITStatus                          0x080014d1   Thumb Code    82  stm32f4xx_dma.o(i.DMA_GetITStatus)
    DMA_ITConfig                             0x08001535   Thumb Code    58  stm32f4xx_dma.o(i.DMA_ITConfig)
    DMA_Init                                 0x08001571   Thumb Code    82  stm32f4xx_dma.o(i.DMA_Init)
    DebugMon_Handler                         0x080015c9   Thumb Code     2  stm32f4xx_it.o(i.DebugMon_Handler)
    GPIO_Init                                0x080015cb   Thumb Code   144  stm32f4xx_gpio.o(i.GPIO_Init)
    GPIO_PinAFConfig                         0x0800165b   Thumb Code    70  stm32f4xx_gpio.o(i.GPIO_PinAFConfig)
    GPIO_ResetBits                           0x080016a1   Thumb Code     4  stm32f4xx_gpio.o(i.GPIO_ResetBits)
    GPIO_SetBits                             0x080016a5   Thumb Code     4  stm32f4xx_gpio.o(i.GPIO_SetBits)
    GPIO_StructInit                          0x080016a9   Thumb Code    18  stm32f4xx_gpio.o(i.GPIO_StructInit)
    GetRCS_GPIO_PinSource                    0x080016bb   Thumb Code   164  rcs_types.o(i.GetRCS_GPIO_PinSource)
    Get_Motor_Speed                          0x08001761   Thumb Code    12  rcs_motor_3508.o(i.Get_Motor_Speed)
    Get_RC_Value                             0x08001771   Thumb Code    38  rcs_remote.o(i.Get_RC_Value)
    HardFault_Handler                        0x0800179d   Thumb Code     4  stm32f4xx_it.o(i.HardFault_Handler)
    M_BaseMove_Init                          0x080017a1   Thumb Code    16  rcs_m_basemove.o(i.M_BaseMove_Init)
    MemManage_Handler                        0x08001829   Thumb Code     4  stm32f4xx_it.o(i.MemManage_Handler)
    Mem_Clr                                  0x0800182d   Thumb Code    18  lib_mem.o(i.Mem_Clr)
    Mem_Set                                  0x0800183f   Thumb Code    84  lib_mem.o(i.Mem_Set)
    Motor_Init                               0x08001895   Thumb Code   126  rcs_motor_3508.o(i.Motor_Init)
    Motor_Send                               0x0800193d   Thumb Code    76  rcs_motor_3508.o(i.Motor_Send)
    NMI_Handler                              0x0800198d   Thumb Code     2  stm32f4xx_it.o(i.NMI_Handler)
    NVIC_Init                                0x08001991   Thumb Code   106  misc.o(i.NVIC_Init)
    NVIC_PriorityGroupConfig                 0x08001a09   Thumb Code    10  misc.o(i.NVIC_PriorityGroupConfig)
    OSCfg_Init                               0x08001a1d   Thumb Code     2  os_cfg_app.o(i.OSCfg_Init)
    OSIdleTaskHook                           0x08001a21   Thumb Code    16  os_cpu_c.o(i.OSIdleTaskHook)
    OSInit                                   0x08001a35   Thumb Code   270  os_core.o(i.OSInit)
    OSInitHook                               0x08001b99   Thumb Code    28  os_cpu_c.o(i.OSInitHook)
    OSIntEnter                               0x08001bc1   Thumb Code    34  os_core.o(i.OSIntEnter)
    OSIntExit                                0x08001bed   Thumb Code   188  os_core.o(i.OSIntExit)
    OSMutexCreate                            0x08001cc9   Thumb Code   102  os_mutex.o(i.OSMutexCreate)
    OSMutexPend                              0x08001d39   Thumb Code   450  os_mutex.o(i.OSMutexPend)
    OSMutexPost                              0x08001f09   Thumb Code   384  os_mutex.o(i.OSMutexPost)
    OSSched                                  0x08002095   Thumb Code   134  os_core.o(i.OSSched)
    OSSchedLock                              0x08002139   Thumb Code    88  os_core.o(i.OSSchedLock)
    OSSchedUnlock                            0x08002199   Thumb Code   120  os_core.o(i.OSSchedUnlock)
    OSStart                                  0x08002219   Thumb Code    78  os_core.o(i.OSStart)
    OSStatReset                              0x08002281   Thumb Code   262  os_stat.o(i.OSStatReset)
    OSStatTaskCPUUsageInit                   0x080023a9   Thumb Code   212  os_stat.o(i.OSStatTaskCPUUsageInit)
    OSStatTaskHook                           0x08002499   Thumb Code    16  os_cpu_c.o(i.OSStatTaskHook)
    OSTaskCreate                             0x080024ad   Thumb Code   382  os_task.o(i.OSTaskCreate)
    OSTaskCreateHook                         0x0800263d   Thumb Code    20  os_cpu_c.o(i.OSTaskCreateHook)
    OSTaskDel                                0x08002655   Thumb Code   380  os_task.o(i.OSTaskDel)
    OSTaskDelHook                            0x080027dd   Thumb Code    20  os_cpu_c.o(i.OSTaskDelHook)
    OSTaskResume                             0x080027f5   Thumb Code    80  os_task.o(i.OSTaskResume)
    OSTaskReturnHook                         0x08002849   Thumb Code    20  os_cpu_c.o(i.OSTaskReturnHook)
    OSTaskSemPend                            0x08002861   Thumb Code   446  os_task.o(i.OSTaskSemPend)
    OSTaskSemPost                            0x08002a29   Thumb Code    62  os_task.o(i.OSTaskSemPost)
    OSTaskStkChk                             0x08002a69   Thumb Code   188  os_task.o(i.OSTaskStkChk)
    OSTaskStkInit                            0x08002b29   Thumb Code   600  os_cpu_c.o(i.OSTaskStkInit)
    OSTaskSuspend                            0x08002d85   Thumb Code    32  os_task.o(i.OSTaskSuspend)
    OSTaskSwHook                             0x08002da9   Thumb Code   120  os_cpu_c.o(i.OSTaskSwHook)
    OSTimeDly                                0x08002e31   Thumb Code   156  os_time.o(i.OSTimeDly)
    OSTimeTick                               0x08002ed5   Thumb Code    50  os_time.o(i.OSTimeTick)
    OSTimeTickHook                           0x08002f19   Thumb Code    16  os_cpu_c.o(i.OSTimeTickHook)
    OS_CPU_SysTickInit                       0x08002f2d   Thumb Code    44  os_cpu_c.o(i.OS_CPU_SysTickInit)
    OS_Dbg_Init                              0x08002f5d   Thumb Code   146  os_dbg.o(i.OS_Dbg_Init)
    OS_FlagInit                              0x08003105   Thumb Code    14  os_flag.o(i.OS_FlagInit)
    OS_IdleTask                              0x0800311d   Thumb Code    58  os_core.o(i.OS_IdleTask)
    OS_IdleTaskInit                          0x08003161   Thumb Code    66  os_core.o(i.OS_IdleTaskInit)
    OS_MemInit                               0x080031d1   Thumb Code    14  os_mem.o(i.OS_MemInit)
    OS_MsgPoolInit                           0x080031e9   Thumb Code   110  os_msg.o(i.OS_MsgPoolInit)
    OS_MsgQFreeAll                           0x08003265   Thumb Code    62  os_msg.o(i.OS_MsgQFreeAll)
    OS_MsgQInit                              0x080032a9   Thumb Code    14  os_msg.o(i.OS_MsgQInit)
    OS_MutexDbgListAdd                       0x080032b9   Thumb Code    38  os_mutex.o(i.OS_MutexDbgListAdd)
    OS_MutexGrpAdd                           0x080032e9   Thumb Code     8  os_mutex.o(i.OS_MutexGrpAdd)
    OS_MutexGrpPostAll                       0x080032f1   Thumb Code    96  os_mutex.o(i.OS_MutexGrpPostAll)
    OS_MutexGrpPrioFindHighest               0x08003351   Thumb Code    44  os_mutex.o(i.OS_MutexGrpPrioFindHighest)
    OS_MutexGrpRemove                        0x0800337d   Thumb Code    28  os_mutex.o(i.OS_MutexGrpRemove)
    OS_MutexInit                             0x08003399   Thumb Code    14  os_mutex.o(i.OS_MutexInit)
    OS_Pend                                  0x080033b1   Thumb Code   100  os_core.o(i.OS_Pend)
    OS_PendDataInit                          0x08003419   Thumb Code    40  os_core.o(i.OS_PendDataInit)
    OS_PendDbgNameAdd                        0x08003441   Thumb Code    66  os_core.o(i.OS_PendDbgNameAdd)
    OS_PendDbgNameRemove                     0x0800349d   Thumb Code    30  os_core.o(i.OS_PendDbgNameRemove)
    OS_PendListChangePrio                    0x080034c1   Thumb Code    58  os_core.o(i.OS_PendListChangePrio)
    OS_PendListInit                          0x080034fb   Thumb Code    10  os_core.o(i.OS_PendListInit)
    OS_PendListInsertPrio                    0x08003505   Thumb Code   102  os_core.o(i.OS_PendListInsertPrio)
    OS_PendListRemove                        0x0800356b   Thumb Code    52  os_core.o(i.OS_PendListRemove)
    OS_PendListRemove1                       0x0800359f   Thumb Code    66  os_core.o(i.OS_PendListRemove1)
    OS_Post                                  0x080035e1   Thumb Code   214  os_core.o(i.OS_Post)
    OS_Post1                                 0x080036b7   Thumb Code    44  os_core.o(i.OS_Post1)
    OS_PrioGetHighest                        0x080036e5   Thumb Code    36  os_prio.o(i.OS_PrioGetHighest)
    OS_PrioInit                              0x0800370d   Thumb Code    20  os_prio.o(i.OS_PrioInit)
    OS_PrioInsert                            0x08003725   Thumb Code    32  os_prio.o(i.OS_PrioInsert)
    OS_PrioRemove                            0x08003749   Thumb Code    32  os_prio.o(i.OS_PrioRemove)
    OS_QInit                                 0x0800376d   Thumb Code    14  os_q.o(i.OS_QInit)
    OS_RdyListInit                           0x08003785   Thumb Code    32  os_core.o(i.OS_RdyListInit)
    OS_RdyListInsert                         0x080037a9   Thumb Code    40  os_core.o(i.OS_RdyListInsert)
    OS_RdyListInsertHead                     0x080037d5   Thumb Code    58  os_core.o(i.OS_RdyListInsertHead)
    OS_RdyListInsertTail                     0x08003815   Thumb Code    56  os_core.o(i.OS_RdyListInsertTail)
    OS_RdyListRemove                         0x08003851   Thumb Code    86  os_core.o(i.OS_RdyListRemove)
    OS_SchedLockTimeMeasStart                0x080038ad   Thumb Code    20  os_core.o(i.OS_SchedLockTimeMeasStart)
    OS_SchedLockTimeMeasStop                 0x080038c9   Thumb Code    44  os_core.o(i.OS_SchedLockTimeMeasStop)
    OS_SemInit                               0x08003905   Thumb Code    14  os_sem.o(i.OS_SemInit)
    OS_StatTask                              0x0800391d   Thumb Code   684  os_stat.o(i.OS_StatTask)
    OS_StatTaskInit                          0x08003c05   Thumb Code   136  os_stat.o(i.OS_StatTaskInit)
    OS_TaskBlock                             0x08003cd1   Thumb Code    40  os_core.o(i.OS_TaskBlock)
    OS_TaskChangePrio                        0x08003cfd   Thumb Code   232  os_task.o(i.OS_TaskChangePrio)
    OS_TaskDbgListAdd                        0x08003de9   Thumb Code    42  os_task.o(i.OS_TaskDbgListAdd)
    OS_TaskDbgListRemove                     0x08003e19   Thumb Code    64  os_task.o(i.OS_TaskDbgListRemove)
    OS_TaskInit                              0x08003e5d   Thumb Code    18  os_task.o(i.OS_TaskInit)
    OS_TaskInitTCB                           0x08003e7d   Thumb Code   176  os_task.o(i.OS_TaskInitTCB)
    OS_TaskResume                            0x08003f39   Thumb Code   256  os_task.o(i.OS_TaskResume)
    OS_TaskReturn                            0x08004039   Thumb Code    20  os_task.o(i.OS_TaskReturn)
    OS_TaskSemPost                           0x08004051   Thumb Code   448  os_task.o(i.OS_TaskSemPost)
    OS_TaskSuspend                           0x08004215   Thumb Code   272  os_task.o(i.OS_TaskSuspend)
    OS_TickListInsert                        0x0800432d   Thumb Code   134  os_tick.o(i.OS_TickListInsert)
    OS_TickListInsertDly                     0x080043b5   Thumb Code   180  os_tick.o(i.OS_TickListInsertDly)
    OS_TickListRemove                        0x08004471   Thumb Code    88  os_tick.o(i.OS_TickListRemove)
    OS_TickListResetPeak                     0x080044c9   Thumb Code     2  os_tick.o(i.OS_TickListResetPeak)
    OS_TickTask                              0x08004679   Thumb Code    90  os_tick.o(i.OS_TickTask)
    OS_TickTaskInit                          0x080046dd   Thumb Code   140  os_tick.o(i.OS_TickTaskInit)
    OS_TmrInit                               0x080047a5   Thumb Code   200  os_tmr.o(i.OS_TmrInit)
    OS_TmrResetPeak                          0x080048f1   Thumb Code     2  os_tmr.o(i.OS_TmrResetPeak)
    OS_TmrTask                               0x080048f5   Thumb Code   134  os_tmr.o(i.OS_TmrTask)
    OS_TmrUnlink                             0x08004989   Thumb Code    58  os_tmr.o(i.OS_TmrUnlink)
    PID_Degree_Ctrl                          0x080049e1   Thumb Code   172  rcs_pidctrl.o(i.PID_Degree_Ctrl)
    PID_FeedbackX                            0x08004aa5   Thumb Code   172  rcs_pidctrl.o(i.PID_FeedbackX)
    PID_FeedbackY                            0x08004b69   Thumb Code   172  rcs_pidctrl.o(i.PID_FeedbackY)
    PID_Mwheel_Speed_Ctrl                    0x08004c2d   Thumb Code   220  rcs_pidctrl.o(i.PID_Mwheel_Speed_Ctrl)
    RCC_AHB1PeriphClockCmd                   0x08004d1d   Thumb Code    26  stm32f4xx_rcc.o(i.RCC_AHB1PeriphClockCmd)
    RCC_APB1PeriphClockCmd                   0x08004d3d   Thumb Code    26  stm32f4xx_rcc.o(i.RCC_APB1PeriphClockCmd)
    RCC_APB1PeriphResetCmd                   0x08004d5d   Thumb Code    26  stm32f4xx_rcc.o(i.RCC_APB1PeriphResetCmd)
    RCC_APB2PeriphClockCmd                   0x08004d7d   Thumb Code    26  stm32f4xx_rcc.o(i.RCC_APB2PeriphClockCmd)
    RCC_APB2PeriphResetCmd                   0x08004d9d   Thumb Code    26  stm32f4xx_rcc.o(i.RCC_APB2PeriphResetCmd)
    RCC_GetClocksFreq                        0x08004dbd   Thumb Code   214  stm32f4xx_rcc.o(i.RCC_GetClocksFreq)
    RCS_CAN1_Config                          0x08004ea5   Thumb Code   284  rcs_can.o(i.RCS_CAN1_Config)
    RCS_CANx_Send                            0x08004fc9   Thumb Code    64  rcs_can.o(i.RCS_CANx_Send)
    RCS_GPIO_Reset                           0x08005009   Thumb Code    16  rcs_gpio.o(i.RCS_GPIO_Reset)
    RCS_GPIO_Set                             0x08005019   Thumb Code    16  rcs_gpio.o(i.RCS_GPIO_Set)
    RCS_Get_X                                0x08005029   Thumb Code     8  rcs_grobal_gps.o(i.RCS_Get_X)
    RCS_Get_Y                                0x08005035   Thumb Code     8  rcs_grobal_gps.o(i.RCS_Get_Y)
    RCS_Get_Z                                0x08005041   Thumb Code     8  rcs_grobal_gps.o(i.RCS_Get_Z)
    RC_Init                                  0x0800504d   Thumb Code   256  rcs_remote.o(i.RC_Init)
    Remote_Ctrl                              0x0800520d   Thumb Code   310  rcs_ctrl_basemove.o(i.Remote_Ctrl)
    SVC_Handler                              0x08005359   Thumb Code     2  stm32f4xx_it.o(i.SVC_Handler)
    SysTick_CLKSourceConfig                  0x08005449   Thumb Code    40  misc.o(i.SysTick_CLKSourceConfig)
    SysTick_Handler                          0x08005471   Thumb Code    24  delay.o(i.SysTick_Handler)
    SystemInit                               0x0800548d   Thumb Code    88  system_stm32f4xx.o(i.SystemInit)
    TIM2_IRQHandler                          0x080054f5   Thumb Code    56  rcs_timer.o(i.TIM2_IRQHandler)
    TIM3_IRQHandler                          0x08005535   Thumb Code    12  rcs_timer.o(i.TIM3_IRQHandler)
    TIM4_IRQHandler                          0x08005545   Thumb Code    12  rcs_timer.o(i.TIM4_IRQHandler)
    TIM_ClearITPendingBit                    0x08005555   Thumb Code     6  stm32f4xx_tim.o(i.TIM_ClearITPendingBit)
    USART1_IRQHandler                        0x0800555d   Thumb Code   130  usart.o(i.USART1_IRQHandler)
    USART_Cmd                                0x080055ed   Thumb Code    24  stm32f4xx_usart.o(i.USART_Cmd)
    USART_DMACmd                             0x08005605   Thumb Code    18  stm32f4xx_usart.o(i.USART_DMACmd)
    USART_DeInit                             0x08005619   Thumb Code   206  stm32f4xx_usart.o(i.USART_DeInit)
    USART_GetITStatus                        0x08005709   Thumb Code    84  stm32f4xx_usart.o(i.USART_GetITStatus)
    USART_Init                               0x0800575d   Thumb Code   204  stm32f4xx_usart.o(i.USART_Init)
    USART_ReceiveData                        0x08005831   Thumb Code    10  stm32f4xx_usart.o(i.USART_ReceiveData)
    UsageFault_Handler                       0x0800583b   Thumb Code     4  stm32f4xx_it.o(i.UsageFault_Handler)
    __ARM_fpclassify                         0x080059b5   Thumb Code    48  fpclassify.o(i.__ARM_fpclassify)
    __hardfp_atan                            0x080059e9   Thumb Code   622  atan.o(i.__hardfp_atan)
    __hardfp_atan2                           0x08005cc1   Thumb Code   432  atan2.o(i.__hardfp_atan2)
    __hardfp_cos                             0x08005eb1   Thumb Code   180  cos.o(i.__hardfp_cos)
    __hardfp_sqrt                            0x08005f79   Thumb Code   122  sqrt.o(i.__hardfp_sqrt)
    __ieee754_rem_pio2                       0x08005ff9   Thumb Code   938  rred.o(i.__ieee754_rem_pio2)
    __kernel_cos                             0x08006431   Thumb Code   322  cos_i.o(i.__kernel_cos)
    __kernel_poly                            0x080065a1   Thumb Code   248  poly.o(i.__kernel_poly)
    __kernel_sin                             0x08006699   Thumb Code   280  sin_i.o(i.__kernel_sin)
    __mathlib_dbl_infnan                     0x080067c9   Thumb Code    20  dunder.o(i.__mathlib_dbl_infnan)
    __mathlib_dbl_infnan2                    0x080067dd   Thumb Code    20  dunder.o(i.__mathlib_dbl_infnan2)
    __mathlib_dbl_invalid                    0x080067f1   Thumb Code    24  dunder.o(i.__mathlib_dbl_invalid)
    __mathlib_dbl_underflow                  0x08006811   Thumb Code    24  dunder.o(i.__mathlib_dbl_underflow)
    _sys_exit                                0x08006831   Thumb Code     4  usart.o(i._sys_exit)
    atan                                     0x08006835   Thumb Code    16  atan.o(i.atan)
    chassis_task                             0x08006845   Thumb Code    16  main.o(i.chassis_task)
    delay_init                               0x08006855   Thumb Code    94  delay.o(i.delay_init)
    delay_ms                                 0x080068c5   Thumb Code    66  delay.o(i.delay_ms)
    delay_osschedlock                        0x08006915   Thumb Code    10  delay.o(i.delay_osschedlock)
    delay_osschedunlock                      0x0800691f   Thumb Code    10  delay.o(i.delay_osschedunlock)
    delay_ostimedly                          0x08006929   Thumb Code    16  delay.o(i.delay_ostimedly)
    delay_us                                 0x08006939   Thumb Code    84  delay.o(i.delay_us)
    fabs                                     0x08006991   Thumb Code    24  fabs.o(i.fabs)
    main                                     0x080069a9   Thumb Code   136  main.o(i.main)
    start_task                               0x08006a51   Thumb Code   122  main.o(i.start_task)
    __aeabi_dneg                             0x08006aed   Thumb Code     0  basic.o(x$fpl$basic)
    _dneg                                    0x08006aed   Thumb Code     6  basic.o(x$fpl$basic)
    __aeabi_fneg                             0x08006af3   Thumb Code     0  basic.o(x$fpl$basic)
    _fneg                                    0x08006af3   Thumb Code     6  basic.o(x$fpl$basic)
    _dabs                                    0x08006af9   Thumb Code     6  basic.o(x$fpl$basic)
    _fabs                                    0x08006aff   Thumb Code     6  basic.o(x$fpl$basic)
    __aeabi_d2f                              0x08006b05   Thumb Code     0  d2f.o(x$fpl$d2f)
    _d2f                                     0x08006b05   Thumb Code    98  d2f.o(x$fpl$d2f)
    __aeabi_dadd                             0x08006b69   Thumb Code     0  daddsub_clz.o(x$fpl$dadd)
    _dadd                                    0x08006b69   Thumb Code   332  daddsub_clz.o(x$fpl$dadd)
    __aeabi_ddiv                             0x08006cb9   Thumb Code     0  ddiv.o(x$fpl$ddiv)
    _ddiv                                    0x08006cb9   Thumb Code   552  ddiv.o(x$fpl$ddiv)
    __aeabi_d2iz                             0x08006f69   Thumb Code     0  dfix.o(x$fpl$dfix)
    _dfix                                    0x08006f69   Thumb Code    94  dfix.o(x$fpl$dfix)
    __aeabi_i2d                              0x08006fc7   Thumb Code     0  dflt_clz.o(x$fpl$dflt)
    _dflt                                    0x08006fc7   Thumb Code    46  dflt_clz.o(x$fpl$dflt)
    __aeabi_ui2d                             0x08006ff5   Thumb Code     0  dflt_clz.o(x$fpl$dfltu)
    _dfltu                                   0x08006ff5   Thumb Code    38  dflt_clz.o(x$fpl$dfltu)
    __aeabi_dmul                             0x0800701d   Thumb Code     0  dmul.o(x$fpl$dmul)
    _dmul                                    0x0800701d   Thumb Code   332  dmul.o(x$fpl$dmul)
    __fpl_dnaninf                            0x08007171   Thumb Code   156  dnaninf.o(x$fpl$dnaninf)
    __fpl_dretinf                            0x0800720d   Thumb Code    12  dretinf.o(x$fpl$dretinf)
    __aeabi_drsub                            0x08007219   Thumb Code     0  daddsub_clz.o(x$fpl$drsb)
    _drsb                                    0x08007219   Thumb Code    22  daddsub_clz.o(x$fpl$drsb)
    _dsqrt                                   0x08007231   Thumb Code   404  dsqrt_umaal.o(x$fpl$dsqrt)
    __aeabi_dsub                             0x080073c9   Thumb Code     0  daddsub_clz.o(x$fpl$dsub)
    _dsub                                    0x080073c9   Thumb Code   464  daddsub_clz.o(x$fpl$dsub)
    __aeabi_f2d                              0x0800759d   Thumb Code     0  f2d.o(x$fpl$f2d)
    _f2d                                     0x0800759d   Thumb Code    86  f2d.o(x$fpl$f2d)
    __fpl_fnaninf                            0x080075f3   Thumb Code   140  fnaninf.o(x$fpl$fnaninf)
    _fp_init                                 0x0800767f   Thumb Code    10  fpinit.o(x$fpl$fpinit)
    __fplib_config_fpu_vfp                   0x08007687   Thumb Code     0  fpinit.o(x$fpl$fpinit)
    __fplib_config_pureend_doubles           0x08007687   Thumb Code     0  fpinit.o(x$fpl$fpinit)
    __fpl_fretinf                            0x08007689   Thumb Code    10  fretinf.o(x$fpl$fretinf)
    __I$use$fp                               0x08007692   Number         0  usenofp.o(x$fpl$usenofp)
    OSCfg_IdleTaskStkBasePtr                 0x08007694   Data           4  os_cfg_app.o(.constdata)
    OSCfg_IdleTaskStkLimit                   0x08007698   Data           4  os_cfg_app.o(.constdata)
    OSCfg_IdleTaskStkSize                    0x0800769c   Data           4  os_cfg_app.o(.constdata)
    OSCfg_IdleTaskStkSizeRAM                 0x080076a0   Data           4  os_cfg_app.o(.constdata)
    OSCfg_IntQBasePtr                        0x080076a4   Data           4  os_cfg_app.o(.constdata)
    OSCfg_IntQSize                           0x080076a8   Data           2  os_cfg_app.o(.constdata)
    OSCfg_IntQSizeRAM                        0x080076ac   Data           4  os_cfg_app.o(.constdata)
    OSCfg_IntQTaskStkBasePtr                 0x080076b0   Data           4  os_cfg_app.o(.constdata)
    OSCfg_IntQTaskStkLimit                   0x080076b4   Data           4  os_cfg_app.o(.constdata)
    OSCfg_IntQTaskStkSize                    0x080076b8   Data           4  os_cfg_app.o(.constdata)
    OSCfg_IntQTaskStkSizeRAM                 0x080076bc   Data           4  os_cfg_app.o(.constdata)
    OSCfg_ISRStkBasePtr                      0x080076c0   Data           4  os_cfg_app.o(.constdata)
    OSCfg_ISRStkSize                         0x080076c4   Data           4  os_cfg_app.o(.constdata)
    OSCfg_ISRStkSizeRAM                      0x080076c8   Data           4  os_cfg_app.o(.constdata)
    OSCfg_MsgPoolSize                        0x080076cc   Data           2  os_cfg_app.o(.constdata)
    OSCfg_MsgPoolSizeRAM                     0x080076d0   Data           4  os_cfg_app.o(.constdata)
    OSCfg_MsgPoolBasePtr                     0x080076d4   Data           4  os_cfg_app.o(.constdata)
    OSCfg_StatTaskPrio                       0x080076d8   Data           1  os_cfg_app.o(.constdata)
    OSCfg_StatTaskRate_Hz                    0x080076dc   Data           4  os_cfg_app.o(.constdata)
    OSCfg_StatTaskStkBasePtr                 0x080076e0   Data           4  os_cfg_app.o(.constdata)
    OSCfg_StatTaskStkLimit                   0x080076e4   Data           4  os_cfg_app.o(.constdata)
    OSCfg_StatTaskStkSize                    0x080076e8   Data           4  os_cfg_app.o(.constdata)
    OSCfg_StatTaskStkSizeRAM                 0x080076ec   Data           4  os_cfg_app.o(.constdata)
    OSCfg_StkSizeMin                         0x080076f0   Data           4  os_cfg_app.o(.constdata)
    OSCfg_TickRate_Hz                        0x080076f4   Data           4  os_cfg_app.o(.constdata)
    OSCfg_TickTaskPrio                       0x080076f8   Data           1  os_cfg_app.o(.constdata)
    OSCfg_TickTaskStkBasePtr                 0x080076fc   Data           4  os_cfg_app.o(.constdata)
    OSCfg_TickTaskStkLimit                   0x08007700   Data           4  os_cfg_app.o(.constdata)
    OSCfg_TickTaskStkSize                    0x08007704   Data           4  os_cfg_app.o(.constdata)
    OSCfg_TickTaskStkSizeRAM                 0x08007708   Data           4  os_cfg_app.o(.constdata)
    OSCfg_TmrTaskPrio                        0x0800770c   Data           1  os_cfg_app.o(.constdata)
    OSCfg_TmrTaskRate_Hz                     0x08007710   Data           4  os_cfg_app.o(.constdata)
    OSCfg_TmrTaskStkBasePtr                  0x08007714   Data           4  os_cfg_app.o(.constdata)
    OSCfg_TmrTaskStkLimit                    0x08007718   Data           4  os_cfg_app.o(.constdata)
    OSCfg_TmrTaskStkSize                     0x0800771c   Data           4  os_cfg_app.o(.constdata)
    OSCfg_TmrTaskStkSizeRAM                  0x08007720   Data           4  os_cfg_app.o(.constdata)
    OSCfg_DataSizeRAM                        0x08007724   Data           4  os_cfg_app.o(.constdata)
    OSDbg_DbgEn                              0x08007728   Data           1  os_dbg.o(.constdata)
    OSDbg_ArgChkEn                           0x08007729   Data           1  os_dbg.o(.constdata)
    OSDbg_AppHooksEn                         0x0800772a   Data           1  os_dbg.o(.constdata)
    OSDbg_EndiannessTest                     0x0800772c   Data           4  os_dbg.o(.constdata)
    OSDbg_CalledFromISRChkEn                 0x08007730   Data           1  os_dbg.o(.constdata)
    OSDbg_FlagEn                             0x08007731   Data           1  os_dbg.o(.constdata)
    OSDbg_FlagGrp                            0x08007734   Data          40  os_dbg.o(.constdata)
    OSDbg_FlagDelEn                          0x0800775c   Data           1  os_dbg.o(.constdata)
    OSDbg_FlagModeClrEn                      0x0800775d   Data           1  os_dbg.o(.constdata)
    OSDbg_FlagPendAbortEn                    0x0800775e   Data           1  os_dbg.o(.constdata)
    OSDbg_FlagGrpSize                        0x08007760   Data           2  os_dbg.o(.constdata)
    OSDbg_FlagWidth                          0x08007762   Data           2  os_dbg.o(.constdata)
    OSDbg_IntQ                               0x08007764   Data           2  os_dbg.o(.constdata)
    OSDbg_ISRPostDeferredEn                  0x08007766   Data           1  os_dbg.o(.constdata)
    OSDbg_Mem                                0x08007768   Data          32  os_dbg.o(.constdata)
    OSDbg_MemEn                              0x08007788   Data           1  os_dbg.o(.constdata)
    OSDbg_MemSize                            0x0800778a   Data           2  os_dbg.o(.constdata)
    OSDbg_MsgEn                              0x0800778c   Data           1  os_dbg.o(.constdata)
    OSDbg_MsgSize                            0x0800778e   Data           2  os_dbg.o(.constdata)
    OSDbg_MsgPoolSize                        0x08007790   Data           2  os_dbg.o(.constdata)
    OSDbg_MsgQSize                           0x08007792   Data           2  os_dbg.o(.constdata)
    OSDbg_Mutex                              0x08007794   Data          48  os_dbg.o(.constdata)
    OSDbg_MutexEn                            0x080077c4   Data           1  os_dbg.o(.constdata)
    OSDbg_MutexDelEn                         0x080077c5   Data           1  os_dbg.o(.constdata)
    OSDbg_MutexPendAbortEn                   0x080077c6   Data           1  os_dbg.o(.constdata)
    OSDbg_MutexSize                          0x080077c8   Data           2  os_dbg.o(.constdata)
    OSDbg_ObjTypeChkEn                       0x080077ca   Data           1  os_dbg.o(.constdata)
    OSDbg_PendMultiEn                        0x080077cb   Data           1  os_dbg.o(.constdata)
    OSDbg_PendDataSize                       0x080077cc   Data           2  os_dbg.o(.constdata)
    OSDbg_PendListSize                       0x080077ce   Data           2  os_dbg.o(.constdata)
    OSDbg_PendObjSize                        0x080077d0   Data           2  os_dbg.o(.constdata)
    OSDbg_PrioMax                            0x080077d2   Data           2  os_dbg.o(.constdata)
    OSDbg_PrioTblSize                        0x080077d4   Data           2  os_dbg.o(.constdata)
    OSDbg_PtrSize                            0x080077d6   Data           2  os_dbg.o(.constdata)
    OSDbg_Q                                  0x080077d8   Data          48  os_dbg.o(.constdata)
    OSDbg_QEn                                0x08007808   Data           1  os_dbg.o(.constdata)
    OSDbg_QDelEn                             0x08007809   Data           1  os_dbg.o(.constdata)
    OSDbg_QFlushEn                           0x0800780a   Data           1  os_dbg.o(.constdata)
    OSDbg_QPendAbortEn                       0x0800780b   Data           1  os_dbg.o(.constdata)
    OSDbg_QSize                              0x0800780c   Data           2  os_dbg.o(.constdata)
    OSDbg_SchedRoundRobinEn                  0x0800780e   Data           1  os_dbg.o(.constdata)
    OSDbg_Sem                                0x08007810   Data          40  os_dbg.o(.constdata)
    OSDbg_SemEn                              0x08007838   Data           1  os_dbg.o(.constdata)
    OSDbg_SemDelEn                           0x08007839   Data           1  os_dbg.o(.constdata)
    OSDbg_SemPendAbortEn                     0x0800783a   Data           1  os_dbg.o(.constdata)
    OSDbg_SemSetEn                           0x0800783b   Data           1  os_dbg.o(.constdata)
    OSDbg_SemSize                            0x0800783c   Data           2  os_dbg.o(.constdata)
    OSDbg_RdyList                            0x0800783e   Data           2  os_dbg.o(.constdata)
    OSDbg_RdyListSize                        0x08007840   Data           4  os_dbg.o(.constdata)
    OSDbg_StkWidth                           0x08007844   Data           1  os_dbg.o(.constdata)
    OSDbg_StatTaskEn                         0x08007845   Data           1  os_dbg.o(.constdata)
    OSDbg_StatTaskStkChkEn                   0x08007846   Data           1  os_dbg.o(.constdata)
    OSDbg_TaskChangePrioEn                   0x08007847   Data           1  os_dbg.o(.constdata)
    OSDbg_TaskDelEn                          0x08007848   Data           1  os_dbg.o(.constdata)
    OSDbg_TaskQEn                            0x08007849   Data           1  os_dbg.o(.constdata)
    OSDbg_TaskQPendAbortEn                   0x0800784a   Data           1  os_dbg.o(.constdata)
    OSDbg_TaskProfileEn                      0x0800784b   Data           1  os_dbg.o(.constdata)
    OSDbg_TaskRegTblSize                     0x0800784c   Data           2  os_dbg.o(.constdata)
    OSDbg_TaskSemPendAbortEn                 0x0800784e   Data           1  os_dbg.o(.constdata)
    OSDbg_TaskSuspendEn                      0x0800784f   Data           1  os_dbg.o(.constdata)
    OSDbg_TCBSize                            0x08007850   Data           2  os_dbg.o(.constdata)
    OSDbg_TickListSize                       0x08007852   Data           2  os_dbg.o(.constdata)
    OSDbg_TimeDlyHMSMEn                      0x08007854   Data           1  os_dbg.o(.constdata)
    OSDbg_TimeDlyResumeEn                    0x08007855   Data           1  os_dbg.o(.constdata)
    OSDbg_TLS_TblSize                        0x08007856   Data           2  os_dbg.o(.constdata)
    OSDbg_Tmr                                0x08007858   Data          48  os_dbg.o(.constdata)
    OSDbg_TmrEn                              0x08007888   Data           1  os_dbg.o(.constdata)
    OSDbg_TmrDelEn                           0x08007889   Data           1  os_dbg.o(.constdata)
    OSDbg_TmrSize                            0x0800788a   Data           2  os_dbg.o(.constdata)
    OSDbg_VersionNbr                         0x0800788c   Data           2  os_dbg.o(.constdata)
    OSDbg_DataSize                           0x08007890   Data           4  os_dbg.o(.constdata)
    __mathlib_zero                           0x08007960   Data           8  qnan.o(.constdata)
    Region$$Table$$Base                      0x08007a58   Number         0  anon$$obj.o(Region$$Table)
    Region$$Table$$Limit                     0x08007a78   Number         0  anon$$obj.o(Region$$Table)
    SystemCoreClock                          0x20000000   Data           4  system_stm32f4xx.o(.data)
    AHBPrescTable                            0x20000004   Data          16  system_stm32f4xx.o(.data)
    CPU_TS_TmrFreq_Hz                        0x20000024   Data           4  cpu_core.o(.data)
    OSPrioTbl                                0x20000028   Data           8  os_prio.o(.data)
    OS_AppTaskCreateHookPtr                  0x20000030   Data           4  os_var.o(.data)
    OS_AppTaskDelHookPtr                     0x20000034   Data           4  os_var.o(.data)
    OS_AppTaskReturnHookPtr                  0x20000038   Data           4  os_var.o(.data)
    OS_AppIdleTaskHookPtr                    0x2000003c   Data           4  os_var.o(.data)
    OS_AppStatTaskHookPtr                    0x20000040   Data           4  os_var.o(.data)
    OS_AppTaskSwHookPtr                      0x20000044   Data           4  os_var.o(.data)
    OS_AppTimeTickHookPtr                    0x20000048   Data           4  os_var.o(.data)
    OSIdleTaskCtr                            0x2000004c   Data           4  os_var.o(.data)
    OSIntNestingCtr                          0x20000050   Data           1  os_var.o(.data)
    OSRunning                                0x20000051   Data           1  os_var.o(.data)
    OSFlagDbgListPtr                         0x20000054   Data           4  os_var.o(.data)
    OSFlagQty                                0x20000058   Data           2  os_var.o(.data)
    OSMemDbgListPtr                          0x2000005c   Data           4  os_var.o(.data)
    OSMemQty                                 0x20000060   Data           2  os_var.o(.data)
    OSMutexDbgListPtr                        0x20000064   Data           4  os_var.o(.data)
    OSMutexQty                               0x20000068   Data           2  os_var.o(.data)
    OSPrioCur                                0x2000006a   Data           1  os_var.o(.data)
    OSPrioHighRdy                            0x2000006b   Data           1  os_var.o(.data)
    OSPrioSaved                              0x2000006c   Data           1  os_var.o(.data)
    OSQDbgListPtr                            0x20000070   Data           4  os_var.o(.data)
    OSQQty                                   0x20000074   Data           2  os_var.o(.data)
    OSSchedLockTimeBegin                     0x20000078   Data           4  os_var.o(.data)
    OSSchedLockTimeMax                       0x2000007c   Data           4  os_var.o(.data)
    OSSchedLockTimeMaxCur                    0x20000080   Data           4  os_var.o(.data)
    OSSchedLockNestingCtr                    0x20000084   Data           1  os_var.o(.data)
    OSSemDbgListPtr                          0x20000088   Data           4  os_var.o(.data)
    OSSemQty                                 0x2000008c   Data           2  os_var.o(.data)
    OSStatResetFlag                          0x2000008e   Data           1  os_var.o(.data)
    OSStatTaskCPUUsage                       0x20000090   Data           2  os_var.o(.data)
    OSStatTaskCPUUsageMax                    0x20000092   Data           2  os_var.o(.data)
    OSStatTaskCtr                            0x20000094   Data           4  os_var.o(.data)
    OSStatTaskCtrMax                         0x20000098   Data           4  os_var.o(.data)
    OSStatTaskCtrRun                         0x2000009c   Data           4  os_var.o(.data)
    OSStatTaskRdy                            0x200000a0   Data           1  os_var.o(.data)
    OSStatTaskTimeMax                        0x200000a4   Data           4  os_var.o(.data)
    OSTaskCtxSwCtr                           0x200000a8   Data           4  os_var.o(.data)
    OSTaskDbgListPtr                         0x200000ac   Data           4  os_var.o(.data)
    OSTaskQty                                0x200000b0   Data           2  os_var.o(.data)
    OSTaskRegNextAvailID                     0x200000b2   Data           1  os_var.o(.data)
    OSTickCtr                                0x200000b4   Data           4  os_var.o(.data)
    OSTickTaskTimeMax                        0x200000b8   Data           4  os_var.o(.data)
    OSTickListDly                            0x200000bc   Data           8  os_var.o(.data)
    OSTickListTimeout                        0x200000c4   Data           8  os_var.o(.data)
    OSTmrDbgListPtr                          0x200000cc   Data           4  os_var.o(.data)
    OSTmrListEntries                         0x200000d0   Data           2  os_var.o(.data)
    OSTmrListPtr                             0x200000d4   Data           4  os_var.o(.data)
    OSTmrQty                                 0x200000d8   Data           2  os_var.o(.data)
    OSTmrTaskTimeMax                         0x200000dc   Data           4  os_var.o(.data)
    OSTmrTickCtr                             0x200000e0   Data           4  os_var.o(.data)
    OSTmrUpdateCnt                           0x200000e4   Data           4  os_var.o(.data)
    OSTmrUpdateCtr                           0x200000e8   Data           4  os_var.o(.data)
    OSTCBCurPtr                              0x200000ec   Data           4  os_var.o(.data)
    OSTCBHighRdyPtr                          0x200000f0   Data           4  os_var.o(.data)
    OS_CPU_ExceptStkBase                     0x200000f4   Data           4  os_cpu_c.o(.data)
    __stdout                                 0x200000fc   Data           4  usart.o(.data)
    USART_RX_STA                             0x20000100   Data           2  usart.o(.data)
    max_position                             0x2000012c   Data           4  rcs_motor_3508.o(.data)
    g_encoder_speed                          0x20000150   Data           8  rcs_motor_3508.o(.data)
    g_encoder_speed2                         0x20000178   Data           8  rcs_motor_3508.o(.data)
    StartTaskTCB                             0x200001bc   Data         192  main.o(.bss)
    START_TASK_STK                           0x2000027c   Data        2048  main.o(.bss)
    ChassisTaskTCB                           0x20000a7c   Data         192  main.o(.bss)
    CHASSIS_TASK_STK                         0x20000b3c   Data        1024  main.o(.bss)
    CPU_Name                                 0x20000f3c   Data          16  cpu_core.o(.bss)
    OSCfg_IdleTaskStk                        0x20000f4c   Data         512  os_cfg_app.o(.bss)
    OSCfg_ISRStk                             0x2000114c   Data         512  os_cfg_app.o(.bss)
    OSCfg_MsgPool                            0x2000134c   Data        1600  os_cfg_app.o(.bss)
    OSCfg_StatTaskStk                        0x2000198c   Data         512  os_cfg_app.o(.bss)
    OSCfg_TickTaskStk                        0x20001b8c   Data         512  os_cfg_app.o(.bss)
    OSCfg_TmrTaskStk                         0x20001d8c   Data         512  os_cfg_app.o(.bss)
    OSIdleTaskTCB                            0x20001f8c   Data         192  os_var.o(.bss)
    OSMsgPool                                0x2000204c   Data          12  os_var.o(.bss)
    OSRdyList                                0x20002058   Data         768  os_var.o(.bss)
    OSStatTaskTCB                            0x20002358   Data         192  os_var.o(.bss)
    OSTickTaskTCB                            0x20002418   Data         192  os_var.o(.bss)
    OSTmrMutex                               0x200024d8   Data          48  os_var.o(.bss)
    OSTmrTaskTCB                             0x20002508   Data         192  os_var.o(.bss)
    USART_RX_BUF                             0x200025c8   Data         200  usart.o(.bss)
    rc_value                                 0x20002690   Data          10  rcs_ctrl_basemove.o(.bss)
    speed_pid                                0x200026bc   Data          12  rcs_m_basemove.o(.bss)
    angle_pid                                0x200026c8   Data          12  rcs_m_basemove.o(.bss)
    coord_pid                                0x200026d4   Data          12  rcs_m_basemove.o(.bss)
    g_encoder_float_angle                    0x200026f0   Data          16  rcs_motor_3508.o(.bss)
    g_encoder_int_angle                      0x20002700   Data          16  rcs_motor_3508.o(.bss)
    g_encoder_float_angle2                   0x20002720   Data          16  rcs_motor_3508.o(.bss)
    g_encoder_int_angle2                     0x20002730   Data          16  rcs_motor_3508.o(.bss)
    sbus_rx_buffer                           0x20002770   Data          36  rcs_remote.o(.bss)
    __libspace_start                         0x200027a0   Data          96  libspace.o(.bss)
    __temporary_stack_top$libspace           0x20002800   Data           0  libspace.o(.bss)



==============================================================================

Memory Map of the image

  Image Entry point : 0x08000189

  Load Region LR_IROM1 (Base: 0x08000000, Size: 0x00007c34, Max: 0x00100000, ABSOLUTE, COMPRESSED[0x00007a90])

    Execution Region ER_IROM1 (Exec base: 0x08000000, Load base: 0x08000000, Size: 0x00007a78, Max: 0x00100000, ABSOLUTE)

    Exec Addr    Load Addr    Size         Type   Attr      Idx    E Section Name        Object

    0x08000000   0x08000000   0x00000188   Data   RO            3    RESET               startup_stm32f40_41xxx.o
    0x08000188   0x08000188   0x00000008   Code   RO         9016  * !!!main             c_w.l(__main.o)
    0x08000190   0x08000190   0x00000034   Code   RO         9502    !!!scatter          c_w.l(__scatter.o)
    0x080001c4   0x080001c4   0x0000005a   Code   RO         9500    !!dczerorl2         c_w.l(__dczerorl2.o)
    0x0800021e   0x0800021e   0x00000002   PAD
    0x08000220   0x08000220   0x0000001c   Code   RO         9504    !!handler_zi        c_w.l(__scatter_zi.o)
    0x0800023c   0x0800023c   0x00000002   Code   RO         9366    .ARM.Collect$$libinit$$00000000  c_w.l(libinit.o)
    0x0800023e   0x0800023e   0x00000004   Code   RO         9384    .ARM.Collect$$libinit$$00000001  c_w.l(libinit2.o)
    0x08000242   0x08000242   0x00000000   Code   RO         9387    .ARM.Collect$$libinit$$00000004  c_w.l(libinit2.o)
    0x08000242   0x08000242   0x00000000   Code   RO         9390    .ARM.Collect$$libinit$$0000000A  c_w.l(libinit2.o)
    0x08000242   0x08000242   0x00000000   Code   RO         9392    .ARM.Collect$$libinit$$0000000C  c_w.l(libinit2.o)
    0x08000242   0x08000242   0x00000000   Code   RO         9394    .ARM.Collect$$libinit$$0000000E  c_w.l(libinit2.o)
    0x08000242   0x08000242   0x00000000   Code   RO         9397    .ARM.Collect$$libinit$$00000011  c_w.l(libinit2.o)
    0x08000242   0x08000242   0x00000000   Code   RO         9399    .ARM.Collect$$libinit$$00000013  c_w.l(libinit2.o)
    0x08000242   0x08000242   0x00000000   Code   RO         9401    .ARM.Collect$$libinit$$00000015  c_w.l(libinit2.o)
    0x08000242   0x08000242   0x00000000   Code   RO         9403    .ARM.Collect$$libinit$$00000017  c_w.l(libinit2.o)
    0x08000242   0x08000242   0x00000000   Code   RO         9405    .ARM.Collect$$libinit$$00000019  c_w.l(libinit2.o)
    0x08000242   0x08000242   0x00000000   Code   RO         9407    .ARM.Collect$$libinit$$0000001B  c_w.l(libinit2.o)
    0x08000242   0x08000242   0x00000000   Code   RO         9409    .ARM.Collect$$libinit$$0000001D  c_w.l(libinit2.o)
    0x08000242   0x08000242   0x00000000   Code   RO         9411    .ARM.Collect$$libinit$$0000001F  c_w.l(libinit2.o)
    0x08000242   0x08000242   0x00000000   Code   RO         9413    .ARM.Collect$$libinit$$00000021  c_w.l(libinit2.o)
    0x08000242   0x08000242   0x00000000   Code   RO         9415    .ARM.Collect$$libinit$$00000023  c_w.l(libinit2.o)
    0x08000242   0x08000242   0x00000000   Code   RO         9417    .ARM.Collect$$libinit$$00000025  c_w.l(libinit2.o)
    0x08000242   0x08000242   0x00000000   Code   RO         9421    .ARM.Collect$$libinit$$0000002C  c_w.l(libinit2.o)
    0x08000242   0x08000242   0x00000000   Code   RO         9423    .ARM.Collect$$libinit$$0000002E  c_w.l(libinit2.o)
    0x08000242   0x08000242   0x00000000   Code   RO         9425    .ARM.Collect$$libinit$$00000030  c_w.l(libinit2.o)
    0x08000242   0x08000242   0x00000000   Code   RO         9427    .ARM.Collect$$libinit$$00000032  c_w.l(libinit2.o)
    0x08000242   0x08000242   0x00000002   Code   RO         9428    .ARM.Collect$$libinit$$00000033  c_w.l(libinit2.o)
    0x08000244   0x08000244   0x00000002   Code   RO         9456    .ARM.Collect$$libshutdown$$00000000  c_w.l(libshutdown.o)
    0x08000246   0x08000246   0x00000000   Code   RO         9483    .ARM.Collect$$libshutdown$$00000002  c_w.l(libshutdown2.o)
    0x08000246   0x08000246   0x00000000   Code   RO         9485    .ARM.Collect$$libshutdown$$00000004  c_w.l(libshutdown2.o)
    0x08000246   0x08000246   0x00000000   Code   RO         9488    .ARM.Collect$$libshutdown$$00000007  c_w.l(libshutdown2.o)
    0x08000246   0x08000246   0x00000000   Code   RO         9491    .ARM.Collect$$libshutdown$$0000000A  c_w.l(libshutdown2.o)
    0x08000246   0x08000246   0x00000000   Code   RO         9493    .ARM.Collect$$libshutdown$$0000000C  c_w.l(libshutdown2.o)
    0x08000246   0x08000246   0x00000000   Code   RO         9496    .ARM.Collect$$libshutdown$$0000000F  c_w.l(libshutdown2.o)
    0x08000246   0x08000246   0x00000002   Code   RO         9497    .ARM.Collect$$libshutdown$$00000010  c_w.l(libshutdown2.o)
    0x08000248   0x08000248   0x00000000   Code   RO         9098    .ARM.Collect$$rtentry$$00000000  c_w.l(__rtentry.o)
    0x08000248   0x08000248   0x00000000   Code   RO         9271    .ARM.Collect$$rtentry$$00000002  c_w.l(__rtentry2.o)
    0x08000248   0x08000248   0x00000006   Code   RO         9283    .ARM.Collect$$rtentry$$00000004  c_w.l(__rtentry4.o)
    0x0800024e   0x0800024e   0x00000000   Code   RO         9273    .ARM.Collect$$rtentry$$00000009  c_w.l(__rtentry2.o)
    0x0800024e   0x0800024e   0x00000004   Code   RO         9274    .ARM.Collect$$rtentry$$0000000A  c_w.l(__rtentry2.o)
    0x08000252   0x08000252   0x00000000   Code   RO         9276    .ARM.Collect$$rtentry$$0000000C  c_w.l(__rtentry2.o)
    0x08000252   0x08000252   0x00000008   Code   RO         9277    .ARM.Collect$$rtentry$$0000000D  c_w.l(__rtentry2.o)
    0x0800025a   0x0800025a   0x00000002   Code   RO         9371    .ARM.Collect$$rtexit$$00000000  c_w.l(rtexit.o)
    0x0800025c   0x0800025c   0x00000000   Code   RO         9432    .ARM.Collect$$rtexit$$00000002  c_w.l(rtexit2.o)
    0x0800025c   0x0800025c   0x00000004   Code   RO         9433    .ARM.Collect$$rtexit$$00000003  c_w.l(rtexit2.o)
    0x08000260   0x08000260   0x00000006   Code   RO         9434    .ARM.Collect$$rtexit$$00000004  c_w.l(rtexit2.o)
    0x08000266   0x08000266   0x00000002   PAD
    0x08000268   0x08000268   0x00000010   Code   RO         7564    .emb_text           sys.o
    0x08000278   0x08000278   0x00000040   Code   RO            4    .text               startup_stm32f40_41xxx.o
    0x080002b8   0x080002b8   0x00000034   Code   RO         5742    .text               cpu_a.o
    0x080002ec   0x080002ec   0x00000002   Code   RO         9004    .text               c_w.l(use_no_semi_2.o)
    0x080002ee   0x080002ee   0x00000006   Code   RO         9014    .text               c_w.l(heapauxi.o)
    0x080002f4   0x080002f4   0x00000002   Code   RO         9096    .text               c_w.l(use_no_semi.o)
    0x080002f6   0x080002f6   0x00000016   Code   RO         9103    .text               c_w.l(_rserrno.o)
    0x0800030c   0x0800030c   0x00000008   Code   RO         9290    .text               c_w.l(rt_errno_addr_intlibspace.o)
    0x08000314   0x08000314   0x00000008   Code   RO         9313    .text               c_w.l(libspace.o)
    0x0800031c   0x0800031c   0x0000004a   Code   RO         9316    .text               c_w.l(sys_stackheap_outer.o)
    0x08000366   0x08000366   0x00000012   Code   RO         9355    .text               c_w.l(exit.o)
    0x08000378   0x08000378   0x000000ac   Code   RO         7380    CODE                os_cpu_a.o
    0x08000424   0x08000424   0x0000000e   Code   RO         5546    i.BSP_CPU_ClkFreq   bsp.o
    0x08000432   0x08000432   0x00000002   PAD
    0x08000434   0x08000434   0x0000041c   Code   RO         8593    i.BaseMove          rcs_m_basemove.o
    0x08000850   0x08000850   0x00000004   Code   RO          310    i.BusFault_Handler  stm32f4xx_it.o
    0x08000854   0x08000854   0x000001e8   Code   RO         8640    i.CAN1_RX0_IRQHandler  rcs_motor_3508.o
    0x08000a3c   0x08000a3c   0x000001e8   Code   RO         8641    i.CAN2_RX0_IRQHandler  rcs_motor_3508.o
    0x08000c24   0x08000c24   0x00000038   Code   RO          839    i.CAN_DeInit        stm32f4xx_can.o
    0x08000c5c   0x08000c5c   0x00000016   Code   RO          840    i.CAN_FIFORelease   stm32f4xx_can.o
    0x08000c72   0x08000c72   0x00000002   PAD
    0x08000c74   0x08000c74   0x00000108   Code   RO          841    i.CAN_FilterInit    stm32f4xx_can.o
    0x08000d7c   0x08000d7c   0x00000120   Code   RO          843    i.CAN_GetITStatus   stm32f4xx_can.o
    0x08000e9c   0x08000e9c   0x00000012   Code   RO          847    i.CAN_ITConfig      stm32f4xx_can.o
    0x08000eae   0x08000eae   0x00000114   Code   RO          848    i.CAN_Init          stm32f4xx_can.o
    0x08000fc2   0x08000fc2   0x000000f0   Code   RO          851    i.CAN_Receive       stm32f4xx_can.o
    0x080010b2   0x080010b2   0x00000020   Code   RO          854    i.CAN_StructInit    stm32f4xx_can.o
    0x080010d2   0x080010d2   0x00000126   Code   RO          856    i.CAN_Transmit      stm32f4xx_can.o
    0x080011f8   0x080011f8   0x0000000c   Code   RO         5624    i.CPU_Init          cpu_core.o
    0x08001204   0x08001204   0x00000030   Code   RO         5625    i.CPU_NameClr       cpu_core.o
    0x08001234   0x08001234   0x00000008   Code   RO         5627    i.CPU_NameInit      cpu_core.o
    0x0800123c   0x0800123c   0x00000014   Code   RO         5631    i.CPU_TS_Init       cpu_core.o
    0x08001250   0x08001250   0x0000000c   Code   RO         5633    i.CPU_TS_TmrFreqSet  cpu_core.o
    0x0800125c   0x0800125c   0x00000034   Code   RO         5548    i.CPU_TS_TmrInit    bsp.o
    0x08001290   0x08001290   0x0000000c   Code   RO         5549    i.CPU_TS_TmrRd      bsp.o
    0x0800129c   0x0800129c   0x00000012   Code   RO          859    i.CheckITStatus     stm32f4xx_can.o
    0x080012ae   0x080012ae   0x0000000c   Code   RO         8540    i.Ctrl_BaseMove_Init  rcs_ctrl_basemove.o
    0x080012ba   0x080012ba   0x00000008   Code   RO         8728    i.Current_Data_Takepart  rcs_motor_3508.o
    0x080012c2   0x080012c2   0x00000002   PAD
    0x080012c4   0x080012c4   0x00000034   Code   RO         8792    i.DMA1_Stream5_IRQHandler  rcs_remote.o
    0x080012f8   0x080012f8   0x00000034   Code   RO         1614    i.DMA_ClearFlag     stm32f4xx_dma.o
    0x0800132c   0x0800132c   0x00000034   Code   RO         1615    i.DMA_ClearITPendingBit  stm32f4xx_dma.o
    0x08001360   0x08001360   0x00000016   Code   RO         1616    i.DMA_Cmd           stm32f4xx_dma.o
    0x08001376   0x08001376   0x00000002   PAD
    0x08001378   0x08001378   0x00000158   Code   RO         1617    i.DMA_DeInit        stm32f4xx_dma.o
    0x080014d0   0x080014d0   0x00000064   Code   RO         1626    i.DMA_GetITStatus   stm32f4xx_dma.o
    0x08001534   0x08001534   0x0000003a   Code   RO         1627    i.DMA_ITConfig      stm32f4xx_dma.o
    0x0800156e   0x0800156e   0x00000002   PAD
    0x08001570   0x08001570   0x00000058   Code   RO         1628    i.DMA_Init          stm32f4xx_dma.o
    0x080015c8   0x080015c8   0x00000002   Code   RO          311    i.DebugMon_Handler  stm32f4xx_it.o
    0x080015ca   0x080015ca   0x00000090   Code   RO         2416    i.GPIO_Init         stm32f4xx_gpio.o
    0x0800165a   0x0800165a   0x00000046   Code   RO         2417    i.GPIO_PinAFConfig  stm32f4xx_gpio.o
    0x080016a0   0x080016a0   0x00000004   Code   RO         2423    i.GPIO_ResetBits    stm32f4xx_gpio.o
    0x080016a4   0x080016a4   0x00000004   Code   RO         2424    i.GPIO_SetBits      stm32f4xx_gpio.o
    0x080016a8   0x080016a8   0x00000012   Code   RO         2425    i.GPIO_StructInit   stm32f4xx_gpio.o
    0x080016ba   0x080016ba   0x000000a4   Code   RO         7821    i.GetRCS_GPIO_PinSource  rcs_types.o
    0x0800175e   0x0800175e   0x00000002   PAD
    0x08001760   0x08001760   0x00000010   Code   RO         8646    i.Get_Motor_Speed   rcs_motor_3508.o
    0x08001770   0x08001770   0x0000002c   Code   RO         8795    i.Get_RC_Value      rcs_remote.o
    0x0800179c   0x0800179c   0x00000004   Code   RO          312    i.HardFault_Handler  stm32f4xx_it.o
    0x080017a0   0x080017a0   0x00000010   Code   RO         8594    i.M_BaseMove_Init   rcs_m_basemove.o
    0x080017b0   0x080017b0   0x00000070   Code   RO         8595    i.M_PID_Init        rcs_m_basemove.o
    0x08001820   0x08001820   0x00000008   Code   RO           13    i.MainTask_Init     main.o
    0x08001828   0x08001828   0x00000004   Code   RO          313    i.MemManage_Handler  stm32f4xx_it.o
    0x0800182c   0x0800182c   0x00000012   Code   RO         5934    i.Mem_Clr           lib_mem.o
    0x0800183e   0x0800183e   0x00000054   Code   RO         5961    i.Mem_Set           lib_mem.o
    0x08001892   0x08001892   0x00000002   PAD
    0x08001894   0x08001894   0x000000a8   Code   RO         8648    i.Motor_Init        rcs_motor_3508.o
    0x0800193c   0x0800193c   0x00000050   Code   RO         8650    i.Motor_Send        rcs_motor_3508.o
    0x0800198c   0x0800198c   0x00000002   Code   RO          314    i.NMI_Handler       stm32f4xx_it.o
    0x0800198e   0x0800198e   0x00000002   PAD
    0x08001990   0x08001990   0x00000078   Code   RO          515    i.NVIC_Init         misc.o
    0x08001a08   0x08001a08   0x00000014   Code   RO          516    i.NVIC_PriorityGroupConfig  misc.o
    0x08001a1c   0x08001a1c   0x00000002   Code   RO         6269    i.OSCfg_Init        os_cfg_app.o
    0x08001a1e   0x08001a1e   0x00000002   PAD
    0x08001a20   0x08001a20   0x00000014   Code   RO         7386    i.OSIdleTaskHook    os_cpu_c.o
    0x08001a34   0x08001a34   0x00000164   Code   RO         6312    i.OSInit            os_core.o
    0x08001b98   0x08001b98   0x00000028   Code   RO         7387    i.OSInitHook        os_cpu_c.o
    0x08001bc0   0x08001bc0   0x0000002c   Code   RO         6313    i.OSIntEnter        os_core.o
    0x08001bec   0x08001bec   0x000000dc   Code   RO         6314    i.OSIntExit         os_core.o
    0x08001cc8   0x08001cc8   0x00000070   Code   RO         6709    i.OSMutexCreate     os_mutex.o
    0x08001d38   0x08001d38   0x000001d0   Code   RO         6711    i.OSMutexPend       os_mutex.o
    0x08001f08   0x08001f08   0x0000018c   Code   RO         6713    i.OSMutexPost       os_mutex.o
    0x08002094   0x08002094   0x000000a4   Code   RO         6315    i.OSSched           os_core.o
    0x08002138   0x08002138   0x00000060   Code   RO         6316    i.OSSchedLock       os_core.o
    0x08002198   0x08002198   0x00000080   Code   RO         6317    i.OSSchedUnlock     os_core.o
    0x08002218   0x08002218   0x00000068   Code   RO         6318    i.OSStart           os_core.o
    0x08002280   0x08002280   0x00000128   Code   RO         6980    i.OSStatReset       os_stat.o
    0x080023a8   0x080023a8   0x000000f0   Code   RO         6981    i.OSStatTaskCPUUsageInit  os_stat.o
    0x08002498   0x08002498   0x00000014   Code   RO         7388    i.OSStatTaskHook    os_cpu_c.o
    0x080024ac   0x080024ac   0x00000190   Code   RO         7011    i.OSTaskCreate      os_task.o
    0x0800263c   0x0800263c   0x00000018   Code   RO         7389    i.OSTaskCreateHook  os_cpu_c.o
    0x08002654   0x08002654   0x00000188   Code   RO         7012    i.OSTaskDel         os_task.o
    0x080027dc   0x080027dc   0x00000018   Code   RO         7390    i.OSTaskDelHook     os_cpu_c.o
    0x080027f4   0x080027f4   0x00000054   Code   RO         7020    i.OSTaskResume      os_task.o
    0x08002848   0x08002848   0x00000018   Code   RO         7391    i.OSTaskReturnHook  os_cpu_c.o
    0x08002860   0x08002860   0x000001c8   Code   RO         7021    i.OSTaskSemPend     os_task.o
    0x08002a28   0x08002a28   0x0000003e   Code   RO         7023    i.OSTaskSemPost     os_task.o
    0x08002a66   0x08002a66   0x00000002   PAD
    0x08002a68   0x08002a68   0x000000c0   Code   RO         7025    i.OSTaskStkChk      os_task.o
    0x08002b28   0x08002b28   0x0000025c   Code   RO         7392    i.OSTaskStkInit     os_cpu_c.o
    0x08002d84   0x08002d84   0x00000024   Code   RO         7026    i.OSTaskSuspend     os_task.o
    0x08002da8   0x08002da8   0x00000088   Code   RO         7393    i.OSTaskSwHook      os_cpu_c.o
    0x08002e30   0x08002e30   0x000000a4   Code   RO         7230    i.OSTimeDly         os_time.o
    0x08002ed4   0x08002ed4   0x00000044   Code   RO         7235    i.OSTimeTick        os_time.o
    0x08002f18   0x08002f18   0x00000014   Code   RO         7394    i.OSTimeTickHook    os_cpu_c.o
    0x08002f2c   0x08002f2c   0x00000030   Code   RO         7396    i.OS_CPU_SysTickInit  os_cpu_c.o
    0x08002f5c   0x08002f5c   0x000001a8   Code   RO         6532    i.OS_Dbg_Init       os_dbg.o
    0x08003104   0x08003104   0x00000018   Code   RO         6557    i.OS_FlagInit       os_flag.o
    0x0800311c   0x0800311c   0x00000044   Code   RO         6320    i.OS_IdleTask       os_core.o
    0x08003160   0x08003160   0x00000070   Code   RO         6321    i.OS_IdleTaskInit   os_core.o
    0x080031d0   0x080031d0   0x00000018   Code   RO         6641    i.OS_MemInit        os_mem.o
    0x080031e8   0x080031e8   0x0000007c   Code   RO         6673    i.OS_MsgPoolInit    os_msg.o
    0x08003264   0x08003264   0x00000044   Code   RO         6674    i.OS_MsgQFreeAll    os_msg.o
    0x080032a8   0x080032a8   0x0000000e   Code   RO         6676    i.OS_MsgQInit       os_msg.o
    0x080032b6   0x080032b6   0x00000002   PAD
    0x080032b8   0x080032b8   0x00000030   Code   RO         6715    i.OS_MutexDbgListAdd  os_mutex.o
    0x080032e8   0x080032e8   0x00000008   Code   RO         6717    i.OS_MutexGrpAdd    os_mutex.o
    0x080032f0   0x080032f0   0x00000060   Code   RO         6718    i.OS_MutexGrpPostAll  os_mutex.o
    0x08003350   0x08003350   0x0000002c   Code   RO         6719    i.OS_MutexGrpPrioFindHighest  os_mutex.o
    0x0800337c   0x0800337c   0x0000001c   Code   RO         6720    i.OS_MutexGrpRemove  os_mutex.o
    0x08003398   0x08003398   0x00000018   Code   RO         6721    i.OS_MutexInit      os_mutex.o
    0x080033b0   0x080033b0   0x00000068   Code   RO         6322    i.OS_Pend           os_core.o
    0x08003418   0x08003418   0x00000028   Code   RO         6325    i.OS_PendDataInit   os_core.o
    0x08003440   0x08003440   0x0000005c   Code   RO         6326    i.OS_PendDbgNameAdd  os_core.o
    0x0800349c   0x0800349c   0x00000024   Code   RO         6327    i.OS_PendDbgNameRemove  os_core.o
    0x080034c0   0x080034c0   0x0000003a   Code   RO         6328    i.OS_PendListChangePrio  os_core.o
    0x080034fa   0x080034fa   0x0000000a   Code   RO         6329    i.OS_PendListInit   os_core.o
    0x08003504   0x08003504   0x00000066   Code   RO         6331    i.OS_PendListInsertPrio  os_core.o
    0x0800356a   0x0800356a   0x00000034   Code   RO         6332    i.OS_PendListRemove  os_core.o
    0x0800359e   0x0800359e   0x00000042   Code   RO         6333    i.OS_PendListRemove1  os_core.o
    0x080035e0   0x080035e0   0x000000d6   Code   RO         6336    i.OS_Post           os_core.o
    0x080036b6   0x080036b6   0x0000002c   Code   RO         6337    i.OS_Post1          os_core.o
    0x080036e2   0x080036e2   0x00000002   PAD
    0x080036e4   0x080036e4   0x00000028   Code   RO         6799    i.OS_PrioGetHighest  os_prio.o
    0x0800370c   0x0800370c   0x00000018   Code   RO         6800    i.OS_PrioInit       os_prio.o
    0x08003724   0x08003724   0x00000024   Code   RO         6801    i.OS_PrioInsert     os_prio.o
    0x08003748   0x08003748   0x00000024   Code   RO         6802    i.OS_PrioRemove     os_prio.o
    0x0800376c   0x0800376c   0x00000018   Code   RO         6845    i.OS_QInit          os_q.o
    0x08003784   0x08003784   0x00000024   Code   RO         6338    i.OS_RdyListInit    os_core.o
    0x080037a8   0x080037a8   0x0000002c   Code   RO         6339    i.OS_RdyListInsert  os_core.o
    0x080037d4   0x080037d4   0x00000040   Code   RO         6340    i.OS_RdyListInsertHead  os_core.o
    0x08003814   0x08003814   0x0000003c   Code   RO         6341    i.OS_RdyListInsertTail  os_core.o
    0x08003850   0x08003850   0x0000005c   Code   RO         6343    i.OS_RdyListRemove  os_core.o
    0x080038ac   0x080038ac   0x0000001c   Code   RO         6344    i.OS_SchedLockTimeMeasStart  os_core.o
    0x080038c8   0x080038c8   0x0000003c   Code   RO         6345    i.OS_SchedLockTimeMeasStop  os_core.o
    0x08003904   0x08003904   0x00000018   Code   RO         6917    i.OS_SemInit        os_sem.o
    0x0800391c   0x0800391c   0x000002e8   Code   RO         6982    i.OS_StatTask       os_stat.o
    0x08003c04   0x08003c04   0x000000cc   Code   RO         6983    i.OS_StatTaskInit   os_stat.o
    0x08003cd0   0x08003cd0   0x0000002c   Code   RO         6346    i.OS_TaskBlock      os_core.o
    0x08003cfc   0x08003cfc   0x000000ec   Code   RO         7027    i.OS_TaskChangePrio  os_task.o
    0x08003de8   0x08003de8   0x00000030   Code   RO         7028    i.OS_TaskDbgListAdd  os_task.o
    0x08003e18   0x08003e18   0x00000044   Code   RO         7029    i.OS_TaskDbgListRemove  os_task.o
    0x08003e5c   0x08003e5c   0x00000020   Code   RO         7030    i.OS_TaskInit       os_task.o
    0x08003e7c   0x08003e7c   0x000000bc   Code   RO         7031    i.OS_TaskInitTCB    os_task.o
    0x08003f38   0x08003f38   0x00000100   Code   RO         7033    i.OS_TaskResume     os_task.o
    0x08004038   0x08004038   0x00000018   Code   RO         7034    i.OS_TaskReturn     os_task.o
    0x08004050   0x08004050   0x000001c4   Code   RO         7035    i.OS_TaskSemPost    os_task.o
    0x08004214   0x08004214   0x00000118   Code   RO         7036    i.OS_TaskSuspend    os_task.o
    0x0800432c   0x0800432c   0x00000086   Code   RO         7178    i.OS_TickListInsert  os_tick.o
    0x080043b2   0x080043b2   0x00000002   PAD
    0x080043b4   0x080043b4   0x000000bc   Code   RO         7179    i.OS_TickListInsertDly  os_tick.o
    0x08004470   0x08004470   0x00000058   Code   RO         7180    i.OS_TickListRemove  os_tick.o
    0x080044c8   0x080044c8   0x00000002   Code   RO         7181    i.OS_TickListResetPeak  os_tick.o
    0x080044ca   0x080044ca   0x00000002   PAD
    0x080044cc   0x080044cc   0x00000098   Code   RO         7182    i.OS_TickListUpdateDly  os_tick.o
    0x08004564   0x08004564   0x00000114   Code   RO         7183    i.OS_TickListUpdateTimeout  os_tick.o
    0x08004678   0x08004678   0x00000064   Code   RO         7184    i.OS_TickTask       os_tick.o
    0x080046dc   0x080046dc   0x000000c8   Code   RO         7185    i.OS_TickTaskInit   os_tick.o
    0x080047a4   0x080047a4   0x00000134   Code   RO         7281    i.OS_TmrInit        os_tmr.o
    0x080048d8   0x080048d8   0x00000018   Code   RO         7282    i.OS_TmrLock        os_tmr.o
    0x080048f0   0x080048f0   0x00000002   Code   RO         7283    i.OS_TmrResetPeak   os_tmr.o
    0x080048f2   0x080048f2   0x00000002   PAD
    0x080048f4   0x080048f4   0x00000094   Code   RO         7284    i.OS_TmrTask        os_tmr.o
    0x08004988   0x08004988   0x00000044   Code   RO         7285    i.OS_TmrUnlink      os_tmr.o
    0x080049cc   0x080049cc   0x00000014   Code   RO         7286    i.OS_TmrUnlock      os_tmr.o
    0x080049e0   0x080049e0   0x000000c4   Code   RO         8745    i.PID_Degree_Ctrl   rcs_pidctrl.o
    0x08004aa4   0x08004aa4   0x000000c4   Code   RO         8746    i.PID_FeedbackX     rcs_pidctrl.o
    0x08004b68   0x08004b68   0x000000c4   Code   RO         8747    i.PID_FeedbackY     rcs_pidctrl.o
    0x08004c2c   0x08004c2c   0x000000f0   Code   RO         8748    i.PID_Mwheel_Speed_Ctrl  rcs_pidctrl.o
    0x08004d1c   0x08004d1c   0x00000020   Code   RO         3342    i.RCC_AHB1PeriphClockCmd  stm32f4xx_rcc.o
    0x08004d3c   0x08004d3c   0x00000020   Code   RO         3351    i.RCC_APB1PeriphClockCmd  stm32f4xx_rcc.o
    0x08004d5c   0x08004d5c   0x00000020   Code   RO         3353    i.RCC_APB1PeriphResetCmd  stm32f4xx_rcc.o
    0x08004d7c   0x08004d7c   0x00000020   Code   RO         3354    i.RCC_APB2PeriphClockCmd  stm32f4xx_rcc.o
    0x08004d9c   0x08004d9c   0x00000020   Code   RO         3356    i.RCC_APB2PeriphResetCmd  stm32f4xx_rcc.o
    0x08004dbc   0x08004dbc   0x000000e8   Code   RO         3363    i.RCC_GetClocksFreq  stm32f4xx_rcc.o
    0x08004ea4   0x08004ea4   0x00000124   Code   RO         8235    i.RCS_CAN1_Config   rcs_can.o
    0x08004fc8   0x08004fc8   0x00000040   Code   RO         8238    i.RCS_CANx_Send     rcs_can.o
    0x08005008   0x08005008   0x00000010   Code   RO         7987    i.RCS_GPIO_Reset    rcs_gpio.o
    0x08005018   0x08005018   0x00000010   Code   RO         7988    i.RCS_GPIO_Set      rcs_gpio.o
    0x08005028   0x08005028   0x0000000c   Code   RO         8475    i.RCS_Get_X         rcs_grobal_gps.o
    0x08005034   0x08005034   0x0000000c   Code   RO         8476    i.RCS_Get_Y         rcs_grobal_gps.o
    0x08005040   0x08005040   0x0000000c   Code   RO         8477    i.RCS_Get_Z         rcs_grobal_gps.o
    0x0800504c   0x0800504c   0x00000118   Code   RO         8796    i.RC_Init           rcs_remote.o
    0x08005164   0x08005164   0x000000a8   Code   RO         8797    i.RemoteDataProcess  rcs_remote.o
    0x0800520c   0x0800520c   0x0000014c   Code   RO         8542    i.Remote_Ctrl       rcs_ctrl_basemove.o
    0x08005358   0x08005358   0x00000002   Code   RO          315    i.SVC_Handler       stm32f4xx_it.o
    0x0800535a   0x0800535a   0x00000002   PAD
    0x0800535c   0x0800535c   0x000000ec   Code   RO          474    i.SetSysClock       system_stm32f4xx.o
    0x08005448   0x08005448   0x00000028   Code   RO          519    i.SysTick_CLKSourceConfig  misc.o
    0x08005470   0x08005470   0x0000001c   Code   RO         7589    i.SysTick_Handler   delay.o
    0x0800548c   0x0800548c   0x00000068   Code   RO          476    i.SystemInit        system_stm32f4xx.o
    0x080054f4   0x080054f4   0x00000040   Code   RO         8346    i.TIM2_IRQHandler   rcs_timer.o
    0x08005534   0x08005534   0x00000010   Code   RO         8347    i.TIM3_IRQHandler   rcs_timer.o
    0x08005544   0x08005544   0x00000010   Code   RO         8348    i.TIM4_IRQHandler   rcs_timer.o
    0x08005554   0x08005554   0x00000006   Code   RO         4733    i.TIM_ClearITPendingBit  stm32f4xx_tim.o
    0x0800555a   0x0800555a   0x00000002   PAD
    0x0800555c   0x0800555c   0x00000090   Code   RO         7657    i.USART1_IRQHandler  usart.o
    0x080055ec   0x080055ec   0x00000018   Code   RO         5292    i.USART_Cmd         stm32f4xx_usart.o
    0x08005604   0x08005604   0x00000012   Code   RO         5293    i.USART_DMACmd      stm32f4xx_usart.o
    0x08005616   0x08005616   0x00000002   PAD
    0x08005618   0x08005618   0x000000f0   Code   RO         5294    i.USART_DeInit      stm32f4xx_usart.o
    0x08005708   0x08005708   0x00000054   Code   RO         5296    i.USART_GetITStatus  stm32f4xx_usart.o
    0x0800575c   0x0800575c   0x000000d4   Code   RO         5299    i.USART_Init        stm32f4xx_usart.o
    0x08005830   0x08005830   0x0000000a   Code   RO         5306    i.USART_ReceiveData  stm32f4xx_usart.o
    0x0800583a   0x0800583a   0x00000004   Code   RO          316    i.UsageFault_Handler  stm32f4xx_it.o
    0x0800583e   0x0800583e   0x00000002   PAD
    0x08005840   0x08005840   0x00000174   Code   RO         8596    i.Wheel_Init        rcs_m_basemove.o
    0x080059b4   0x080059b4   0x00000030   Code   RO         9254    i.__ARM_fpclassify  m_wm.l(fpclassify.o)
    0x080059e4   0x080059e4   0x00000004   PAD
    0x080059e8   0x080059e8   0x000002d8   Code   RO         9217    i.__hardfp_atan     m_wm.l(atan.o)
    0x08005cc0   0x08005cc0   0x000001f0   Code   RO         9046    i.__hardfp_atan2    m_wm.l(atan2.o)
    0x08005eb0   0x08005eb0   0x000000c8   Code   RO         9058    i.__hardfp_cos      m_wm.l(cos.o)
    0x08005f78   0x08005f78   0x0000007a   Code   RO         9084    i.__hardfp_sqrt     m_wm.l(sqrt.o)
    0x08005ff2   0x08005ff2   0x00000006   PAD
    0x08005ff8   0x08005ff8   0x00000438   Code   RO         9259    i.__ieee754_rem_pio2  m_wm.l(rred.o)
    0x08006430   0x08006430   0x00000170   Code   RO         9231    i.__kernel_cos      m_wm.l(cos_i.o)
    0x080065a0   0x080065a0   0x000000f8   Code   RO         9256    i.__kernel_poly     m_wm.l(poly.o)
    0x08006698   0x08006698   0x00000130   Code   RO         9264    i.__kernel_sin      m_wm.l(sin_i.o)
    0x080067c8   0x080067c8   0x00000014   Code   RO         9235    i.__mathlib_dbl_infnan  m_wm.l(dunder.o)
    0x080067dc   0x080067dc   0x00000014   Code   RO         9236    i.__mathlib_dbl_infnan2  m_wm.l(dunder.o)
    0x080067f0   0x080067f0   0x00000020   Code   RO         9237    i.__mathlib_dbl_invalid  m_wm.l(dunder.o)
    0x08006810   0x08006810   0x00000020   Code   RO         9240    i.__mathlib_dbl_underflow  m_wm.l(dunder.o)
    0x08006830   0x08006830   0x00000004   Code   RO         7658    i._sys_exit         usart.o
    0x08006834   0x08006834   0x00000010   Code   RO         9219    i.atan              m_wm.l(atan.o)
    0x08006844   0x08006844   0x00000010   Code   RO           14    i.chassis_task      main.o
    0x08006854   0x08006854   0x00000070   Code   RO         7590    i.delay_init        delay.o
    0x080068c4   0x080068c4   0x00000050   Code   RO         7591    i.delay_ms          delay.o
    0x08006914   0x08006914   0x0000000a   Code   RO         7592    i.delay_osschedlock  delay.o
    0x0800691e   0x0800691e   0x0000000a   Code   RO         7593    i.delay_osschedunlock  delay.o
    0x08006928   0x08006928   0x00000010   Code   RO         7594    i.delay_ostimedly   delay.o
    0x08006938   0x08006938   0x00000058   Code   RO         7595    i.delay_us          delay.o
    0x08006990   0x08006990   0x00000018   Code   RO         9250    i.fabs              m_wm.l(fabs.o)
    0x080069a8   0x080069a8   0x000000a8   Code   RO           15    i.main              main.o
    0x08006a50   0x08006a50   0x0000009c   Code   RO           16    i.start_task        main.o
    0x08006aec   0x08006aec   0x00000018   Code   RO         9196    x$fpl$basic         fz_wm.l(basic.o)
    0x08006b04   0x08006b04   0x00000062   Code   RO         9018    x$fpl$d2f           fz_wm.l(d2f.o)
    0x08006b66   0x08006b66   0x00000002   PAD
    0x08006b68   0x08006b68   0x00000150   Code   RO         9020    x$fpl$dadd          fz_wm.l(daddsub_clz.o)
    0x08006cb8   0x08006cb8   0x000002b0   Code   RO         9027    x$fpl$ddiv          fz_wm.l(ddiv.o)
    0x08006f68   0x08006f68   0x0000005e   Code   RO         9309    x$fpl$dfix          fz_wm.l(dfix.o)
    0x08006fc6   0x08006fc6   0x0000002e   Code   RO         9035    x$fpl$dflt          fz_wm.l(dflt_clz.o)
    0x08006ff4   0x08006ff4   0x00000026   Code   RO         9034    x$fpl$dfltu         fz_wm.l(dflt_clz.o)
    0x0800701a   0x0800701a   0x00000002   PAD
    0x0800701c   0x0800701c   0x00000154   Code   RO         9042    x$fpl$dmul          fz_wm.l(dmul.o)
    0x08007170   0x08007170   0x0000009c   Code   RO         9200    x$fpl$dnaninf       fz_wm.l(dnaninf.o)
    0x0800720c   0x0800720c   0x0000000c   Code   RO         9202    x$fpl$dretinf       fz_wm.l(dretinf.o)
    0x08007218   0x08007218   0x00000016   Code   RO         9021    x$fpl$drsb          fz_wm.l(daddsub_clz.o)
    0x0800722e   0x0800722e   0x00000002   PAD
    0x08007230   0x08007230   0x00000198   Code   RO         9206    x$fpl$dsqrt         fz_wm.l(dsqrt_umaal.o)
    0x080073c8   0x080073c8   0x000001d4   Code   RO         9022    x$fpl$dsub          fz_wm.l(daddsub_clz.o)
    0x0800759c   0x0800759c   0x00000056   Code   RO         9044    x$fpl$f2d           fz_wm.l(f2d.o)
    0x080075f2   0x080075f2   0x0000008c   Code   RO         9208    x$fpl$fnaninf       fz_wm.l(fnaninf.o)
    0x0800767e   0x0800767e   0x0000000a   Code   RO         9444    x$fpl$fpinit        fz_wm.l(fpinit.o)
    0x08007688   0x08007688   0x0000000a   Code   RO         9210    x$fpl$fretinf       fz_wm.l(fretinf.o)
    0x08007692   0x08007692   0x00000000   Code   RO         9216    x$fpl$usenofp       fz_wm.l(usenofp.o)
    0x08007692   0x08007692   0x00000002   PAD
    0x08007694   0x08007694   0x00000094   Data   RO         6271    .constdata          os_cfg_app.o
    0x08007728   0x08007728   0x0000016c   Data   RO         6533    .constdata          os_dbg.o
    0x08007894   0x08007894   0x00000004   PAD
    0x08007898   0x08007898   0x00000098   Data   RO         9220    .constdata          m_wm.l(atan.o)
    0x08007930   0x08007930   0x00000030   Data   RO         9232    .constdata          m_wm.l(cos_i.o)
    0x08007960   0x08007960   0x00000008   Data   RO         9258    .constdata          m_wm.l(qnan.o)
    0x08007968   0x08007968   0x000000c8   Data   RO         9261    .constdata          m_wm.l(rred.o)
    0x08007a30   0x08007a30   0x00000028   Data   RO         9265    .constdata          m_wm.l(sin_i.o)
    0x08007a58   0x08007a58   0x00000020   Data   RO         9498    Region$$Table       anon$$obj.o


    Execution Region RW_IRAM1 (Exec base: 0x20000000, Load base: 0x08007a78, Size: 0x00002e00, Max: 0x00020000, ABSOLUTE, COMPRESSED[0x00000018])

    Exec Addr    Load Addr    Size         Type   Attr      Idx    E Section Name        Object

    0x20000000   COMPRESSED   0x00000014   Data   RW          477    .data               system_stm32f4xx.o
    0x20000014   COMPRESSED   0x00000010   Data   RW         3395    .data               stm32f4xx_rcc.o
    0x20000024   COMPRESSED   0x00000004   Data   RW         5637    .data               cpu_core.o
    0x20000028   COMPRESSED   0x00000008   Data   RW         6803    .data               os_prio.o
    0x20000030   COMPRESSED   0x000000c4   Data   RW         7367    .data               os_var.o
    0x200000f4   COMPRESSED   0x00000004   Data   RW         7397    .data               os_cpu_c.o
    0x200000f8   COMPRESSED   0x00000004   Data   RW         7596    .data               delay.o
    0x200000fc   COMPRESSED   0x00000006   Data   RW         7662    .data               usart.o
    0x20000102   COMPRESSED   0x00000002   PAD
    0x20000104   COMPRESSED   0x00000004   Data   RW         8349    .data               rcs_timer.o
    0x20000108   COMPRESSED   0x00000020   Data   RW         8479    .data               rcs_grobal_gps.o
    0x20000128   COMPRESSED   0x00000004   Data   RW         8598    .data               rcs_m_basemove.o
    0x2000012c   COMPRESSED   0x00000054   Data   RW         8653    .data               rcs_motor_3508.o
    0x20000180   COMPRESSED   0x00000030   Data   RW         8750    .data               rcs_pidctrl.o
    0x200001b0   COMPRESSED   0x0000000a   Data   RW         8799    .data               rcs_remote.o
    0x200001ba   COMPRESSED   0x00000002   PAD
    0x200001bc        -       0x00000d80   Zero   RW           17    .bss                main.o
    0x20000f3c        -       0x00000010   Zero   RW         5635    .bss                cpu_core.o
    0x20000f4c        -       0x00001040   Zero   RW         6270    .bss                os_cfg_app.o
    0x20001f8c        -       0x0000063c   Zero   RW         7366    .bss                os_var.o
    0x200025c8        -       0x000000c8   Zero   RW         7661    .bss                usart.o
    0x20002690        -       0x0000000a   Zero   RW         8544    .bss                rcs_ctrl_basemove.o
    0x2000269a   COMPRESSED   0x00000002   PAD
    0x2000269c        -       0x00000044   Zero   RW         8597    .bss                rcs_m_basemove.o
    0x200026e0        -       0x00000060   Zero   RW         8652    .bss                rcs_motor_3508.o
    0x20002740        -       0x00000030   Zero   RW         8749    .bss                rcs_pidctrl.o
    0x20002770        -       0x0000002e   Zero   RW         8798    .bss                rcs_remote.o
    0x2000279e   COMPRESSED   0x00000002   PAD
    0x200027a0        -       0x00000060   Zero   RW         9314    .bss                c_w.l(libspace.o)
    0x20002800        -       0x00000200   Zero   RW            2    HEAP                startup_stm32f40_41xxx.o
    0x20002a00        -       0x00000400   Zero   RW            1    STACK               startup_stm32f40_41xxx.o


==============================================================================

Image component sizes


      Code (inc. data)   RO Data    RW Data    ZI Data      Debug   Object Name

        78         14          0          0          0      21803   bsp.o
        52          0          0          0          0        312   cpu_a.o
       100         18          0          4         16       4421   cpu_core.o
       344         40          0          4          0       3977   delay.o
       102          0          0          0          0      12812   lib_mem.o
       348         66          0          0       3456      35392   main.o
       180         24          0          0          0     248605   misc.o
         2          0        148          0       4160      29044   os_cfg_app.o
      2538        352          0          0          0      36432   os_core.o
       172         32          0          0          0        380   os_cpu_a.o
       960         60          0          4          0      25795   os_cpu_c.o
       424        278        364          0          0       4725   os_dbg.o
        24         10          0          0          0        858   os_flag.o
        24         10          0          0          0        865   os_mem.o
       206         20          0          0          0       2340   os_msg.o
      1220         56          0          0          0       7179   os_mutex.o
       136         16          0          8          0       2858   os_prio.o
        24         10          0          0          0        855   os_q.o
        24         10          0          0          0        857   os_sem.o
      1484        190          0          0          0       3947   os_stat.o
      3206        164          0          0          0      13829   os_task.o
      1140         88          0          0          0       6366   os_tick.o
       232         26          0          0          0       1653   os_time.o
       570        142          0          0          0       4031   os_tmr.o
         0          0          0        196       1596      17848   os_var.o
       356          8          0          0          0       2078   rcs_can.o
       344         22          0          0         10       1498   rcs_ctrl_basemove.o
        32          0          0          0          0       1416   rcs_gpio.o
        36         12          0         32          0       3309   rcs_grobal_gps.o
      1552        146          0          4         68       3609   rcs_m_basemove.o
      1248        158          0         84         96       6070   rcs_motor_3508.o
       828         92          0         48         48       3766   rcs_pidctrl.o
       544         58          0         10         46       3908   rcs_remote.o
         0          0          0          0          0       1476   rcs_spi.o
        96         16          0          4          0       1490   rcs_timer.o
       164          0          0          0          0        636   rcs_types.o
        64         26        392          0       1536        852   startup_stm32f40_41xxx.o
      1508         16          0          0          0       7310   stm32f4xx_can.o
       716         72          0          0          0       5691   stm32f4xx_dma.o
       240          0          0          0          0       3341   stm32f4xx_gpio.o
        22          0          0          0          0      63859   stm32f4xx_it.o
       392         48          0         16          0       5737   stm32f4xx_rcc.o
         6          0          0          0          0       1104   stm32f4xx_tim.o
       588         42          0          0          0       4599   stm32f4xx_usart.o
        16          0          0          0          0        464   sys.o
       340         32          0         20          0       1773   system_stm32f4xx.o
       148         14          0          6        200       2892   usart.o

    ----------------------------------------------------------------------
     22868       2388        940        444      11236     614062   Object Totals
         0          0         32          0          0          0   (incl. Generated)
        38          0          4          4          4          0   (incl. Padding)

    ----------------------------------------------------------------------

      Code (inc. data)   RO Data    RW Data    ZI Data      Debug   Library Member Name

        90          0          0          0          0          0   __dczerorl2.o
         8          0          0          0          0         68   __main.o
         0          0          0          0          0          0   __rtentry.o
        12          0          0          0          0          0   __rtentry2.o
         6          0          0          0          0          0   __rtentry4.o
        52          8          0          0          0          0   __scatter.o
        28          0          0          0          0          0   __scatter_zi.o
        22          0          0          0          0        100   _rserrno.o
        18          0          0          0          0         80   exit.o
         6          0          0          0          0        152   heapauxi.o
         2          0          0          0          0          0   libinit.o
         6          0          0          0          0          0   libinit2.o
         2          0          0          0          0          0   libshutdown.o
         2          0          0          0          0          0   libshutdown2.o
         8          4          0          0         96         68   libspace.o
         8          4          0          0          0         68   rt_errno_addr_intlibspace.o
         2          0          0          0          0          0   rtexit.o
        10          0          0          0          0          0   rtexit2.o
        74          0          0          0          0         80   sys_stackheap_outer.o
         2          0          0          0          0         68   use_no_semi.o
         2          0          0          0          0         68   use_no_semi_2.o
        24          0          0          0          0        164   basic.o
        98          4          0          0          0        140   d2f.o
       826         16          0          0          0        492   daddsub_clz.o
       688        140          0          0          0        256   ddiv.o
        94          4          0          0          0        140   dfix.o
        84          0          0          0          0        232   dflt_clz.o
       340         12          0          0          0        152   dmul.o
       156          4          0          0          0        140   dnaninf.o
        12          0          0          0          0        116   dretinf.o
       408         56          0          0          0        168   dsqrt_umaal.o
        86          4          0          0          0        132   f2d.o
       140          4          0          0          0        132   fnaninf.o
        10          0          0          0          0        116   fpinit.o
        10          0          0          0          0        116   fretinf.o
         0          0          0          0          0          0   usenofp.o
       744        106        152          0          0        352   atan.o
       496         64          0          0          0        192   atan2.o
       200         20          0          0          0        164   cos.o
       368         46         48          0          0        200   cos_i.o
       104         16          0          0          0        496   dunder.o
        24          0          0          0          0        124   fabs.o
        48          0          0          0          0        124   fpclassify.o
       248          0          0          0          0        152   poly.o
         0          0          8          0          0          0   qnan.o
      1080        142        200          0          0        188   rred.o
       304         24         40          0          0        208   sin_i.o
       122          0          0          0          0        148   sqrt.o

    ----------------------------------------------------------------------
      7096        678        448          0         96       5596   Library Totals
        22          0          0          0          0          0   (incl. Padding)

    ----------------------------------------------------------------------

      Code (inc. data)   RO Data    RW Data    ZI Data      Debug   Library Name

       360         16          0          0         96        752   c_w.l
      2976        244          0          0          0       2496   fz_wm.l
      3738        418        448          0          0       2348   m_wm.l

    ----------------------------------------------------------------------
      7096        678        448          0         96       5596   Library Totals

    ----------------------------------------------------------------------

==============================================================================


      Code (inc. data)   RO Data    RW Data    ZI Data      Debug   

     29964       3066       1388        444      11332     597398   Grand Totals
     29964       3066       1388         24      11332     597398   ELF Image Totals (compressed)
     29964       3066       1388         24          0          0   ROM Totals

==============================================================================

    Total RO  Size (Code + RO Data)                31352 (  30.62kB)
    Total RW  Size (RW Data + ZI Data)             11776 (  11.50kB)
    Total ROM Size (Code + RO Data + RW Data)      31376 (  30.64kB)

==============================================================================

