Component: ARM Compiler 5.06 update 1 (build 61) Tool: armlink [4d35a8]

==============================================================================

Section Cross References

    startup_stm32f40_41xxx.o(STACK) refers (Special) to heapauxi.o(.text) for __use_two_region_memory
    startup_stm32f40_41xxx.o(HEAP) refers (Special) to heapauxi.o(.text) for __use_two_region_memory
    startup_stm32f40_41xxx.o(RESET) refers (Special) to heapauxi.o(.text) for __use_two_region_memory
    startup_stm32f40_41xxx.o(RESET) refers to startup_stm32f40_41xxx.o(STACK) for __initial_sp
    startup_stm32f40_41xxx.o(RESET) refers to startup_stm32f40_41xxx.o(.text) for Reset_Handler
    startup_stm32f40_41xxx.o(RESET) refers to stm32f4xx_it.o(i.NMI_Handler) for NMI_Handler
    startup_stm32f40_41xxx.o(RESET) refers to stm32f4xx_it.o(i.HardFault_Handler) for HardFault_Handler
    startup_stm32f40_41xxx.o(RESET) refers to stm32f4xx_it.o(i.MemManage_Handler) for MemManage_Handler
    startup_stm32f40_41xxx.o(RESET) refers to stm32f4xx_it.o(i.BusFault_Handler) for BusFault_Handler
    startup_stm32f40_41xxx.o(RESET) refers to stm32f4xx_it.o(i.UsageFault_Handler) for UsageFault_Handler
    startup_stm32f40_41xxx.o(RESET) refers to stm32f4xx_it.o(i.SVC_Handler) for SVC_Handler
    startup_stm32f40_41xxx.o(RESET) refers to stm32f4xx_it.o(i.DebugMon_Handler) for DebugMon_Handler
    startup_stm32f40_41xxx.o(RESET) refers to os_cpu_a.o(CODE) for PendSV_Handler
    startup_stm32f40_41xxx.o(RESET) refers to delay.o(i.SysTick_Handler) for SysTick_Handler
    startup_stm32f40_41xxx.o(RESET) refers to rcs_remote.o(i.DMA1_Stream5_IRQHandler) for DMA1_Stream5_IRQHandler
    startup_stm32f40_41xxx.o(RESET) refers to rcs_motor_3508.o(i.CAN1_RX0_IRQHandler) for CAN1_RX0_IRQHandler
    startup_stm32f40_41xxx.o(RESET) refers to rcs_timer.o(i.TIM2_IRQHandler) for TIM2_IRQHandler
    startup_stm32f40_41xxx.o(RESET) refers to rcs_timer.o(i.TIM3_IRQHandler) for TIM3_IRQHandler
    startup_stm32f40_41xxx.o(RESET) refers to rcs_timer.o(i.TIM4_IRQHandler) for TIM4_IRQHandler
    startup_stm32f40_41xxx.o(RESET) refers to usart.o(i.USART1_IRQHandler) for USART1_IRQHandler
    startup_stm32f40_41xxx.o(RESET) refers to rcs_motor_3508.o(i.CAN2_RX0_IRQHandler) for CAN2_RX0_IRQHandler
    startup_stm32f40_41xxx.o(.text) refers (Special) to heapauxi.o(.text) for __use_two_region_memory
    startup_stm32f40_41xxx.o(.text) refers to system_stm32f4xx.o(i.SystemInit) for SystemInit
    startup_stm32f40_41xxx.o(.text) refers to __main.o(!!!main) for __main
    startup_stm32f40_41xxx.o(.text) refers to startup_stm32f40_41xxx.o(HEAP) for Heap_Mem
    startup_stm32f40_41xxx.o(.text) refers to startup_stm32f40_41xxx.o(STACK) for Stack_Mem
    main.o(i.chassis_task) refers to delay.o(i.delay_ms) for delay_ms
    main.o(i.led_task) refers to delay.o(i.delay_ms) for delay_ms
    main.o(i.main) refers to delay.o(i.delay_init) for delay_init
    main.o(i.main) refers to os_cpu_c.o(i.OS_CPU_SysTickInit) for OS_CPU_SysTickInit
    main.o(i.main) refers to misc.o(i.NVIC_PriorityGroupConfig) for NVIC_PriorityGroupConfig
    main.o(i.main) refers to sys.o(.emb_text) for INTX_DISABLE
    main.o(i.main) refers to os_core.o(i.OSInit) for OSInit
    main.o(i.main) refers to cpu_a.o(.text) for CPU_SR_Save
    main.o(i.main) refers to os_task.o(i.OSTaskCreate) for OSTaskCreate
    main.o(i.main) refers to os_core.o(i.OSStart) for OSStart
    main.o(i.main) refers to system_stm32f4xx.o(.data) for SystemCoreClock
    main.o(i.main) refers to os_cfg_app.o(.constdata) for OSCfg_TickRate_Hz
    main.o(i.main) refers to main.o(.bss) for START_TASK_STK
    main.o(i.main) refers to main.o(i.start_task) for start_task
    main.o(i.start_task) refers to cpu_core.o(i.CPU_Init) for CPU_Init
    main.o(i.start_task) refers to main.o(i.MainTask_Init) for MainTask_Init
    main.o(i.start_task) refers to delay.o(i.delay_ms) for delay_ms
    main.o(i.start_task) refers to os_stat.o(i.OSStatTaskCPUUsageInit) for OSStatTaskCPUUsageInit
    main.o(i.start_task) refers to cpu_a.o(.text) for CPU_SR_Save
    main.o(i.start_task) refers to os_task.o(i.OSTaskCreate) for OSTaskCreate
    main.o(i.start_task) refers to os_task.o(i.OS_TaskSuspend) for OS_TaskSuspend
    main.o(i.start_task) refers to main.o(.bss) for CHASSIS_TASK_STK
    main.o(i.start_task) refers to main.o(i.chassis_task) for chassis_task
    main.o(i.start_task) refers to main.o(i.led_task) for led_task
    system_stm32f4xx.o(i.SystemCoreClockUpdate) refers to system_stm32f4xx.o(.data) for SystemCoreClock
    system_stm32f4xx.o(i.SystemInit) refers to system_stm32f4xx.o(i.SetSysClock) for SetSysClock
    stm32f4xx_adc.o(i.ADC_DeInit) refers to stm32f4xx_rcc.o(i.RCC_APB2PeriphResetCmd) for RCC_APB2PeriphResetCmd
    stm32f4xx_can.o(i.CAN_DeInit) refers to stm32f4xx_rcc.o(i.RCC_APB1PeriphResetCmd) for RCC_APB1PeriphResetCmd
    stm32f4xx_can.o(i.CAN_GetITStatus) refers to stm32f4xx_can.o(i.CheckITStatus) for CheckITStatus
[...]
    .data                                    0x200000fc   Section        6  usart.o(.data)
    .data                                    0x20000104   Section        4  rcs_timer.o(.data)
    flag                                     0x20000104   Data           4  rcs_timer.o(.data)
    .data                                    0x20000108   Section       84  rcs_motor_3508.o(.data)
    g_encoder_oringin_angle                  0x2000010c   Data           8  rcs_motor_3508.o(.data)
    g_encoder_last_angle                     0x20000114   Data           8  rcs_motor_3508.o(.data)
    g_encoder_cycles                         0x2000011c   Data           8  rcs_motor_3508.o(.data)
    g_encoder_oringin_speed                  0x20000124   Data           8  rcs_motor_3508.o(.data)
    g_encoder_oringin_angle2                 0x20000134   Data           8  rcs_motor_3508.o(.data)
    g_encoder_last_angle2                    0x2000013c   Data           8  rcs_motor_3508.o(.data)
    g_encoder_cycles2                        0x20000144   Data           8  rcs_motor_3508.o(.data)
    g_encoder_oringin_speed2                 0x2000014c   Data           8  rcs_motor_3508.o(.data)
    .data                                    0x2000015c   Section       10  rcs_remote.o(.data)
    mouse                                    0x2000015c   Data           8  rcs_remote.o(.data)
    key                                      0x20000164   Data           2  rcs_remote.o(.data)
    .bss                                     0x20000168   Section     4672  main.o(.bss)
    .bss                                     0x200013a8   Section       16  cpu_core.o(.bss)
    .bss                                     0x200013b8   Section     4160  os_cfg_app.o(.bss)
    .bss                                     0x200023f8   Section     1596  os_var.o(.bss)
    .bss                                     0x20002a34   Section      200  usart.o(.bss)
    .bss                                     0x20002afc   Section       96  rcs_motor_3508.o(.bss)
    g_encoder_start_angle                    0x20002afc   Data          16  rcs_motor_3508.o(.bss)
    g_encoder_start_angle2                   0x20002b2c   Data          16  rcs_motor_3508.o(.bss)
    .bss                                     0x20002b5c   Section       46  rcs_remote.o(.bss)
    rc                                       0x20002b80   Data          10  rcs_remote.o(.bss)
    .bss                                     0x20002b8c   Section       96  libspace.o(.bss)
    HEAP                                     0x20002bf0   Section      512  startup_stm32f40_41xxx.o(HEAP)
    Heap_Mem                                 0x20002bf0   Data         512  startup_stm32f40_41xxx.o(HEAP)
    STACK                                    0x20002df0   Section     1024  startup_stm32f40_41xxx.o(STACK)
    Stack_Mem                                0x20002df0   Data        1024  startup_stm32f40_41xxx.o(STACK)
    __initial_sp                             0x200031f0   Data           0  startup_stm32f40_41xxx.o(STACK)

    Global Symbols

    Symbol Name                              Value     Ov Type        Size  Object(Section)

    BuildAttributes$$THM_ISAv4$E$P$D$K$B$S$7EM$VFPi3$EXTD16$VFPS$VFMA$PE$A:L22UL41UL21$X:L11$S22US41US21$IEEE1$IW$USESV6$~STKCKD$USESV7$~SHL$OTIME$ROPI$IEEEX$EBA8$UX$STANDARDLIB$REQ8$PRES8$EABIv2 0x00000000   Number         0  anon$$obj.o ABSOLUTE
    __ARM_use_no_argv                        0x00000000   Number         0  main.o ABSOLUTE
    _printf_flags                            0x00000000   Number         0  printf_stubs.o ABSOLUTE
    _printf_return_value                     0x00000000   Number         0  printf_stubs.o ABSOLUTE
    _printf_sizespec                         0x00000000   Number         0  printf_stubs.o ABSOLUTE
    _printf_widthprec                        0x00000000   Number         0  printf_stubs.o ABSOLUTE
    __ARM_exceptions_init                     - Undefined Weak Reference
    __alloca_initialize                       - Undefined Weak Reference
    __arm_preinit_                            - Undefined Weak Reference
    __cpp_initialize__aeabi_                  - Undefined Weak Reference
    __cxa_finalize                            - Undefined Weak Reference
    __sigvec_lookup                           - Undefined Weak Reference
    _atexit_init                              - Undefined Weak Reference
    _call_atexit_fns                          - Undefined Weak Reference
    _clock_init                               - Undefined Weak Reference
    _fp_trap_init                             - Undefined Weak Reference
    _fp_trap_shutdown                         - Undefined Weak Reference
    _get_lc_collate                           - Undefined Weak Reference
    _get_lc_monetary                          - Undefined Weak Reference
    _get_lc_time                              - Undefined Weak Reference
    _getenv_init                              - Undefined Weak Reference
    _handle_redirection                       - Undefined Weak Reference
    _init_alloc                               - Undefined Weak Reference
    _init_user_alloc                          - Undefined Weak Reference
    _initio                                   - Undefined Weak Reference
    _printf_fp_hex                            - Undefined Weak Reference
    _printf_mbtowc                            - Undefined Weak Reference
    _printf_wc                                - Undefined Weak Reference
    _rand_init                                - Undefined Weak Reference
    _signal_finish                            - Undefined Weak Reference
    _signal_init                              - Undefined Weak Reference
    _terminate_alloc                          - Undefined Weak Reference
    _terminate_user_alloc                     - Undefined Weak Reference
    _terminateio                              - Undefined Weak Reference
    __Vectors_Size                           0x00000188   Number         0  startup_stm32f40_41xxx.o ABSOLUTE
    __Vectors                                0x08000000   Data           4  startup_stm32f40_41xxx.o(RESET)
    __Vectors_End                            0x08000188   Data           0  startup_stm32f40_41xxx.o(RESET)
    __main                                   0x08000189   Thumb Code     8  __main.o(!!!main)
    __scatterload                            0x08000191   Thumb Code     0  __scatter.o(!!!scatter)
    __scatterload_rt2                        0x08000191   Thumb Code    44  __scatter.o(!!!scatter)
    __scatterload_rt2_thumb_only             0x08000191   Thumb Code     0  __scatter.o(!!!scatter)
    __scatterload_null                       0x0800019f   Thumb Code     0  __scatter.o(!!!scatter)
    __decompress                             0x080001c5   Thumb Code    90  __dczerorl2.o(!!dczerorl2)
    __decompress1                            0x080001c5   Thumb Code     0  __dczerorl2.o(!!dczerorl2)
    __scatterload_zeroinit                   0x08000221   Thumb Code    28  __scatter_zi.o(!!handler_zi)
    __rt_lib_init                            0x0800023d   Thumb Code     0  libinit.o(.ARM.Collect$$libinit$$00000000)
    __rt_lib_init_fp_1                       0x0800023f   Thumb Code     0  libinit2.o(.ARM.Collect$$libinit$$00000001)
    __rt_lib_init_alloca_1                   0x08000243   Thumb Code     0  libinit2.o(.ARM.Collect$$libinit$$0000002E)
    __rt_lib_init_argv_1                     0x08000243   Thumb Code     0  libinit2.o(.ARM.Collect$$libinit$$0000002C)
    __rt_lib_init_atexit_1                   0x08000243   Thumb Code     0  libinit2.o(.ARM.Collect$$libinit$$0000001B)
    __rt_lib_init_clock_1                    0x08000243   Thumb Code     0  libinit2.o(.ARM.Collect$$libinit$$00000021)
    __rt_lib_init_cpp_1                      0x08000243   Thumb Code     0  libinit2.o(.ARM.Collect$$libinit$$00000032)
    __rt_lib_init_exceptions_1               0x08000243   Thumb Code     0  libinit2.o(.ARM.Collect$$libinit$$00000030)
    __rt_lib_init_fp_trap_1                  0x08000243   Thumb Code     0  libinit2.o(.ARM.Collect$$libinit$$0000001F)
    __rt_lib_init_getenv_1                   0x08000243   Thumb Code     0  libinit2.o(.ARM.Collect$$libinit$$00000023)
    __rt_lib_init_heap_1                     0x08000243   Thumb Code     0  libinit2.o(.ARM.Collect$$libinit$$0000000A)
    __rt_lib_init_lc_collate_1               0x08000243   Thumb Code     0  libinit2.o(.ARM.Collect$$libinit$$00000011)
    __rt_lib_init_lc_ctype_1                 0x08000243   Thumb Code     0  libinit2.o(.ARM.Collect$$libinit$$00000013)
    __rt_lib_init_lc_monetary_1              0x08000243   Thumb Code     0  libinit2.o(.ARM.Collect$$libinit$$00000015)
    __rt_lib_init_lc_numeric_1               0x08000243   Thumb Code     0  libinit2.o(.ARM.Collect$$libinit$$00000017)
    __rt_lib_init_lc_time_1                  0x08000243   Thumb Code     0  libinit2.o(.ARM.Collect$$libinit$$00000019)
    __rt_lib_init_preinit_1                  0x08000243   Thumb Code     0  libinit2.o(.ARM.Collect$$libinit$$00000004)
    __rt_lib_init_rand_1                     0x08000243   Thumb Code     0  libinit2.o(.ARM.Collect$$libinit$$0000000E)
    __rt_lib_init_return                     0x08000243   Thumb Code     0  libinit2.o(.ARM.Collect$$libinit$$00000033)
    __rt_lib_init_signal_1                   0x08000243   Thumb Code     0  libinit2.o(.ARM.Collect$$libinit$$0000001D)
    __rt_lib_init_stdio_1                    0x08000243   Thumb Code     0  libinit2.o(.ARM.Collect$$libinit$$00000025)
    __rt_lib_init_user_alloc_1               0x08000243   Thumb Code     0  libinit2.o(.ARM.Collect$$libinit$$0000000C)
    __rt_lib_shutdown                        0x08000245   Thumb Code     0  libshutdown.o(.ARM.Collect$$libshutdown$$00000000)
    __rt_lib_shutdown_cpp_1                  0x08000247   Thumb Code     0  libshutdown2.o(.ARM.Collect$$libshutdown$$00000002)
    __rt_lib_shutdown_fp_trap_1              0x08000247   Thumb Code     0  libshutdown2.o(.ARM.Collect$$libshutdown$$00000007)
    __rt_lib_shutdown_heap_1                 0x08000247   Thumb Code     0  libshutdown2.o(.ARM.Collect$$libshutdown$$0000000F)
    __rt_lib_shutdown_return                 0x08000247   Thumb Code     0  libshutdown2.o(.ARM.Collect$$libshutdown$$00000010)
    __rt_lib_shutdown_signal_1               0x08000247   Thumb Code     0  libshutdown2.o(.ARM.Collect$$libshutdown$$0000000A)
    __rt_lib_shutdown_stdio_1                0x08000247   Thumb Code     0  libshutdown2.o(.ARM.Collect$$libshutdown$$00000004)
    __rt_lib_shutdown_user_alloc_1           0x08000247   Thumb Code     0  libshutdown2.o(.ARM.Collect$$libshutdown$$0000000C)
    __rt_entry                               0x08000249   Thumb Code     0  __rtentry.o(.ARM.Collect$$rtentry$$00000000)
    __rt_entry_presh_1                       0x08000249   Thumb Code     0  __rtentry2.o(.ARM.Collect$$rtentry$$00000002)
    __rt_entry_sh                            0x08000249   Thumb Code     0  __rtentry4.o(.ARM.Collect$$rtentry$$00000004)
    __rt_entry_li                            0x0800024f   Thumb Code     0  __rtentry2.o(.ARM.Collect$$rtentry$$0000000A)
    __rt_entry_postsh_1                      0x0800024f   Thumb Code     0  __rtentry2.o(.ARM.Collect$$rtentry$$00000009)
    __rt_entry_main                          0x08000253   Thumb Code     0  __rtentry2.o(.ARM.Collect$$rtentry$$0000000D)
    __rt_entry_postli_1                      0x08000253   Thumb Code     0  __rtentry2.o(.ARM.Collect$$rtentry$$0000000C)
    __rt_exit                                0x0800025b   Thumb Code     0  rtexit.o(.ARM.Collect$$rtexit$$00000000)
    __rt_exit_ls                             0x0800025d   Thumb Code     0  rtexit2.o(.ARM.Collect$$rtexit$$00000003)
    __rt_exit_prels_1                        0x0800025d   Thumb Code     0  rtexit2.o(.ARM.Collect$$rtexit$$00000002)
    __rt_exit_exit                           0x08000261   Thumb Code     0  rtexit2.o(.ARM.Collect$$rtexit$$00000004)
    WFI_SET                                  0x08000269   Thumb Code     2  sys.o(.emb_text)
    INTX_DISABLE                             0x0800026b   Thumb Code     4  sys.o(.emb_text)
    INTX_ENABLE                              0x0800026f   Thumb Code     4  sys.o(.emb_text)
    MSR_MSP                                  0x08000273   Thumb Code     6  sys.o(.emb_text)
    Reset_Handler                            0x08000279   Thumb Code     8  startup_stm32f40_41xxx.o(.text)
    ADC_IRQHandler                           0x08000293   Thumb Code     0  startup_stm32f40_41xxx.o(.text)
    CAN1_RX1_IRQHandler                      0x08000293   Thumb Code     0  startup_stm32f40_41xxx.o(.text)
    CAN1_SCE_IRQHandler                      0x08000293   Thumb Code     0  startup_stm32f40_41xxx.o(.text)
    CAN1_TX_IRQHandler                       0x08000293   Thumb Code     0  startup_stm32f40_41xxx.o(.text)
    CAN2_RX1_IRQHandler                      0x08000293   Thumb Code     0  startup_stm32f40_41xxx.o(.text)
    CAN2_SCE_IRQHandler                      0x08000293   Thumb Code     0  startup_stm32f40_41xxx.o(.text)
    CAN2_TX_IRQHandler                       0x08000293   Thumb Code     0  startup_stm32f40_41xxx.o(.text)
    CRYP_IRQHandler                          0x08000293   Thumb Code     0  startup_stm32f40_41xxx.o(.text)
    DCMI_IRQHandler                          0x08000293   Thumb Code     0  startup_stm32f40_41xxx.o(.text)
    DMA1_Stream0_IRQHandler                  0x08000293   Thumb Code     0  startup_stm32f40_41xxx.o(.text)
    DMA1_Stream1_IRQHandler                  0x08000293   Thumb Code     0  startup_stm32f40_41xxx.o(.text)
    DMA1_Stream2_IRQHandler                  0x08000293   Thumb Code     0  startup_stm32f40_41xxx.o(.text)
    DMA1_Stream3_IRQHandler                  0x08000293   Thumb Code     0  startup_stm32f40_41xxx.o(.text)
    DMA1_Stream4_IRQHandler                  0x08000293   Thumb Code     0  startup_stm32f40_41xxx.o(.text)
    DMA1_Stream6_IRQHandler                  0x08000293   Thumb Code     0  startup_stm32f40_41xxx.o(.text)
    DMA1_Stream7_IRQHandler                  0x08000293   Thumb Code     0  startup_stm32f40_41xxx.o(.text)
    DMA2_Stream0_IRQHandler                  0x08000293   Thumb Code     0  startup_stm32f40_41xxx.o(.text)
    DMA2_Stream1_IRQHandler                  0x08000293   Thumb Code     0  startup_stm32f40_41xxx.o(.text)
    DMA2_Stream2_IRQHandler                  0x08000293   Thumb Code     0  startup_stm32f40_41xxx.o(.text)
    DMA2_Stream3_IRQHandler                  0x08000293   Thumb Code     0  startup_stm32f40_41xxx.o(.text)
    DMA2_Stream4_IRQHandler                  0x08000293   Thumb Code     0  startup_stm32f40_41xxx.o(.text)
    DMA2_Stream5_IRQHandler                  0x08000293   Thumb Code     0  startup_stm32f40_41xxx.o(.text)
    DMA2_Stream6_IRQHandler                  0x08000293   Thumb Code     0  startup_stm32f40_41xxx.o(.text)
    DMA2_Stream7_IRQHandler                  0x08000293   Thumb Code     0  startup_stm32f40_41xxx.o(.text)
    ETH_IRQHandler                           0x08000293   Thumb Code     0  startup_stm32f40_41xxx.o(.text)
    ETH_WKUP_IRQHandler                      0x08000293   Thumb Code     0  startup_stm32f40_41xxx.o(.text)
    EXTI0_IRQHandler                         0x08000293   Thumb Code     0  startup_stm32f40_41xxx.o(.text)
    EXTI15_10_IRQHandler                     0x08000293   Thumb Code     0  startup_stm32f40_41xxx.o(.text)
    EXTI1_IRQHandler                         0x08000293   Thumb Code     0  startup_stm32f40_41xxx.o(.text)
    EXTI2_IRQHandler                         0x08000293   Thumb Code     0  startup_stm32f40_41xxx.o(.text)
    EXTI3_IRQHandler                         0x08000293   Thumb Code     0  startup_stm32f40_41xxx.o(.text)
    EXTI4_IRQHandler                         0x08000293   Thumb Code     0  startup_stm32f40_41xxx.o(.text)
    EXTI9_5_IRQHandler                       0x08000293   Thumb Code     0  startup_stm32f40_41xxx.o(.text)
    FLASH_IRQHandler                         0x08000293   Thumb Code     0  startup_stm32f40_41xxx.o(.text)
    FPU_IRQHandler                           0x08000293   Thumb Code     0  startup_stm32f40_41xxx.o(.text)
    FSMC_IRQHandler                          0x08000293   Thumb Code     0  startup_stm32f40_41xxx.o(.text)
    HASH_RNG_IRQHandler                      0x08000293   Thumb Code     0  startup_stm32f40_41xxx.o(.text)
    I2C1_ER_IRQHandler                       0x08000293   Thumb Code     0  startup_stm32f40_41xxx.o(.text)
    I2C1_EV_IRQHandler                       0x08000293   Thumb Code     0  startup_stm32f40_41xxx.o(.text)
    I2C2_ER_IRQHandler                       0x08000293   Thumb Code     0  startup_stm32f40_41xxx.o(.text)
    I2C2_EV_IRQHandler                       0x08000293   Thumb Code     0  startup_stm32f40_41xxx.o(.text)
    I2C3_ER_IRQHandler                       0x08000293   Thumb Code     0  startup_stm32f40_41xxx.o(.text)
    I2C3_EV_IRQHandler                       0x08000293   Thumb Code     0  startup_stm32f40_41xxx.o(.text)
    OTG_FS_IRQHandler                        0x08000293   Thumb Code     0  startup_stm32f40_41xxx.o(.text)
    OTG_FS_WKUP_IRQHandler                   0x08000293   Thumb Code     0  startup_stm32f40_41xxx.o(.text)
    OTG_HS_EP1_IN_IRQHandler                 0x08000293   Thumb Code     0  startup_stm32f40_41xxx.o(.text)
    OTG_HS_EP1_OUT_IRQHandler                0x08000293   Thumb Code     0  startup_stm32f40_41xxx.o(.text)
    OTG_HS_IRQHandler                        0x08000293   Thumb Code     0  startup_stm32f40_41xxx.o(.text)
    OTG_HS_WKUP_IRQHandler                   0x08000293   Thumb Code     0  startup_stm32f40_41xxx.o(.text)
    PVD_IRQHandler                           0x08000293   Thumb Code     0  startup_stm32f40_41xxx.o(.text)
    RCC_IRQHandler                           0x08000293   Thumb Code     0  startup_stm32f40_41xxx.o(.text)
    RTC_Alarm_IRQHandler                     0x08000293   Thumb Code     0  startup_stm32f40_41xxx.o(.text)
    RTC_WKUP_IRQHandler                      0x08000293   Thumb Code     0  startup_stm32f40_41xxx.o(.text)
    SDIO_IRQHandler                          0x08000293   Thumb Code     0  startup_stm32f40_41xxx.o(.text)
    SPI1_IRQHandler                          0x08000293   Thumb Code     0  startup_stm32f40_41xxx.o(.text)
    SPI2_IRQHandler                          0x08000293   Thumb Code     0  startup_stm32f40_41xxx.o(.text)
    SPI3_IRQHandler                          0x08000293   Thumb Code     0  startup_stm32f40_41xxx.o(.text)
    TAMP_STAMP_IRQHandler                    0x08000293   Thumb Code     0  startup_stm32f40_41xxx.o(.text)
    TIM1_BRK_TIM9_IRQHandler                 0x08000293   Thumb Code     0  startup_stm32f40_41xxx.o(.text)
    TIM1_CC_IRQHandler                       0x08000293   Thumb Code     0  startup_stm32f40_41xxx.o(.text)
    TIM1_TRG_COM_TIM11_IRQHandler            0x08000293   Thumb Code     0  startup_stm32f40_41xxx.o(.text)
    TIM1_UP_TIM10_IRQHandler                 0x08000293   Thumb Code     0  startup_stm32f40_41xxx.o(.text)
    TIM5_IRQHandler                          0x08000293   Thumb Code     0  startup_stm32f40_41xxx.o(.text)
    TIM6_DAC_IRQHandler                      0x08000293   Thumb Code     0  startup_stm32f40_41xxx.o(.text)
    TIM7_IRQHandler                          0x08000293   Thumb Code     0  startup_stm32f40_41xxx.o(.text)
    TIM8_BRK_TIM12_IRQHandler                0x08000293   Thumb Code     0  startup_stm32f40_41xxx.o(.text)
    TIM8_CC_IRQHandler                       0x08000293   Thumb Code     0  startup_stm32f40_41xxx.o(.text)
    TIM8_TRG_COM_TIM14_IRQHandler            0x08000293   Thumb Code     0  startup_stm32f40_41xxx.o(.text)
    TIM8_UP_TIM13_IRQHandler                 0x08000293   Thumb Code     0  startup_stm32f40_41xxx.o(.text)
    UART4_IRQHandler                         0x08000293   Thumb Code     0  startup_stm32f40_41xxx.o(.text)
    UART5_IRQHandler                         0x08000293   Thumb Code     0  startup_stm32f40_41xxx.o(.text)
    USART2_IRQHandler                        0x08000293   Thumb Code     0  startup_stm32f40_41xxx.o(.text)
    USART3_IRQHandler                        0x08000293   Thumb Code     0  startup_stm32f40_41xxx.o(.text)
    USART6_IRQHandler                        0x08000293   Thumb Code     0  startup_stm32f40_41xxx.o(.text)
    WWDG_IRQHandler                          0x08000293   Thumb Code     0  startup_stm32f40_41xxx.o(.text)
    __user_initial_stackheap                 0x08000295   Thumb Code     0  startup_stm32f40_41xxx.o(.text)
    CPU_IntDis                               0x080002b9   Thumb Code     0  cpu_a.o(.text)
    CPU_IntEn                                0x080002bd   Thumb Code     0  cpu_a.o(.text)
    CPU_SR_Save                              0x080002c1   Thumb Code     0  cpu_a.o(.text)
    CPU_SR_Restore                           0x080002c9   Thumb Code     0  cpu_a.o(.text)
    CPU_WaitForInt                           0x080002cf   Thumb Code     0  cpu_a.o(.text)
    CPU_WaitForExcept                        0x080002d3   Thumb Code     0  cpu_a.o(.text)
    CPU_CntLeadZeros                         0x080002d7   Thumb Code     0  cpu_a.o(.text)
    CPU_CntTrailZeros                        0x080002dd   Thumb Code     0  cpu_a.o(.text)
    CPU_RevBits                              0x080002e7   Thumb Code     0  cpu_a.o(.text)
    __use_no_semihosting                     0x080002ed   Thumb Code     2  use_no_semi_2.o(.text)
    __use_two_region_memory                  0x080002ef   Thumb Code     2  heapauxi.o(.text)
    __rt_heap_escrow$2region                 0x080002f1   Thumb Code     2  heapauxi.o(.text)
    __rt_heap_expand$2region                 0x080002f3   Thumb Code     2  heapauxi.o(.text)
    __I$use$semihosting                      0x080002f5   Thumb Code     0  use_no_semi.o(.text)
    __use_no_semihosting_swi                 0x080002f5   Thumb Code     2  use_no_semi.o(.text)
    __user_libspace                          0x080002f9   Thumb Code     8  libspace.o(.text)
    __user_perproc_libspace                  0x080002f9   Thumb Code     0  libspace.o(.text)
    __user_perthread_libspace                0x080002f9   Thumb Code     0  libspace.o(.text)
    __user_setup_stackheap                   0x08000301   Thumb Code    74  sys_stackheap_outer.o(.text)
    exit                                     0x0800034b   Thumb Code    18  exit.o(.text)
    OSStartHighRdy                           0x0800035d   Thumb Code     0  os_cpu_a.o(CODE)
    OSCtxSw                                  0x0800037f   Thumb Code     0  os_cpu_a.o(CODE)
    OSIntCtxSw                               0x08000389   Thumb Code     0  os_cpu_a.o(CODE)
    PendSV_Handler                           0x08000393   Thumb Code     0  os_cpu_a.o(CODE)
    BSP_CPU_ClkFreq                          0x08000409   Thumb Code    14  bsp.o(i.BSP_CPU_ClkFreq)
    BusFault_Handler                         0x08000417   Thumb Code     4  stm32f4xx_it.o(i.BusFault_Handler)
    CAN1_RX0_IRQHandler                      0x0800041d   Thumb Code   434  rcs_motor_3508.o(i.CAN1_RX0_IRQHandler)
    CAN2_RX0_IRQHandler                      0x08000605   Thumb Code   434  rcs_motor_3508.o(i.CAN2_RX0_IRQHandler)
    CAN_FIFORelease                          0x080007ed   Thumb Code    22  stm32f4xx_can.o(i.CAN_FIFORelease)
    CAN_GetITStatus                          0x08000805   Thumb Code   284  stm32f4xx_can.o(i.CAN_GetITStatus)
    CAN_Receive                              0x08000925   Thumb Code   240  stm32f4xx_can.o(i.CAN_Receive)
    CPU_Init                                 0x08000a15   Thumb Code    12  cpu_core.o(i.CPU_Init)
    CPU_NameClr                              0x08000a21   Thumb Code    42  cpu_core.o(i.CPU_NameClr)
    CPU_TS_TmrFreqSet                        0x08000a6d   Thumb Code     6  cpu_core.o(i.CPU_TS_TmrFreqSet)
    CPU_TS_TmrInit                           0x08000a79   Thumb Code    44  bsp.o(i.CPU_TS_TmrInit)
    CPU_TS_TmrRd                             0x08000aad   Thumb Code     6  bsp.o(i.CPU_TS_TmrRd)
    DMA1_Stream5_IRQHandler                  0x08000acd   Thumb Code    36  rcs_remote.o(i.DMA1_Stream5_IRQHandler)
    DMA_ClearFlag                            0x08000b01   Thumb Code    38  stm32f4xx_dma.o(i.DMA_ClearFlag)
    DMA_ClearITPendingBit                    0x08000b35   Thumb Code    38  stm32f4xx_dma.o(i.DMA_ClearITPendingBit)
    DMA_GetITStatus                          0x08000b69   Thumb Code    82  stm32f4xx_dma.o(i.DMA_GetITStatus)
    DebugMon_Handler                         0x08000bcd   Thumb Code     2  stm32f4xx_it.o(i.DebugMon_Handler)
    GPIO_ResetBits                           0x08000bcf   Thumb Code     4  stm32f4xx_gpio.o(i.GPIO_ResetBits)
    GPIO_SetBits                             0x08000bd3   Thumb Code     4  stm32f4xx_gpio.o(i.GPIO_SetBits)
    HardFault_Handler                        0x08000bd7   Thumb Code     4  stm32f4xx_it.o(i.HardFault_Handler)
    MemManage_Handler                        0x08000bdd   Thumb Code     4  stm32f4xx_it.o(i.MemManage_Handler)
    Mem_Clr                                  0x08000be1   Thumb Code    18  lib_mem.o(i.Mem_Clr)
    Mem_Set                                  0x08000bf3   Thumb Code    84  lib_mem.o(i.Mem_Set)
    NMI_Handler                              0x08000c47   Thumb Code     2  stm32f4xx_it.o(i.NMI_Handler)
    NVIC_PriorityGroupConfig                 0x08000c49   Thumb Code    10  misc.o(i.NVIC_PriorityGroupConfig)
    OSCfg_Init                               0x08000c5d   Thumb Code     2  os_cfg_app.o(i.OSCfg_Init)
    OSIdleTaskHook                           0x08000c61   Thumb Code    16  os_cpu_c.o(i.OSIdleTaskHook)
    OSInit                                   0x08000c75   Thumb Code   270  os_core.o(i.OSInit)
    OSInitHook                               0x08000dd9   Thumb Code    28  os_cpu_c.o(i.OSInitHook)
    OSIntEnter                               0x08000e01   Thumb Code    34  os_core.o(i.OSIntEnter)
    OSIntExit                                0x08000e2d   Thumb Code   188  os_core.o(i.OSIntExit)
    OSMutexCreate                            0x08000f09   Thumb Code   102  os_mutex.o(i.OSMutexCreate)
    OSMutexPend                              0x08000f79   Thumb Code   450  os_mutex.o(i.OSMutexPend)
    OSMutexPost                              0x08001149   Thumb Code   384  os_mutex.o(i.OSMutexPost)
    OSSched                                  0x080012d5   Thumb Code   134  os_core.o(i.OSSched)
    OSSchedLock                              0x08001379   Thumb Code    88  os_core.o(i.OSSchedLock)
    OSSchedUnlock                            0x080013d9   Thumb Code   120  os_core.o(i.OSSchedUnlock)
    OSStart                                  0x08001459   Thumb Code    78  os_core.o(i.OSStart)
    OSStatReset                              0x080014c1   Thumb Code   262  os_stat.o(i.OSStatReset)
    OSStatTaskCPUUsageInit                   0x080015e9   Thumb Code   212  os_stat.o(i.OSStatTaskCPUUsageInit)
    OSStatTaskHook                           0x080016d9   Thumb Code    16  os_cpu_c.o(i.OSStatTaskHook)
    OSTaskCreate                             0x080016ed   Thumb Code   382  os_task.o(i.OSTaskCreate)
    OSTaskCreateHook                         0x0800187d   Thumb Code    20  os_cpu_c.o(i.OSTaskCreateHook)
    OSTaskDel                                0x08001895   Thumb Code   380  os_task.o(i.OSTaskDel)
    OSTaskDelHook                            0x08001a1d   Thumb Code    20  os_cpu_c.o(i.OSTaskDelHook)
    OSTaskResume                             0x08001a35   Thumb Code    80  os_task.o(i.OSTaskResume)
    OSTaskReturnHook                         0x08001a89   Thumb Code    20  os_cpu_c.o(i.OSTaskReturnHook)
    OSTaskSemPend                            0x08001aa1   Thumb Code   446  os_task.o(i.OSTaskSemPend)
    OSTaskSemPost                            0x08001c69   Thumb Code    62  os_task.o(i.OSTaskSemPost)
    OSTaskStkChk                             0x08001ca9   Thumb Code   188  os_task.o(i.OSTaskStkChk)
    OSTaskStkInit                            0x08001d69   Thumb Code   600  os_cpu_c.o(i.OSTaskStkInit)
    OSTaskSuspend                            0x08001fc5   Thumb Code    32  os_task.o(i.OSTaskSuspend)
    OSTaskSwHook                             0x08001fe9   Thumb Code   120  os_cpu_c.o(i.OSTaskSwHook)
    OSTimeDly                                0x08002071   Thumb Code   156  os_time.o(i.OSTimeDly)
    OSTimeTick                               0x08002115   Thumb Code    50  os_time.o(i.OSTimeTick)
    OSTimeTickHook                           0x08002159   Thumb Code    16  os_cpu_c.o(i.OSTimeTickHook)
    OS_CPU_SysTickInit                       0x0800216d   Thumb Code    44  os_cpu_c.o(i.OS_CPU_SysTickInit)
    OS_Dbg_Init                              0x0800219d   Thumb Code   146  os_dbg.o(i.OS_Dbg_Init)
    OS_FlagInit                              0x08002345   Thumb Code    14  os_flag.o(i.OS_FlagInit)
    OS_IdleTask                              0x0800235d   Thumb Code    58  os_core.o(i.OS_IdleTask)
    OS_IdleTaskInit                          0x080023a1   Thumb Code    66  os_core.o(i.OS_IdleTaskInit)
    OS_MemInit                               0x08002411   Thumb Code    14  os_mem.o(i.OS_MemInit)
    OS_MsgPoolInit                           0x08002429   Thumb Code   110  os_msg.o(i.OS_MsgPoolInit)
    OS_MsgQFreeAll                           0x080024a5   Thumb Code    62  os_msg.o(i.OS_MsgQFreeAll)
    OS_MsgQInit                              0x080024e9   Thumb Code    14  os_msg.o(i.OS_MsgQInit)
    OS_MutexDbgListAdd                       0x080024f9   Thumb Code    38  os_mutex.o(i.OS_MutexDbgListAdd)
    OS_MutexGrpAdd                           0x08002529   Thumb Code     8  os_mutex.o(i.OS_MutexGrpAdd)
    OS_MutexGrpPostAll                       0x08002531   Thumb Code    96  os_mutex.o(i.OS_MutexGrpPostAll)
    OS_MutexGrpPrioFindHighest               0x08002591   Thumb Code    44  os_mutex.o(i.OS_MutexGrpPrioFindHighest)
    OS_MutexGrpRemove                        0x080025bd   Thumb Code    28  os_mutex.o(i.OS_MutexGrpRemove)
    OS_MutexInit                             0x080025d9   Thumb Code    14  os_mutex.o(i.OS_MutexInit)
    OS_Pend                                  0x080025f1   Thumb Code   100  os_core.o(i.OS_Pend)
    OS_PendDataInit                          0x08002659   Thumb Code    40  os_core.o(i.OS_PendDataInit)
    OS_PendDbgNameAdd                        0x08002681   Thumb Code    66  os_core.o(i.OS_PendDbgNameAdd)
    OS_PendDbgNameRemove                     0x080026dd   Thumb Code    30  os_core.o(i.OS_PendDbgNameRemove)
    OS_PendListChangePrio                    0x08002701   Thumb Code    58  os_core.o(i.OS_PendListChangePrio)
    OS_PendListInit                          0x0800273b   Thumb Code    10  os_core.o(i.OS_PendListInit)
    OS_PendListInsertPrio                    0x08002745   Thumb Code   102  os_core.o(i.OS_PendListInsertPrio)
    OS_PendListRemove                        0x080027ab   Thumb Code    52  os_core.o(i.OS_PendListRemove)
    OS_PendListRemove1                       0x080027df   Thumb Code    66  os_core.o(i.OS_PendListRemove1)
    OS_Post                                  0x08002821   Thumb Code   214  os_core.o(i.OS_Post)
    OS_Post1                                 0x080028f7   Thumb Code    44  os_core.o(i.OS_Post1)
    OS_PrioGetHighest                        0x08002925   Thumb Code    36  os_prio.o(i.OS_PrioGetHighest)
    OS_PrioInit                              0x0800294d   Thumb Code    20  os_prio.o(i.OS_PrioInit)
    OS_PrioInsert                            0x08002965   Thumb Code    32  os_prio.o(i.OS_PrioInsert)
    OS_PrioRemove                            0x08002989   Thumb Code    32  os_prio.o(i.OS_PrioRemove)
    OS_QInit                                 0x080029ad   Thumb Code    14  os_q.o(i.OS_QInit)
    OS_RdyListInit                           0x080029c5   Thumb Code    32  os_core.o(i.OS_RdyListInit)
    OS_RdyListInsert                         0x080029e9   Thumb Code    40  os_core.o(i.OS_RdyListInsert)
    OS_RdyListInsertHead                     0x08002a15   Thumb Code    58  os_core.o(i.OS_RdyListInsertHead)
    OS_RdyListInsertTail                     0x08002a55   Thumb Code    56  os_core.o(i.OS_RdyListInsertTail)
    OS_RdyListRemove                         0x08002a91   Thumb Code    86  os_core.o(i.OS_RdyListRemove)
    OS_SchedLockTimeMeasStart                0x08002aed   Thumb Code    20  os_core.o(i.OS_SchedLockTimeMeasStart)
    OS_SchedLockTimeMeasStop                 0x08002b09   Thumb Code    44  os_core.o(i.OS_SchedLockTimeMeasStop)
    OS_SemInit                               0x08002b45   Thumb Code    14  os_sem.o(i.OS_SemInit)
    OS_StatTask                              0x08002b5d   Thumb Code   684  os_stat.o(i.OS_StatTask)
    OS_StatTaskInit                          0x08002e45   Thumb Code   136  os_stat.o(i.OS_StatTaskInit)
    OS_TaskBlock                             0x08002f11   Thumb Code    40  os_core.o(i.OS_TaskBlock)
    OS_TaskChangePrio                        0x08002f3d   Thumb Code   232  os_task.o(i.OS_TaskChangePrio)
    OS_TaskDbgListAdd                        0x08003029   Thumb Code    42  os_task.o(i.OS_TaskDbgListAdd)
    OS_TaskDbgListRemove                     0x08003059   Thumb Code    64  os_task.o(i.OS_TaskDbgListRemove)
    OS_TaskInit                              0x0800309d   Thumb Code    18  os_task.o(i.OS_TaskInit)
    OS_TaskInitTCB                           0x080030bd   Thumb Code   176  os_task.o(i.OS_TaskInitTCB)
    OS_TaskResume                            0x08003179   Thumb Code   256  os_task.o(i.OS_TaskResume)
    OS_TaskReturn                            0x08003279   Thumb Code    20  os_task.o(i.OS_TaskReturn)
    OS_TaskSemPost                           0x08003291   Thumb Code   448  os_task.o(i.OS_TaskSemPost)
    OS_TaskSuspend                           0x08003455   Thumb Code   272  os_task.o(i.OS_TaskSuspend)
    OS_TickListInsert                        0x0800356d   Thumb Code   134  os_tick.o(i.OS_TickListInsert)
    OS_TickListInsertDly                     0x080035f5   Thumb Code   180  os_tick.o(i.OS_TickListInsertDly)
    OS_TickListRemove                        0x080036b1   Thumb Code    88  os_tick.o(i.OS_TickListRemove)
    OS_TickListResetPeak                     0x08003709   Thumb Code     2  os_tick.o(i.OS_TickListResetPeak)
    OS_TickTask                              0x080038b9   Thumb Code    90  os_tick.o(i.OS_TickTask)
    OS_TickTaskInit                          0x0800391d   Thumb Code   140  os_tick.o(i.OS_TickTaskInit)
    OS_TmrInit                               0x080039e5   Thumb Code   200  os_tmr.o(i.OS_TmrInit)
    OS_TmrResetPeak                          0x08003b31   Thumb Code     2  os_tmr.o(i.OS_TmrResetPeak)
    OS_TmrTask                               0x08003b35   Thumb Code   134  os_tmr.o(i.OS_TmrTask)
    OS_TmrUnlink                             0x08003bc9   Thumb Code    58  os_tmr.o(i.OS_TmrUnlink)
    RCC_GetClocksFreq                        0x08003c21   Thumb Code   214  stm32f4xx_rcc.o(i.RCC_GetClocksFreq)
    RCS_GPIO_Reset                           0x08003d09   Thumb Code    16  rcs_gpio.o(i.RCS_GPIO_Reset)
    RCS_GPIO_Set                             0x08003d19   Thumb Code    16  rcs_gpio.o(i.RCS_GPIO_Set)
    SVC_Handler                              0x08003dd1   Thumb Code     2  stm32f4xx_it.o(i.SVC_Handler)
    SysTick_CLKSourceConfig                  0x08003ec1   Thumb Code    40  misc.o(i.SysTick_CLKSourceConfig)
    SysTick_Handler                          0x08003ee9   Thumb Code    24  delay.o(i.SysTick_Handler)
    SystemInit                               0x08003f05   Thumb Code    88  system_stm32f4xx.o(i.SystemInit)
    TIM2_IRQHandler                          0x08003f6d   Thumb Code    56  rcs_timer.o(i.TIM2_IRQHandler)
    TIM3_IRQHandler                          0x08003fad   Thumb Code    12  rcs_timer.o(i.TIM3_IRQHandler)
    TIM4_IRQHandler                          0x08003fbd   Thumb Code    12  rcs_timer.o(i.TIM4_IRQHandler)
    TIM_ClearITPendingBit                    0x08003fcd   Thumb Code     6  stm32f4xx_tim.o(i.TIM_ClearITPendingBit)
    USART1_IRQHandler                        0x08003fd5   Thumb Code   130  usart.o(i.USART1_IRQHandler)
    USART_GetITStatus                        0x08004065   Thumb Code    84  stm32f4xx_usart.o(i.USART_GetITStatus)
    USART_ReceiveData                        0x080040b9   Thumb Code    10  stm32f4xx_usart.o(i.USART_ReceiveData)
    UsageFault_Handler                       0x080040c3   Thumb Code     4  stm32f4xx_it.o(i.UsageFault_Handler)
    _sys_exit                                0x080040c7   Thumb Code     4  usart.o(i._sys_exit)
    chassis_task                             0x080040cb   Thumb Code    12  main.o(i.chassis_task)
    delay_init                               0x080040d9   Thumb Code    94  delay.o(i.delay_init)
    delay_ms                                 0x08004149   Thumb Code    66  delay.o(i.delay_ms)
    delay_osschedlock                        0x08004199   Thumb Code    10  delay.o(i.delay_osschedlock)
    delay_osschedunlock                      0x080041a3   Thumb Code    10  delay.o(i.delay_osschedunlock)
    delay_ostimedly                          0x080041ad   Thumb Code    16  delay.o(i.delay_ostimedly)
    delay_us                                 0x080041bd   Thumb Code    84  delay.o(i.delay_us)
    led_task                                 0x08004215   Thumb Code    14  main.o(i.led_task)
    main                                     0x08004225   Thumb Code   136  main.o(i.main)
    start_task                               0x080042cd   Thumb Code   170  main.o(i.start_task)
    __aeabi_d2f                              0x080043b1   Thumb Code     0  d2f.o(x$fpl$d2f)
    _d2f                                     0x080043b1   Thumb Code    98  d2f.o(x$fpl$d2f)
    __aeabi_dadd                             0x08004415   Thumb Code     0  daddsub_clz.o(x$fpl$dadd)
    _dadd                                    0x08004415   Thumb Code   332  daddsub_clz.o(x$fpl$dadd)
    __aeabi_i2d                              0x08004565   Thumb Code     0  dflt_clz.o(x$fpl$dflt)
    _dflt                                    0x08004565   Thumb Code    46  dflt_clz.o(x$fpl$dflt)
    __aeabi_ui2d                             0x08004593   Thumb Code     0  dflt_clz.o(x$fpl$dfltu)
    _dfltu                                   0x08004593   Thumb Code    38  dflt_clz.o(x$fpl$dfltu)
    __aeabi_dmul                             0x080045b9   Thumb Code     0  dmul.o(x$fpl$dmul)
    _dmul                                    0x080045b9   Thumb Code   332  dmul.o(x$fpl$dmul)
    __fpl_dnaninf                            0x0800470d   Thumb Code   156  dnaninf.o(x$fpl$dnaninf)
    __fpl_dretinf                            0x080047a9   Thumb Code    12  dretinf.o(x$fpl$dretinf)
    __aeabi_dsub                             0x080047b5   Thumb Code     0  daddsub_clz.o(x$fpl$dsub)
    _dsub                                    0x080047b5   Thumb Code   464  daddsub_clz.o(x$fpl$dsub)
    __aeabi_f2d                              0x08004989   Thumb Code     0  f2d.o(x$fpl$f2d)
    _f2d                                     0x08004989   Thumb Code    86  f2d.o(x$fpl$f2d)
    __fpl_fnaninf                            0x080049df   Thumb Code   140  fnaninf.o(x$fpl$fnaninf)
    _fp_init                                 0x08004a6b   Thumb Code    10  fpinit.o(x$fpl$fpinit)
    __fplib_config_fpu_vfp                   0x08004a73   Thumb Code     0  fpinit.o(x$fpl$fpinit)
    __fplib_config_pureend_doubles           0x08004a73   Thumb Code     0  fpinit.o(x$fpl$fpinit)
    __fpl_fretinf                            0x08004a75   Thumb Code    10  fretinf.o(x$fpl$fretinf)
    __I$use$fp                               0x08004a7e   Number         0  usenofp.o(x$fpl$usenofp)
    OSCfg_IdleTaskStkBasePtr                 0x08004a80   Data           4  os_cfg_app.o(.constdata)
    OSCfg_IdleTaskStkLimit                   0x08004a84   Data           4  os_cfg_app.o(.constdata)
    OSCfg_IdleTaskStkSize                    0x08004a88   Data           4  os_cfg_app.o(.constdata)
    OSCfg_IdleTaskStkSizeRAM                 0x08004a8c   Data           4  os_cfg_app.o(.constdata)
    OSCfg_IntQBasePtr                        0x08004a90   Data           4  os_cfg_app.o(.constdata)
    OSCfg_IntQSize                           0x08004a94   Data           2  os_cfg_app.o(.constdata)
    OSCfg_IntQSizeRAM                        0x08004a98   Data           4  os_cfg_app.o(.constdata)
    OSCfg_IntQTaskStkBasePtr                 0x08004a9c   Data           4  os_cfg_app.o(.constdata)
    OSCfg_IntQTaskStkLimit                   0x08004aa0   Data           4  os_cfg_app.o(.constdata)
    OSCfg_IntQTaskStkSize                    0x08004aa4   Data           4  os_cfg_app.o(.constdata)
    OSCfg_IntQTaskStkSizeRAM                 0x08004aa8   Data           4  os_cfg_app.o(.constdata)
    OSCfg_ISRStkBasePtr                      0x08004aac   Data           4  os_cfg_app.o(.constdata)
    OSCfg_ISRStkSize                         0x08004ab0   Data           4  os_cfg_app.o(.constdata)
    OSCfg_ISRStkSizeRAM                      0x08004ab4   Data           4  os_cfg_app.o(.constdata)
    OSCfg_MsgPoolSize                        0x08004ab8   Data           2  os_cfg_app.o(.constdata)
    OSCfg_MsgPoolSizeRAM                     0x08004abc   Data           4  os_cfg_app.o(.constdata)
    OSCfg_MsgPoolBasePtr                     0x08004ac0   Data           4  os_cfg_app.o(.constdata)
    OSCfg_StatTaskPrio                       0x08004ac4   Data           1  os_cfg_app.o(.constdata)
    OSCfg_StatTaskRate_Hz                    0x08004ac8   Data           4  os_cfg_app.o(.constdata)
    OSCfg_StatTaskStkBasePtr                 0x08004acc   Data           4  os_cfg_app.o(.constdata)
    OSCfg_StatTaskStkLimit                   0x08004ad0   Data           4  os_cfg_app.o(.constdata)
    OSCfg_StatTaskStkSize                    0x08004ad4   Data           4  os_cfg_app.o(.constdata)
    OSCfg_StatTaskStkSizeRAM                 0x08004ad8   Data           4  os_cfg_app.o(.constdata)
    OSCfg_StkSizeMin                         0x08004adc   Data           4  os_cfg_app.o(.constdata)
    OSCfg_TickRate_Hz                        0x08004ae0   Data           4  os_cfg_app.o(.constdata)
    OSCfg_TickTaskPrio                       0x08004ae4   Data           1  os_cfg_app.o(.constdata)
    OSCfg_TickTaskStkBasePtr                 0x08004ae8   Data           4  os_cfg_app.o(.constdata)
    OSCfg_TickTaskStkLimit                   0x08004aec   Data           4  os_cfg_app.o(.constdata)
    OSCfg_TickTaskStkSize                    0x08004af0   Data           4  os_cfg_app.o(.constdata)
    OSCfg_TickTaskStkSizeRAM                 0x08004af4   Data           4  os_cfg_app.o(.constdata)
    OSCfg_TmrTaskPrio                        0x08004af8   Data           1  os_cfg_app.o(.constdata)
    OSCfg_TmrTaskRate_Hz                     0x08004afc   Data           4  os_cfg_app.o(.constdata)
    OSCfg_TmrTaskStkBasePtr                  0x08004b00   Data           4  os_cfg_app.o(.constdata)
    OSCfg_TmrTaskStkLimit                    0x08004b04   Data           4  os_cfg_app.o(.constdata)
    OSCfg_TmrTaskStkSize                     0x08004b08   Data           4  os_cfg_app.o(.constdata)
    OSCfg_TmrTaskStkSizeRAM                  0x08004b0c   Data           4  os_cfg_app.o(.constdata)
    OSCfg_DataSizeRAM                        0x08004b10   Data           4  os_cfg_app.o(.constdata)
    OSDbg_DbgEn                              0x08004b14   Data           1  os_dbg.o(.constdata)
    OSDbg_ArgChkEn                           0x08004b15   Data           1  os_dbg.o(.constdata)
    OSDbg_AppHooksEn                         0x08004b16   Data           1  os_dbg.o(.constdata)
    OSDbg_EndiannessTest                     0x08004b18   Data           4  os_dbg.o(.constdata)
    OSDbg_CalledFromISRChkEn                 0x08004b1c   Data           1  os_dbg.o(.constdata)
    OSDbg_FlagEn                             0x08004b1d   Data           1  os_dbg.o(.constdata)
    OSDbg_FlagGrp                            0x08004b20   Data          40  os_dbg.o(.constdata)
    OSDbg_FlagDelEn                          0x08004b48   Data           1  os_dbg.o(.constdata)
    OSDbg_FlagModeClrEn                      0x08004b49   Data           1  os_dbg.o(.constdata)
    OSDbg_FlagPendAbortEn                    0x08004b4a   Data           1  os_dbg.o(.constdata)
    OSDbg_FlagGrpSize                        0x08004b4c   Data           2  os_dbg.o(.constdata)
    OSDbg_FlagWidth                          0x08004b4e   Data           2  os_dbg.o(.constdata)
    OSDbg_IntQ                               0x08004b50   Data           2  os_dbg.o(.constdata)
    OSDbg_ISRPostDeferredEn                  0x08004b52   Data           1  os_dbg.o(.constdata)
    OSDbg_Mem                                0x08004b54   Data          32  os_dbg.o(.constdata)
    OSDbg_MemEn                              0x08004b74   Data           1  os_dbg.o(.constdata)
    OSDbg_MemSize                            0x08004b76   Data           2  os_dbg.o(.constdata)
    OSDbg_MsgEn                              0x08004b78   Data           1  os_dbg.o(.constdata)
    OSDbg_MsgSize                            0x08004b7a   Data           2  os_dbg.o(.constdata)
    OSDbg_MsgPoolSize                        0x08004b7c   Data           2  os_dbg.o(.constdata)
    OSDbg_MsgQSize                           0x08004b7e   Data           2  os_dbg.o(.constdata)
    OSDbg_Mutex                              0x08004b80   Data          48  os_dbg.o(.constdata)
    OSDbg_MutexEn                            0x08004bb0   Data           1  os_dbg.o(.constdata)
    OSDbg_MutexDelEn                         0x08004bb1   Data           1  os_dbg.o(.constdata)
    OSDbg_MutexPendAbortEn                   0x08004bb2   Data           1  os_dbg.o(.constdata)
    OSDbg_MutexSize                          0x08004bb4   Data           2  os_dbg.o(.constdata)
    OSDbg_ObjTypeChkEn                       0x08004bb6   Data           1  os_dbg.o(.constdata)
    OSDbg_PendMultiEn                        0x08004bb7   Data           1  os_dbg.o(.constdata)
    OSDbg_PendDataSize                       0x08004bb8   Data           2  os_dbg.o(.constdata)
    OSDbg_PendListSize                       0x08004bba   Data           2  os_dbg.o(.constdata)
    OSDbg_PendObjSize                        0x08004bbc   Data           2  os_dbg.o(.constdata)
    OSDbg_PrioMax                            0x08004bbe   Data           2  os_dbg.o(.constdata)
    OSDbg_PrioTblSize                        0x08004bc0   Data           2  os_dbg.o(.constdata)
    OSDbg_PtrSize                            0x08004bc2   Data           2  os_dbg.o(.constdata)
    OSDbg_Q                                  0x08004bc4   Data          48  os_dbg.o(.constdata)
    OSDbg_QEn                                0x08004bf4   Data           1  os_dbg.o(.constdata)
    OSDbg_QDelEn                             0x08004bf5   Data           1  os_dbg.o(.constdata)
    OSDbg_QFlushEn                           0x08004bf6   Data           1  os_dbg.o(.constdata)
    OSDbg_QPendAbortEn                       0x08004bf7   Data           1  os_dbg.o(.constdata)
    OSDbg_QSize                              0x08004bf8   Data           2  os_dbg.o(.constdata)
    OSDbg_SchedRoundRobinEn                  0x08004bfa   Data           1  os_dbg.o(.constdata)
    OSDbg_Sem                                0x08004bfc   Data          40  os_dbg.o(.constdata)
    OSDbg_SemEn                              0x08004c24   Data           1  os_dbg.o(.constdata)
    OSDbg_SemDelEn                           0x08004c25   Data           1  os_dbg.o(.constdata)
    OSDbg_SemPendAbortEn                     0x08004c26   Data           1  os_dbg.o(.constdata)
    OSDbg_SemSetEn                           0x08004c27   Data           1  os_dbg.o(.constdata)
    OSDbg_SemSize                            0x08004c28   Data           2  os_dbg.o(.constdata)
    OSDbg_RdyList                            0x08004c2a   Data           2  os_dbg.o(.constdata)
    OSDbg_RdyListSize                        0x08004c2c   Data           4  os_dbg.o(.constdata)
    OSDbg_StkWidth                           0x08004c30   Data           1  os_dbg.o(.constdata)
    OSDbg_StatTaskEn                         0x08004c31   Data           1  os_dbg.o(.constdata)
    OSDbg_StatTaskStkChkEn                   0x08004c32   Data           1  os_dbg.o(.constdata)
    OSDbg_TaskChangePrioEn                   0x08004c33   Data           1  os_dbg.o(.constdata)
    OSDbg_TaskDelEn                          0x08004c34   Data           1  os_dbg.o(.constdata)
    OSDbg_TaskQEn                            0x08004c35   Data           1  os_dbg.o(.constdata)
    OSDbg_TaskQPendAbortEn                   0x08004c36   Data           1  os_dbg.o(.constdata)
    OSDbg_TaskProfileEn                      0x08004c37   Data           1  os_dbg.o(.constdata)
    OSDbg_TaskRegTblSize                     0x08004c38   Data           2  os_dbg.o(.constdata)
    OSDbg_TaskSemPendAbortEn                 0x08004c3a   Data           1  os_dbg.o(.constdata)
    OSDbg_TaskSuspendEn                      0x08004c3b   Data           1  os_dbg.o(.constdata)
    OSDbg_TCBSize                            0x08004c3c   Data           2  os_dbg.o(.constdata)
    OSDbg_TickListSize                       0x08004c3e   Data           2  os_dbg.o(.constdata)
    OSDbg_TimeDlyHMSMEn                      0x08004c40   Data           1  os_dbg.o(.constdata)
    OSDbg_TimeDlyResumeEn                    0x08004c41   Data           1  os_dbg.o(.constdata)
    OSDbg_TLS_TblSize                        0x08004c42   Data           2  os_dbg.o(.constdata)
    OSDbg_Tmr                                0x08004c44   Data          48  os_dbg.o(.constdata)
    OSDbg_TmrEn                              0x08004c74   Data           1  os_dbg.o(.constdata)
    OSDbg_TmrDelEn                           0x08004c75   Data           1  os_dbg.o(.constdata)
    OSDbg_TmrSize                            0x08004c76   Data           2  os_dbg.o(.constdata)
    OSDbg_VersionNbr                         0x08004c78   Data           2  os_dbg.o(.constdata)
    OSDbg_DataSize                           0x08004c7c   Data           4  os_dbg.o(.constdata)
    Region$$Table$$Base                      0x08004c80   Number         0  anon$$obj.o(Region$$Table)
    Region$$Table$$Limit                     0x08004ca0   Number         0  anon$$obj.o(Region$$Table)
    SystemCoreClock                          0x20000000   Data           4  system_stm32f4xx.o(.data)
    AHBPrescTable                            0x20000004   Data          16  system_stm32f4xx.o(.data)
    CPU_TS_TmrFreq_Hz                        0x20000024   Data           4  cpu_core.o(.data)
    OSPrioTbl                                0x20000028   Data           8  os_prio.o(.data)
    OS_AppTaskCreateHookPtr                  0x20000030   Data           4  os_var.o(.data)
    OS_AppTaskDelHookPtr                     0x20000034   Data           4  os_var.o(.data)
    OS_AppTaskReturnHookPtr                  0x20000038   Data           4  os_var.o(.data)
    OS_AppIdleTaskHookPtr                    0x2000003c   Data           4  os_var.o(.data)
    OS_AppStatTaskHookPtr                    0x20000040   Data           4  os_var.o(.data)
    OS_AppTaskSwHookPtr                      0x20000044   Data           4  os_var.o(.data)
    OS_AppTimeTickHookPtr                    0x20000048   Data           4  os_var.o(.data)
    OSIdleTaskCtr                            0x2000004c   Data           4  os_var.o(.data)
    OSIntNestingCtr                          0x20000050   Data           1  os_var.o(.data)
    OSRunning                                0x20000051   Data           1  os_var.o(.data)
    OSFlagDbgListPtr                         0x20000054   Data           4  os_var.o(.data)
    OSFlagQty                                0x20000058   Data           2  os_var.o(.data)
    OSMemDbgListPtr                          0x2000005c   Data           4  os_var.o(.data)
    OSMemQty                                 0x20000060   Data           2  os_var.o(.data)
    OSMutexDbgListPtr                        0x20000064   Data           4  os_var.o(.data)
    OSMutexQty                               0x20000068   Data           2  os_var.o(.data)
    OSPrioCur                                0x2000006a   Data           1  os_var.o(.data)
    OSPrioHighRdy                            0x2000006b   Data           1  os_var.o(.data)
    OSPrioSaved                              0x2000006c   Data           1  os_var.o(.data)
    OSQDbgListPtr                            0x20000070   Data           4  os_var.o(.data)
    OSQQty                                   0x20000074   Data           2  os_var.o(.data)
    OSSchedLockTimeBegin                     0x20000078   Data           4  os_var.o(.data)
    OSSchedLockTimeMax                       0x2000007c   Data           4  os_var.o(.data)
    OSSchedLockTimeMaxCur                    0x20000080   Data           4  os_var.o(.data)
    OSSchedLockNestingCtr                    0x20000084   Data           1  os_var.o(.data)
    OSSemDbgListPtr                          0x20000088   Data           4  os_var.o(.data)
    OSSemQty                                 0x2000008c   Data           2  os_var.o(.data)
    OSStatResetFlag                          0x2000008e   Data           1  os_var.o(.data)
    OSStatTaskCPUUsage                       0x20000090   Data           2  os_var.o(.data)
    OSStatTaskCPUUsageMax                    0x20000092   Data           2  os_var.o(.data)
    OSStatTaskCtr                            0x20000094   Data           4  os_var.o(.data)
    OSStatTaskCtrMax                         0x20000098   Data           4  os_var.o(.data)
    OSStatTaskCtrRun                         0x2000009c   Data           4  os_var.o(.data)
    OSStatTaskRdy                            0x200000a0   Data           1  os_var.o(.data)
    OSStatTaskTimeMax                        0x200000a4   Data           4  os_var.o(.data)
    OSTaskCtxSwCtr                           0x200000a8   Data           4  os_var.o(.data)
    OSTaskDbgListPtr                         0x200000ac   Data           4  os_var.o(.data)
    OSTaskQty                                0x200000b0   Data           2  os_var.o(.data)
    OSTaskRegNextAvailID                     0x200000b2   Data           1  os_var.o(.data)
    OSTickCtr                                0x200000b4   Data           4  os_var.o(.data)
    OSTickTaskTimeMax                        0x200000b8   Data           4  os_var.o(.data)
    OSTickListDly                            0x200000bc   Data           8  os_var.o(.data)
    OSTickListTimeout                        0x200000c4   Data           8  os_var.o(.data)
    OSTmrDbgListPtr                          0x200000cc   Data           4  os_var.o(.data)
    OSTmrListEntries                         0x200000d0   Data           2  os_var.o(.data)
    OSTmrListPtr                             0x200000d4   Data           4  os_var.o(.data)
    OSTmrQty                                 0x200000d8   Data           2  os_var.o(.data)
    OSTmrTaskTimeMax                         0x200000dc   Data           4  os_var.o(.data)
    OSTmrTickCtr                             0x200000e0   Data           4  os_var.o(.data)
    OSTmrUpdateCnt                           0x200000e4   Data           4  os_var.o(.data)
    OSTmrUpdateCtr                           0x200000e8   Data           4  os_var.o(.data)
    OSTCBCurPtr                              0x200000ec   Data           4  os_var.o(.data)
    OSTCBHighRdyPtr                          0x200000f0   Data           4  os_var.o(.data)
    OS_CPU_ExceptStkBase                     0x200000f4   Data           4  os_cpu_c.o(.data)
    __stdout                                 0x200000fc   Data           4  usart.o(.data)
    USART_RX_STA                             0x20000100   Data           2  usart.o(.data)
    max_position                             0x20000108   Data           4  rcs_motor_3508.o(.data)
    g_encoder_speed                          0x2000012c   Data           8  rcs_motor_3508.o(.data)
    g_encoder_speed2                         0x20000154   Data           8  rcs_motor_3508.o(.data)
    StartTaskTCB                             0x20000168   Data         192  main.o(.bss)
    START_TASK_STK                           0x20000228   Data        2048  main.o(.bss)
    ChassisTaskTCB                           0x20000a28   Data         192  main.o(.bss)
    CHASSIS_TASK_STK                         0x20000ae8   Data        1024  main.o(.bss)
    LEDTaskTCB                               0x20000ee8   Data         192  main.o(.bss)
    LED_TASK_STK                             0x20000fa8   Data        1024  main.o(.bss)
    CPU_Name                                 0x200013a8   Data          16  cpu_core.o(.bss)
    OSCfg_IdleTaskStk                        0x200013b8   Data         512  os_cfg_app.o(.bss)
    OSCfg_ISRStk                             0x200015b8   Data         512  os_cfg_app.o(.bss)
    OSCfg_MsgPool                            0x200017b8   Data        1600  os_cfg_app.o(.bss)
    OSCfg_StatTaskStk                        0x20001df8   Data         512  os_cfg_app.o(.bss)
    OSCfg_TickTaskStk                        0x20001ff8   Data         512  os_cfg_app.o(.bss)
    OSCfg_TmrTaskStk                         0x200021f8   Data         512  os_cfg_app.o(.bss)
    OSIdleTaskTCB                            0x200023f8   Data         192  os_var.o(.bss)
    OSMsgPool                                0x200024b8   Data          12  os_var.o(.bss)
    OSRdyList                                0x200024c4   Data         768  os_var.o(.bss)
    OSStatTaskTCB                            0x200027c4   Data         192  os_var.o(.bss)
    OSTickTaskTCB                            0x20002884   Data         192  os_var.o(.bss)
    OSTmrMutex                               0x20002944   Data          48  os_var.o(.bss)
    OSTmrTaskTCB                             0x20002974   Data         192  os_var.o(.bss)
    USART_RX_BUF                             0x20002a34   Data         200  usart.o(.bss)
    g_encoder_float_angle                    0x20002b0c   Data          16  rcs_motor_3508.o(.bss)
    g_encoder_int_angle                      0x20002b1c   Data          16  rcs_motor_3508.o(.bss)
    g_encoder_float_angle2                   0x20002b3c   Data          16  rcs_motor_3508.o(.bss)
    g_encoder_int_angle2                     0x20002b4c   Data          16  rcs_motor_3508.o(.bss)
    sbus_rx_buffer                           0x20002b5c   Data          36  rcs_remote.o(.bss)
    __libspace_start                         0x20002b8c   Data          96  libspace.o(.bss)
    __temporary_stack_top$libspace           0x20002bec   Data           0  libspace.o(.bss)



==============================================================================

Memory Map of the image

  Image Entry point : 0x08000189

  Load Region LR_IROM1 (Base: 0x08000000, Size: 0x00004e08, Max: 0x00100000, ABSOLUTE, COMPRESSED[0x00004cb8])

    Execution Region ER_IROM1 (Exec base: 0x08000000, Load base: 0x08000000, Size: 0x00004ca0, Max: 0x00100000, ABSOLUTE)

    Exec Addr    Load Addr    Size         Type   Attr      Idx    E Section Name        Object

    0x08000000   0x08000000   0x00000188   Data   RO            3    RESET               startup_stm32f40_41xxx.o
    0x08000188   0x08000188   0x00000008   Code   RO         8930  * !!!main             c_w.l(__main.o)
    0x08000190   0x08000190   0x00000034   Code   RO         9416    !!!scatter          c_w.l(__scatter.o)
    0x080001c4   0x080001c4   0x0000005a   Code   RO         9414    !!dczerorl2         c_w.l(__dczerorl2.o)
    0x0800021e   0x0800021e   0x00000002   PAD
    0x08000220   0x08000220   0x0000001c   Code   RO         9418    !!handler_zi        c_w.l(__scatter_zi.o)
    0x0800023c   0x0800023c   0x00000002   Code   RO         9280    .ARM.Collect$$libinit$$00000000  c_w.l(libinit.o)
    0x0800023e   0x0800023e   0x00000004   Code   RO         9298    .ARM.Collect$$libinit$$00000001  c_w.l(libinit2.o)
    0x08000242   0x08000242   0x00000000   Code   RO         9301    .ARM.Collect$$libinit$$00000004  c_w.l(libinit2.o)
    0x08000242   0x08000242   0x00000000   Code   RO         9304    .ARM.Collect$$libinit$$0000000A  c_w.l(libinit2.o)
    0x08000242   0x08000242   0x00000000   Code   RO         9306    .ARM.Collect$$libinit$$0000000C  c_w.l(libinit2.o)
    0x08000242   0x08000242   0x00000000   Code   RO         9308    .ARM.Collect$$libinit$$0000000E  c_w.l(libinit2.o)
    0x08000242   0x08000242   0x00000000   Code   RO         9311    .ARM.Collect$$libinit$$00000011  c_w.l(libinit2.o)
    0x08000242   0x08000242   0x00000000   Code   RO         9313    .ARM.Collect$$libinit$$00000013  c_w.l(libinit2.o)
    0x08000242   0x08000242   0x00000000   Code   RO         9315    .ARM.Collect$$libinit$$00000015  c_w.l(libinit2.o)
    0x08000242   0x08000242   0x00000000   Code   RO         9317    .ARM.Collect$$libinit$$00000017  c_w.l(libinit2.o)
    0x08000242   0x08000242   0x00000000   Code   RO         9319    .ARM.Collect$$libinit$$00000019  c_w.l(libinit2.o)
    0x08000242   0x08000242   0x00000000   Code   RO         9321    .ARM.Collect$$libinit$$0000001B  c_w.l(libinit2.o)
    0x08000242   0x08000242   0x00000000   Code   RO         9323    .ARM.Collect$$libinit$$0000001D  c_w.l(libinit2.o)
    0x08000242   0x08000242   0x00000000   Code   RO         9325    .ARM.Collect$$libinit$$0000001F  c_w.l(libinit2.o)
    0x08000242   0x08000242   0x00000000   Code   RO         9327    .ARM.Collect$$libinit$$00000021  c_w.l(libinit2.o)
    0x08000242   0x08000242   0x00000000   Code   RO         9329    .ARM.Collect$$libinit$$00000023  c_w.l(libinit2.o)
    0x08000242   0x08000242   0x00000000   Code   RO         9331    .ARM.Collect$$libinit$$00000025  c_w.l(libinit2.o)
    0x08000242   0x08000242   0x00000000   Code   RO         9335    .ARM.Collect$$libinit$$0000002C  c_w.l(libinit2.o)
    0x08000242   0x08000242   0x00000000   Code   RO         9337    .ARM.Collect$$libinit$$0000002E  c_w.l(libinit2.o)
    0x08000242   0x08000242   0x00000000   Code   RO         9339    .ARM.Collect$$libinit$$00000030  c_w.l(libinit2.o)
    0x08000242   0x08000242   0x00000000   Code   RO         9341    .ARM.Collect$$libinit$$00000032  c_w.l(libinit2.o)
    0x08000242   0x08000242   0x00000002   Code   RO         9342    .ARM.Collect$$libinit$$00000033  c_w.l(libinit2.o)
    0x08000244   0x08000244   0x00000002   Code   RO         9370    .ARM.Collect$$libshutdown$$00000000  c_w.l(libshutdown.o)
    0x08000246   0x08000246   0x00000000   Code   RO         9397    .ARM.Collect$$libshutdown$$00000002  c_w.l(libshutdown2.o)
    0x08000246   0x08000246   0x00000000   Code   RO         9399    .ARM.Collect$$libshutdown$$00000004  c_w.l(libshutdown2.o)
    0x08000246   0x08000246   0x00000000   Code   RO         9402    .ARM.Collect$$libshutdown$$00000007  c_w.l(libshutdown2.o)
    0x08000246   0x08000246   0x00000000   Code   RO         9405    .ARM.Collect$$libshutdown$$0000000A  c_w.l(libshutdown2.o)
    0x08000246   0x08000246   0x00000000   Code   RO         9407    .ARM.Collect$$libshutdown$$0000000C  c_w.l(libshutdown2.o)
    0x08000246   0x08000246   0x00000000   Code   RO         9410    .ARM.Collect$$libshutdown$$0000000F  c_w.l(libshutdown2.o)
    0x08000246   0x08000246   0x00000002   Code   RO         9411    .ARM.Collect$$libshutdown$$00000010  c_w.l(libshutdown2.o)
    0x08000248   0x08000248   0x00000000   Code   RO         9012    .ARM.Collect$$rtentry$$00000000  c_w.l(__rtentry.o)
    0x08000248   0x08000248   0x00000000   Code   RO         9185    .ARM.Collect$$rtentry$$00000002  c_w.l(__rtentry2.o)
    0x08000248   0x08000248   0x00000006   Code   RO         9197    .ARM.Collect$$rtentry$$00000004  c_w.l(__rtentry4.o)
    0x0800024e   0x0800024e   0x00000000   Code   RO         9187    .ARM.Collect$$rtentry$$00000009  c_w.l(__rtentry2.o)
    0x0800024e   0x0800024e   0x00000004   Code   RO         9188    .ARM.Collect$$rtentry$$0000000A  c_w.l(__rtentry2.o)
    0x08000252   0x08000252   0x00000000   Code   RO         9190    .ARM.Collect$$rtentry$$0000000C  c_w.l(__rtentry2.o)
    0x08000252   0x08000252   0x00000008   Code   RO         9191    .ARM.Collect$$rtentry$$0000000D  c_w.l(__rtentry2.o)
    0x0800025a   0x0800025a   0x00000002   Code   RO         9285    .ARM.Collect$$rtexit$$00000000  c_w.l(rtexit.o)
    0x0800025c   0x0800025c   0x00000000   Code   RO         9346    .ARM.Collect$$rtexit$$00000002  c_w.l(rtexit2.o)
    0x0800025c   0x0800025c   0x00000004   Code   RO         9347    .ARM.Collect$$rtexit$$00000003  c_w.l(rtexit2.o)
    0x08000260   0x08000260   0x00000006   Code   RO         9348    .ARM.Collect$$rtexit$$00000004  c_w.l(rtexit2.o)
    0x08000266   0x08000266   0x00000002   PAD
    0x08000268   0x08000268   0x00000010   Code   RO         7567    .emb_text           sys.o
    0x08000278   0x08000278   0x00000040   Code   RO            4    .text               startup_stm32f40_41xxx.o
    0x080002b8   0x080002b8   0x00000034   Code   RO         5745    .text               cpu_a.o
    0x080002ec   0x080002ec   0x00000002   Code   RO         8918    .text               c_w.l(use_no_semi_2.o)
    0x080002ee   0x080002ee   0x00000006   Code   RO         8928    .text               c_w.l(heapauxi.o)
    0x080002f4   0x080002f4   0x00000002   Code   RO         9010    .text               c_w.l(use_no_semi.o)
    0x080002f6   0x080002f6   0x00000002   PAD
    0x080002f8   0x080002f8   0x00000008   Code   RO         9227    .text               c_w.l(libspace.o)
    0x08000300   0x08000300   0x0000004a   Code   RO         9230    .text               c_w.l(sys_stackheap_outer.o)
    0x0800034a   0x0800034a   0x00000012   Code   RO         9269    .text               c_w.l(exit.o)
    0x0800035c   0x0800035c   0x000000ac   Code   RO         7383    CODE                os_cpu_a.o
    0x08000408   0x08000408   0x0000000e   Code   RO         5549    i.BSP_CPU_ClkFreq   bsp.o
    0x08000416   0x08000416   0x00000004   Code   RO          313    i.BusFault_Handler  stm32f4xx_it.o
    0x0800041a   0x0800041a   0x00000002   PAD
    0x0800041c   0x0800041c   0x000001e8   Code   RO         8580    i.CAN1_RX0_IRQHandler  rcs_motor_3508.o
    0x08000604   0x08000604   0x000001e8   Code   RO         8581    i.CAN2_RX0_IRQHandler  rcs_motor_3508.o
    0x080007ec   0x080007ec   0x00000016   Code   RO          843    i.CAN_FIFORelease   stm32f4xx_can.o
    0x08000802   0x08000802   0x00000002   PAD
    0x08000804   0x08000804   0x00000120   Code   RO          846    i.CAN_GetITStatus   stm32f4xx_can.o
    0x08000924   0x08000924   0x000000f0   Code   RO          854    i.CAN_Receive       stm32f4xx_can.o
    0x08000a14   0x08000a14   0x0000000c   Code   RO         5627    i.CPU_Init          cpu_core.o
    0x08000a20   0x08000a20   0x00000030   Code   RO         5628    i.CPU_NameClr       cpu_core.o
    0x08000a50   0x08000a50   0x00000008   Code   RO         5630    i.CPU_NameInit      cpu_core.o
    0x08000a58   0x08000a58   0x00000014   Code   RO         5634    i.CPU_TS_Init       cpu_core.o
    0x08000a6c   0x08000a6c   0x0000000c   Code   RO         5636    i.CPU_TS_TmrFreqSet  cpu_core.o
    0x08000a78   0x08000a78   0x00000034   Code   RO         5551    i.CPU_TS_TmrInit    bsp.o
    0x08000aac   0x08000aac   0x0000000c   Code   RO         5552    i.CPU_TS_TmrRd      bsp.o
    0x08000ab8   0x08000ab8   0x00000012   Code   RO          862    i.CheckITStatus     stm32f4xx_can.o
    0x08000aca   0x08000aca   0x00000002   PAD
    0x08000acc   0x08000acc   0x00000034   Code   RO         8732    i.DMA1_Stream5_IRQHandler  rcs_remote.o
    0x08000b00   0x08000b00   0x00000034   Code   RO         1617    i.DMA_ClearFlag     stm32f4xx_dma.o
    0x08000b34   0x08000b34   0x00000034   Code   RO         1618    i.DMA_ClearITPendingBit  stm32f4xx_dma.o
    0x08000b68   0x08000b68   0x00000064   Code   RO         1629    i.DMA_GetITStatus   stm32f4xx_dma.o
    0x08000bcc   0x08000bcc   0x00000002   Code   RO          314    i.DebugMon_Handler  stm32f4xx_it.o
    0x08000bce   0x08000bce   0x00000004   Code   RO         2426    i.GPIO_ResetBits    stm32f4xx_gpio.o
    0x08000bd2   0x08000bd2   0x00000004   Code   RO         2427    i.GPIO_SetBits      stm32f4xx_gpio.o
    0x08000bd6   0x08000bd6   0x00000004   Code   RO          315    i.HardFault_Handler  stm32f4xx_it.o
    0x08000bda   0x08000bda   0x00000002   Code   RO           13    i.MainTask_Init     main.o
    0x08000bdc   0x08000bdc   0x00000004   Code   RO          316    i.MemManage_Handler  stm32f4xx_it.o
    0x08000be0   0x08000be0   0x00000012   Code   RO         5937    i.Mem_Clr           lib_mem.o
    0x08000bf2   0x08000bf2   0x00000054   Code   RO         5964    i.Mem_Set           lib_mem.o
    0x08000c46   0x08000c46   0x00000002   Code   RO          317    i.NMI_Handler       stm32f4xx_it.o
    0x08000c48   0x08000c48   0x00000014   Code   RO          519    i.NVIC_PriorityGroupConfig  misc.o
    0x08000c5c   0x08000c5c   0x00000002   Code   RO         6272    i.OSCfg_Init        os_cfg_app.o
    0x08000c5e   0x08000c5e   0x00000002   PAD
    0x08000c60   0x08000c60   0x00000014   Code   RO         7389    i.OSIdleTaskHook    os_cpu_c.o
    0x08000c74   0x08000c74   0x00000164   Code   RO         6315    i.OSInit            os_core.o
    0x08000dd8   0x08000dd8   0x00000028   Code   RO         7390    i.OSInitHook        os_cpu_c.o
    0x08000e00   0x08000e00   0x0000002c   Code   RO         6316    i.OSIntEnter        os_core.o
    0x08000e2c   0x08000e2c   0x000000dc   Code   RO         6317    i.OSIntExit         os_core.o
    0x08000f08   0x08000f08   0x00000070   Code   RO         6712    i.OSMutexCreate     os_mutex.o
    0x08000f78   0x08000f78   0x000001d0   Code   RO         6714    i.OSMutexPend       os_mutex.o
    0x08001148   0x08001148   0x0000018c   Code   RO         6716    i.OSMutexPost       os_mutex.o
    0x080012d4   0x080012d4   0x000000a4   Code   RO         6318    i.OSSched           os_core.o
    0x08001378   0x08001378   0x00000060   Code   RO         6319    i.OSSchedLock       os_core.o
    0x080013d8   0x080013d8   0x00000080   Code   RO         6320    i.OSSchedUnlock     os_core.o
    0x08001458   0x08001458   0x00000068   Code   RO         6321    i.OSStart           os_core.o
    0x080014c0   0x080014c0   0x00000128   Code   RO         6983    i.OSStatReset       os_stat.o
    0x080015e8   0x080015e8   0x000000f0   Code   RO         6984    i.OSStatTaskCPUUsageInit  os_stat.o
    0x080016d8   0x080016d8   0x00000014   Code   RO         7391    i.OSStatTaskHook    os_cpu_c.o
    0x080016ec   0x080016ec   0x00000190   Code   RO         7014    i.OSTaskCreate      os_task.o
    0x0800187c   0x0800187c   0x00000018   Code   RO         7392    i.OSTaskCreateHook  os_cpu_c.o
    0x08001894   0x08001894   0x00000188   Code   RO         7015    i.OSTaskDel         os_task.o
    0x08001a1c   0x08001a1c   0x00000018   Code   RO         7393    i.OSTaskDelHook     os_cpu_c.o
    0x08001a34   0x08001a34   0x00000054   Code   RO         7023    i.OSTaskResume      os_task.o
    0x08001a88   0x08001a88   0x00000018   Code   RO         7394    i.OSTaskReturnHook  os_cpu_c.o
    0x08001aa0   0x08001aa0   0x000001c8   Code   RO         7024    i.OSTaskSemPend     os_task.o
    0x08001c68   0x08001c68   0x0000003e   Code   RO         7026    i.OSTaskSemPost     os_task.o
    0x08001ca6   0x08001ca6   0x00000002   PAD
    0x08001ca8   0x08001ca8   0x000000c0   Code   RO         7028    i.OSTaskStkChk      os_task.o
    0x08001d68   0x08001d68   0x0000025c   Code   RO         7395    i.OSTaskStkInit     os_cpu_c.o
    0x08001fc4   0x08001fc4   0x00000024   Code   RO         7029    i.OSTaskSuspend     os_task.o
    0x08001fe8   0x08001fe8   0x00000088   Code   RO         7396    i.OSTaskSwHook      os_cpu_c.o
    0x08002070   0x08002070   0x000000a4   Code   RO         7233    i.OSTimeDly         os_time.o
    0x08002114   0x08002114   0x00000044   Code   RO         7238    i.OSTimeTick        os_time.o
    0x08002158   0x08002158   0x00000014   Code   RO         7397    i.OSTimeTickHook    os_cpu_c.o
    0x0800216c   0x0800216c   0x00000030   Code   RO         7399    i.OS_CPU_SysTickInit  os_cpu_c.o
    0x0800219c   0x0800219c   0x000001a8   Code   RO         6535    i.OS_Dbg_Init       os_dbg.o
    0x08002344   0x08002344   0x00000018   Code   RO         6560    i.OS_FlagInit       os_flag.o
    0x0800235c   0x0800235c   0x00000044   Code   RO         6323    i.OS_IdleTask       os_core.o
    0x080023a0   0x080023a0   0x00000070   Code   RO         6324    i.OS_IdleTaskInit   os_core.o
    0x08002410   0x08002410   0x00000018   Code   RO         6644    i.OS_MemInit        os_mem.o
    0x08002428   0x08002428   0x0000007c   Code   RO         6676    i.OS_MsgPoolInit    os_msg.o
    0x080024a4   0x080024a4   0x00000044   Code   RO         6677    i.OS_MsgQFreeAll    os_msg.o
    0x080024e8   0x080024e8   0x0000000e   Code   RO         6679    i.OS_MsgQInit       os_msg.o
    0x080024f6   0x080024f6   0x00000002   PAD
    0x080024f8   0x080024f8   0x00000030   Code   RO         6718    i.OS_MutexDbgListAdd  os_mutex.o
    0x08002528   0x08002528   0x00000008   Code   RO         6720    i.OS_MutexGrpAdd    os_mutex.o
    0x08002530   0x08002530   0x00000060   Code   RO         6721    i.OS_MutexGrpPostAll  os_mutex.o
    0x08002590   0x08002590   0x0000002c   Code   RO         6722    i.OS_MutexGrpPrioFindHighest  os_mutex.o
    0x080025bc   0x080025bc   0x0000001c   Code   RO         6723    i.OS_MutexGrpRemove  os_mutex.o
    0x080025d8   0x080025d8   0x00000018   Code   RO         6724    i.OS_MutexInit      os_mutex.o
    0x080025f0   0x080025f0   0x00000068   Code   RO         6325    i.OS_Pend           os_core.o
    0x08002658   0x08002658   0x00000028   Code   RO         6328    i.OS_PendDataInit   os_core.o
    0x08002680   0x08002680   0x0000005c   Code   RO         6329    i.OS_PendDbgNameAdd  os_core.o
    0x080026dc   0x080026dc   0x00000024   Code   RO         6330    i.OS_PendDbgNameRemove  os_core.o
    0x08002700   0x08002700   0x0000003a   Code   RO         6331    i.OS_PendListChangePrio  os_core.o
    0x0800273a   0x0800273a   0x0000000a   Code   RO         6332    i.OS_PendListInit   os_core.o
    0x08002744   0x08002744   0x00000066   Code   RO         6334    i.OS_PendListInsertPrio  os_core.o
    0x080027aa   0x080027aa   0x00000034   Code   RO         6335    i.OS_PendListRemove  os_core.o
    0x080027de   0x080027de   0x00000042   Code   RO         6336    i.OS_PendListRemove1  os_core.o
    0x08002820   0x08002820   0x000000d6   Code   RO         6339    i.OS_Post           os_core.o
    0x080028f6   0x080028f6   0x0000002c   Code   RO         6340    i.OS_Post1          os_core.o
    0x08002922   0x08002922   0x00000002   PAD
    0x08002924   0x08002924   0x00000028   Code   RO         6802    i.OS_PrioGetHighest  os_prio.o
    0x0800294c   0x0800294c   0x00000018   Code   RO         6803    i.OS_PrioInit       os_prio.o
    0x08002964   0x08002964   0x00000024   Code   RO         6804    i.OS_PrioInsert     os_prio.o
    0x08002988   0x08002988   0x00000024   Code   RO         6805    i.OS_PrioRemove     os_prio.o
    0x080029ac   0x080029ac   0x00000018   Code   RO         6848    i.OS_QInit          os_q.o
    0x080029c4   0x080029c4   0x00000024   Code   RO         6341    i.OS_RdyListInit    os_core.o
    0x080029e8   0x080029e8   0x0000002c   Code   RO         6342    i.OS_RdyListInsert  os_core.o
    0x08002a14   0x08002a14   0x00000040   Code   RO         6343    i.OS_RdyListInsertHead  os_core.o
    0x08002a54   0x08002a54   0x0000003c   Code   RO         6344    i.OS_RdyListInsertTail  os_core.o
    0x08002a90   0x08002a90   0x0000005c   Code   RO         6346    i.OS_RdyListRemove  os_core.o
    0x08002aec   0x08002aec   0x0000001c   Code   RO         6347    i.OS_SchedLockTimeMeasStart  os_core.o
    0x08002b08   0x08002b08   0x0000003c   Code   RO         6348    i.OS_SchedLockTimeMeasStop  os_core.o
    0x08002b44   0x08002b44   0x00000018   Code   RO         6920    i.OS_SemInit        os_sem.o
    0x08002b5c   0x08002b5c   0x000002e8   Code   RO         6985    i.OS_StatTask       os_stat.o
    0x08002e44   0x08002e44   0x000000cc   Code   RO         6986    i.OS_StatTaskInit   os_stat.o
    0x08002f10   0x08002f10   0x0000002c   Code   RO         6349    i.OS_TaskBlock      os_core.o
    0x08002f3c   0x08002f3c   0x000000ec   Code   RO         7030    i.OS_TaskChangePrio  os_task.o
    0x08003028   0x08003028   0x00000030   Code   RO         7031    i.OS_TaskDbgListAdd  os_task.o
    0x08003058   0x08003058   0x00000044   Code   RO         7032    i.OS_TaskDbgListRemove  os_task.o
    0x0800309c   0x0800309c   0x00000020   Code   RO         7033    i.OS_TaskInit       os_task.o
    0x080030bc   0x080030bc   0x000000bc   Code   RO         7034    i.OS_TaskInitTCB    os_task.o
    0x08003178   0x08003178   0x00000100   Code   RO         7036    i.OS_TaskResume     os_task.o
    0x08003278   0x08003278   0x00000018   Code   RO         7037    i.OS_TaskReturn     os_task.o
    0x08003290   0x08003290   0x000001c4   Code   RO         7038    i.OS_TaskSemPost    os_task.o
    0x08003454   0x08003454   0x00000118   Code   RO         7039    i.OS_TaskSuspend    os_task.o
    0x0800356c   0x0800356c   0x00000086   Code   RO         7181    i.OS_TickListInsert  os_tick.o
    0x080035f2   0x080035f2   0x00000002   PAD
    0x080035f4   0x080035f4   0x000000bc   Code   RO         7182    i.OS_TickListInsertDly  os_tick.o
    0x080036b0   0x080036b0   0x00000058   Code   RO         7183    i.OS_TickListRemove  os_tick.o
    0x08003708   0x08003708   0x00000002   Code   RO         7184    i.OS_TickListResetPeak  os_tick.o
    0x0800370a   0x0800370a   0x00000002   PAD
    0x0800370c   0x0800370c   0x00000098   Code   RO         7185    i.OS_TickListUpdateDly  os_tick.o
    0x080037a4   0x080037a4   0x00000114   Code   RO         7186    i.OS_TickListUpdateTimeout  os_tick.o
    0x080038b8   0x080038b8   0x00000064   Code   RO         7187    i.OS_TickTask       os_tick.o
    0x0800391c   0x0800391c   0x000000c8   Code   RO         7188    i.OS_TickTaskInit   os_tick.o
    0x080039e4   0x080039e4   0x00000134   Code   RO         7284    i.OS_TmrInit        os_tmr.o
    0x08003b18   0x08003b18   0x00000018   Code   RO         7285    i.OS_TmrLock        os_tmr.o
    0x08003b30   0x08003b30   0x00000002   Code   RO         7286    i.OS_TmrResetPeak   os_tmr.o
    0x08003b32   0x08003b32   0x00000002   PAD
    0x08003b34   0x08003b34   0x00000094   Code   RO         7287    i.OS_TmrTask        os_tmr.o
    0x08003bc8   0x08003bc8   0x00000044   Code   RO         7288    i.OS_TmrUnlink      os_tmr.o
    0x08003c0c   0x08003c0c   0x00000014   Code   RO         7289    i.OS_TmrUnlock      os_tmr.o
    0x08003c20   0x08003c20   0x000000e8   Code   RO         3366    i.RCC_GetClocksFreq  stm32f4xx_rcc.o
    0x08003d08   0x08003d08   0x00000010   Code   RO         7960    i.RCS_GPIO_Reset    rcs_gpio.o
    0x08003d18   0x08003d18   0x00000010   Code   RO         7961    i.RCS_GPIO_Set      rcs_gpio.o
    0x08003d28   0x08003d28   0x000000a8   Code   RO         8737    i.RemoteDataProcess  rcs_remote.o
    0x08003dd0   0x08003dd0   0x00000002   Code   RO          318    i.SVC_Handler       stm32f4xx_it.o
    0x08003dd2   0x08003dd2   0x00000002   PAD
    0x08003dd4   0x08003dd4   0x000000ec   Code   RO          477    i.SetSysClock       system_stm32f4xx.o
    0x08003ec0   0x08003ec0   0x00000028   Code   RO          522    i.SysTick_CLKSourceConfig  misc.o
    0x08003ee8   0x08003ee8   0x0000001c   Code   RO         7592    i.SysTick_Handler   delay.o
    0x08003f04   0x08003f04   0x00000068   Code   RO          479    i.SystemInit        system_stm32f4xx.o
    0x08003f6c   0x08003f6c   0x00000040   Code   RO         8319    i.TIM2_IRQHandler   rcs_timer.o
    0x08003fac   0x08003fac   0x00000010   Code   RO         8320    i.TIM3_IRQHandler   rcs_timer.o
    0x08003fbc   0x08003fbc   0x00000010   Code   RO         8321    i.TIM4_IRQHandler   rcs_timer.o
    0x08003fcc   0x08003fcc   0x00000006   Code   RO         4736    i.TIM_ClearITPendingBit  stm32f4xx_tim.o
    0x08003fd2   0x08003fd2   0x00000002   PAD
    0x08003fd4   0x08003fd4   0x00000090   Code   RO         7660    i.USART1_IRQHandler  usart.o
    0x08004064   0x08004064   0x00000054   Code   RO         5299    i.USART_GetITStatus  stm32f4xx_usart.o
    0x080040b8   0x080040b8   0x0000000a   Code   RO         5309    i.USART_ReceiveData  stm32f4xx_usart.o
    0x080040c2   0x080040c2   0x00000004   Code   RO          319    i.UsageFault_Handler  stm32f4xx_it.o
    0x080040c6   0x080040c6   0x00000004   Code   RO         7661    i._sys_exit         usart.o
    0x080040ca   0x080040ca   0x0000000c   Code   RO           14    i.chassis_task      main.o
    0x080040d6   0x080040d6   0x00000002   PAD
    0x080040d8   0x080040d8   0x00000070   Code   RO         7593    i.delay_init        delay.o
    0x08004148   0x08004148   0x00000050   Code   RO         7594    i.delay_ms          delay.o
    0x08004198   0x08004198   0x0000000a   Code   RO         7595    i.delay_osschedlock  delay.o
    0x080041a2   0x080041a2   0x0000000a   Code   RO         7596    i.delay_osschedunlock  delay.o
    0x080041ac   0x080041ac   0x00000010   Code   RO         7597    i.delay_ostimedly   delay.o
    0x080041bc   0x080041bc   0x00000058   Code   RO         7598    i.delay_us          delay.o
    0x08004214   0x08004214   0x0000000e   Code   RO           15    i.led_task          main.o
    0x08004222   0x08004222   0x00000002   PAD
    0x08004224   0x08004224   0x000000a8   Code   RO           16    i.main              main.o
    0x080042cc   0x080042cc   0x000000e4   Code   RO           17    i.start_task        main.o
    0x080043b0   0x080043b0   0x00000062   Code   RO         8932    x$fpl$d2f           fz_wm.l(d2f.o)
    0x08004412   0x08004412   0x00000002   PAD
    0x08004414   0x08004414   0x00000150   Code   RO         8934    x$fpl$dadd          fz_wm.l(daddsub_clz.o)
    0x08004564   0x08004564   0x0000002e   Code   RO         8949    x$fpl$dflt          fz_wm.l(dflt_clz.o)
    0x08004592   0x08004592   0x00000026   Code   RO         8948    x$fpl$dfltu         fz_wm.l(dflt_clz.o)
    0x080045b8   0x080045b8   0x00000154   Code   RO         8956    x$fpl$dmul          fz_wm.l(dmul.o)
    0x0800470c   0x0800470c   0x0000009c   Code   RO         9114    x$fpl$dnaninf       fz_wm.l(dnaninf.o)
    0x080047a8   0x080047a8   0x0000000c   Code   RO         9116    x$fpl$dretinf       fz_wm.l(dretinf.o)
    0x080047b4   0x080047b4   0x000001d4   Code   RO         8936    x$fpl$dsub          fz_wm.l(daddsub_clz.o)
    0x08004988   0x08004988   0x00000056   Code   RO         8958    x$fpl$f2d           fz_wm.l(f2d.o)
    0x080049de   0x080049de   0x0000008c   Code   RO         9122    x$fpl$fnaninf       fz_wm.l(fnaninf.o)
    0x08004a6a   0x08004a6a   0x0000000a   Code   RO         9358    x$fpl$fpinit        fz_wm.l(fpinit.o)
    0x08004a74   0x08004a74   0x0000000a   Code   RO         9124    x$fpl$fretinf       fz_wm.l(fretinf.o)
    0x08004a7e   0x08004a7e   0x00000000   Code   RO         9130    x$fpl$usenofp       fz_wm.l(usenofp.o)
    0x08004a7e   0x08004a7e   0x00000002   PAD
    0x08004a80   0x08004a80   0x00000094   Data   RO         6274    .constdata          os_cfg_app.o
    0x08004b14   0x08004b14   0x0000016c   Data   RO         6536    .constdata          os_dbg.o
    0x08004c80   0x08004c80   0x00000020   Data   RO         9412    Region$$Table       anon$$obj.o


    Execution Region RW_IRAM1 (Exec base: 0x20000000, Load base: 0x08004ca0, Size: 0x000031f0, Max: 0x00020000, ABSOLUTE, COMPRESSED[0x00000018])

    Exec Addr    Load Addr    Size         Type   Attr      Idx    E Section Name        Object

    0x20000000   COMPRESSED   0x00000014   Data   RW          480    .data               system_stm32f4xx.o
    0x20000014   COMPRESSED   0x00000010   Data   RW         3398    .data               stm32f4xx_rcc.o
    0x20000024   COMPRESSED   0x00000004   Data   RW         5640    .data               cpu_core.o
    0x20000028   COMPRESSED   0x00000008   Data   RW         6806    .data               os_prio.o
    0x20000030   COMPRESSED   0x000000c4   Data   RW         7370    .data               os_var.o
    0x200000f4   COMPRESSED   0x00000004   Data   RW         7400    .data               os_cpu_c.o
    0x200000f8   COMPRESSED   0x00000004   Data   RW         7599    .data               delay.o
    0x200000fc   COMPRESSED   0x00000006   Data   RW         7665    .data               usart.o
    0x20000102   COMPRESSED   0x00000002   PAD
    0x20000104   COMPRESSED   0x00000004   Data   RW         8322    .data               rcs_timer.o
    0x20000108   COMPRESSED   0x00000054   Data   RW         8593    .data               rcs_motor_3508.o
    0x2000015c   COMPRESSED   0x0000000a   Data   RW         8739    .data               rcs_remote.o
    0x20000166   COMPRESSED   0x00000002   PAD
    0x20000168        -       0x00001240   Zero   RW           18    .bss                main.o
    0x200013a8        -       0x00000010   Zero   RW         5638    .bss                cpu_core.o
    0x200013b8        -       0x00001040   Zero   RW         6273    .bss                os_cfg_app.o
    0x200023f8        -       0x0000063c   Zero   RW         7369    .bss                os_var.o
    0x20002a34        -       0x000000c8   Zero   RW         7664    .bss                usart.o
    0x20002afc        -       0x00000060   Zero   RW         8592    .bss                rcs_motor_3508.o
    0x20002b5c        -       0x0000002e   Zero   RW         8738    .bss                rcs_remote.o
    0x20002b8a   COMPRESSED   0x00000002   PAD
    0x20002b8c        -       0x00000060   Zero   RW         9228    .bss                c_w.l(libspace.o)
    0x20002bec   COMPRESSED   0x00000004   PAD
    0x20002bf0        -       0x00000200   Zero   RW            2    HEAP                startup_stm32f40_41xxx.o
    0x20002df0        -       0x00000400   Zero   RW            1    STACK               startup_stm32f40_41xxx.o


==============================================================================

Image component sizes


      Code (inc. data)   RO Data    RW Data    ZI Data      Debug   Object Name

        78         14          0          0          0      21651   bsp.o
        52          0          0          0          0        296   cpu_a.o
       100         18          0          4         16       4217   cpu_core.o
       344         40          0          4          0       3769   delay.o
       102          0          0          0          0      12708   lib_mem.o
       424         90          0          0       4672      35675   main.o
        60         10          0          0          0     245873   misc.o
         2          0        148          0       4160      28860   os_cfg_app.o
      2538        352          0          0          0      35656   os_core.o
       172         32          0          0          0        364   os_cpu_a.o
       960         60          0          4          0      25403   os_cpu_c.o
       424        278        364          0          0       4645   os_dbg.o
        24         10          0          0          0        810   os_flag.o
        24         10          0          0          0        809   os_mem.o
       206         20          0          0          0       2244   os_msg.o
      1220         56          0          0          0       6911   os_mutex.o
       136         16          0          8          0       2698   os_prio.o
        24         10          0          0          0        803   os_q.o
        24         10          0          0          0        801   os_sem.o
      1484        190          0          0          0       3815   os_stat.o
      3206        164          0          0          0      13393   os_task.o
      1140         88          0          0          0       6126   os_tick.o
       232         26          0          0          0       1573   os_time.o
       570        142          0          0          0       3851   os_tmr.o
         0          0          0        196       1596      17792   os_var.o
        32          0          0          0          0       1440   rcs_gpio.o
       976        108          0         84         96       3002   rcs_motor_3508.o
       220         28          0         10         46       2750   rcs_remote.o
         0          0          0          0          0     244948   rcs_spi.o
        96         16          0          4          0       1514   rcs_timer.o
        64         26        392          0       1536        836   startup_stm32f40_41xxx.o
       568          4          0          0          0       3274   stm32f4xx_can.o
       204         46          0          0          0       3074   stm32f4xx_dma.o
         8          0          0          0          0       1332   stm32f4xx_gpio.o
        22          0          0          0          0      63543   stm32f4xx_it.o
       232         18          0         16          0       2772   stm32f4xx_rcc.o
         6          0          0          0          0       1048   stm32f4xx_tim.o
        94          0          0          0          0       1872   stm32f4xx_usart.o
        16          0          0          0          0        448   sys.o
       340         32          0         20          0       1661   system_stm32f4xx.o
       148         14          0          6        200       2764   usart.o

    ----------------------------------------------------------------------
     16600       1928        936        360      12324     817021   Object Totals
         0          0         32          0          0          0   (incl. Generated)
        28          0          0          4          2          0   (incl. Padding)

    ----------------------------------------------------------------------

      Code (inc. data)   RO Data    RW Data    ZI Data      Debug   Library Member Name

        90          0          0          0          0          0   __dczerorl2.o
         8          0          0          0          0         68   __main.o
         0          0          0          0          0          0   __rtentry.o
        12          0          0          0          0          0   __rtentry2.o
         6          0          0          0          0          0   __rtentry4.o
        52          8          0          0          0          0   __scatter.o
        28          0          0          0          0          0   __scatter_zi.o
        18          0          0          0          0         80   exit.o
         6          0          0          0          0        152   heapauxi.o
         2          0          0          0          0          0   libinit.o
         6          0          0          0          0          0   libinit2.o
         2          0          0          0          0          0   libshutdown.o
         2          0          0          0          0          0   libshutdown2.o
         8          4          0          0         96         68   libspace.o
         2          0          0          0          0          0   rtexit.o
        10          0          0          0          0          0   rtexit2.o
        74          0          0          0          0         80   sys_stackheap_outer.o
         2          0          0          0          0         68   use_no_semi.o
         2          0          0          0          0         68   use_no_semi_2.o
        98          4          0          0          0        140   d2f.o
       804         16          0          0          0        368   daddsub_clz.o
        84          0          0          0          0        232   dflt_clz.o
       340         12          0          0          0        152   dmul.o
       156          4          0          0          0        140   dnaninf.o
        12          0          0          0          0        116   dretinf.o
        86          4          0          0          0        132   f2d.o
       140          4          0          0          0        132   fnaninf.o
        10          0          0          0          0        116   fpinit.o
        10          0          0          0          0        116   fretinf.o
         0          0          0          0          0          0   usenofp.o

    ----------------------------------------------------------------------
      2080         56          0          0        100       2228   Library Totals
        10          0          0          0          4          0   (incl. Padding)

    ----------------------------------------------------------------------

      Code (inc. data)   RO Data    RW Data    ZI Data      Debug   Library Name

       330         12          0          0         96        584   c_w.l
      1740         44          0          0          0       1644   fz_wm.l

    ----------------------------------------------------------------------
      2080         56          0          0        100       2228   Library Totals

    ----------------------------------------------------------------------

==============================================================================


      Code (inc. data)   RO Data    RW Data    ZI Data      Debug   

     18680       1984        936        360      12424     803193   Grand Totals
     18680       1984        936         24      12424     803193   ELF Image Totals (compressed)
     18680       1984        936         24          0          0   ROM Totals

==============================================================================

    Total RO  Size (Code + RO Data)                19616 (  19.16kB)
    Total RW  Size (RW Data + ZI Data)             12784 (  12.48kB)
    Total ROM Size (Code + RO Data + RW Data)      19640 (  19.18kB)

==============================================================================

